Archive member included to satisfy reference by file (symbol)

d:/mounriver/mounriver_studio/toolchain/risc-v embedded gcc/bin/../lib/gcc/riscv-none-embed/8.2.0/../../../../riscv-none-embed/lib/rv32imac/ilp32\libm.a(lib_a-s_cos.o)
                              ./CODE/mecanum_chassis.o (cos)
d:/mounriver/mounriver_studio/toolchain/risc-v embedded gcc/bin/../lib/gcc/riscv-none-embed/8.2.0/../../../../riscv-none-embed/lib/rv32imac/ilp32\libm.a(lib_a-s_sin.o)
                              ./CODE/mecanum_chassis.o (sin)
d:/mounriver/mounriver_studio/toolchain/risc-v embedded gcc/bin/../lib/gcc/riscv-none-embed/8.2.0/../../../../riscv-none-embed/lib/rv32imac/ilp32\libm.a(lib_a-w_pow.o)
                              ./CODE/mecanum_chassis.o (pow)
d:/mounriver/mounriver_studio/toolchain/risc-v embedded gcc/bin/../lib/gcc/riscv-none-embed/8.2.0/../../../../riscv-none-embed/lib/rv32imac/ilp32\libm.a(lib_a-w_sqrt.o)
                              ./CODE/mecanum_chassis.o (sqrt)
d:/mounriver/mounriver_studio/toolchain/risc-v embedded gcc/bin/../lib/gcc/riscv-none-embed/8.2.0/../../../../riscv-none-embed/lib/rv32imac/ilp32\libm.a(lib_a-wf_atan2.o)
                              ./CODE/mecanum_chassis.o (atan2f)
d:/mounriver/mounriver_studio/toolchain/risc-v embedded gcc/bin/../lib/gcc/riscv-none-embed/8.2.0/../../../../riscv-none-embed/lib/rv32imac/ilp32\libm.a(lib_a-e_pow.o)
                              d:/mounriver/mounriver_studio/toolchain/risc-v embedded gcc/bin/../lib/gcc/riscv-none-embed/8.2.0/../../../../riscv-none-embed/lib/rv32imac/ilp32\libm.a(lib_a-w_pow.o) (__ieee754_pow)
d:/mounriver/mounriver_studio/toolchain/risc-v embedded gcc/bin/../lib/gcc/riscv-none-embed/8.2.0/../../../../riscv-none-embed/lib/rv32imac/ilp32\libm.a(lib_a-e_rem_pio2.o)
                              d:/mounriver/mounriver_studio/toolchain/risc-v embedded gcc/bin/../lib/gcc/riscv-none-embed/8.2.0/../../../../riscv-none-embed/lib/rv32imac/ilp32\libm.a(lib_a-s_cos.o) (__ieee754_rem_pio2)
d:/mounriver/mounriver_studio/toolchain/risc-v embedded gcc/bin/../lib/gcc/riscv-none-embed/8.2.0/../../../../riscv-none-embed/lib/rv32imac/ilp32\libm.a(lib_a-e_sqrt.o)
                              d:/mounriver/mounriver_studio/toolchain/risc-v embedded gcc/bin/../lib/gcc/riscv-none-embed/8.2.0/../../../../riscv-none-embed/lib/rv32imac/ilp32\libm.a(lib_a-w_sqrt.o) (__ieee754_sqrt)
d:/mounriver/mounriver_studio/toolchain/risc-v embedded gcc/bin/../lib/gcc/riscv-none-embed/8.2.0/../../../../riscv-none-embed/lib/rv32imac/ilp32\libm.a(lib_a-ef_atan2.o)
                              d:/mounriver/mounriver_studio/toolchain/risc-v embedded gcc/bin/../lib/gcc/riscv-none-embed/8.2.0/../../../../riscv-none-embed/lib/rv32imac/ilp32\libm.a(lib_a-wf_atan2.o) (__ieee754_atan2f)
d:/mounriver/mounriver_studio/toolchain/risc-v embedded gcc/bin/../lib/gcc/riscv-none-embed/8.2.0/../../../../riscv-none-embed/lib/rv32imac/ilp32\libm.a(lib_a-k_cos.o)
                              d:/mounriver/mounriver_studio/toolchain/risc-v embedded gcc/bin/../lib/gcc/riscv-none-embed/8.2.0/../../../../riscv-none-embed/lib/rv32imac/ilp32\libm.a(lib_a-s_cos.o) (__kernel_cos)
d:/mounriver/mounriver_studio/toolchain/risc-v embedded gcc/bin/../lib/gcc/riscv-none-embed/8.2.0/../../../../riscv-none-embed/lib/rv32imac/ilp32\libm.a(lib_a-k_rem_pio2.o)
                              d:/mounriver/mounriver_studio/toolchain/risc-v embedded gcc/bin/../lib/gcc/riscv-none-embed/8.2.0/../../../../riscv-none-embed/lib/rv32imac/ilp32\libm.a(lib_a-e_rem_pio2.o) (__kernel_rem_pio2)
d:/mounriver/mounriver_studio/toolchain/risc-v embedded gcc/bin/../lib/gcc/riscv-none-embed/8.2.0/../../../../riscv-none-embed/lib/rv32imac/ilp32\libm.a(lib_a-k_sin.o)
                              d:/mounriver/mounriver_studio/toolchain/risc-v embedded gcc/bin/../lib/gcc/riscv-none-embed/8.2.0/../../../../riscv-none-embed/lib/rv32imac/ilp32\libm.a(lib_a-s_cos.o) (__kernel_sin)
d:/mounriver/mounriver_studio/toolchain/risc-v embedded gcc/bin/../lib/gcc/riscv-none-embed/8.2.0/../../../../riscv-none-embed/lib/rv32imac/ilp32\libm.a(lib_a-s_fabs.o)
                              d:/mounriver/mounriver_studio/toolchain/risc-v embedded gcc/bin/../lib/gcc/riscv-none-embed/8.2.0/../../../../riscv-none-embed/lib/rv32imac/ilp32\libm.a(lib_a-e_pow.o) (fabs)
d:/mounriver/mounriver_studio/toolchain/risc-v embedded gcc/bin/../lib/gcc/riscv-none-embed/8.2.0/../../../../riscv-none-embed/lib/rv32imac/ilp32\libm.a(lib_a-s_finite.o)
                              d:/mounriver/mounriver_studio/toolchain/risc-v embedded gcc/bin/../lib/gcc/riscv-none-embed/8.2.0/../../../../riscv-none-embed/lib/rv32imac/ilp32\libm.a(lib_a-w_pow.o) (finite)
d:/mounriver/mounriver_studio/toolchain/risc-v embedded gcc/bin/../lib/gcc/riscv-none-embed/8.2.0/../../../../riscv-none-embed/lib/rv32imac/ilp32\libm.a(lib_a-s_floor.o)
[...]
Memory Configuration

Name             Origin             Length             Attributes
FLASH            0x0000000000000000 0x0000000000010000 xr
RAM              0x0000000020000000 0x0000000000005000 xrw
*default*        0x0000000000000000 0xffffffffffffffff

Linker script and memory map

LOAD ./USER/isr.o
LOAD ./USER/main.o
LOAD ./Libraries/wch_libraries/Startup/startup_ch32v10x.o
LOAD ./Libraries/wch_libraries/Peripheral/ch32v10x_adc.o
LOAD ./Libraries/wch_libraries/Peripheral/ch32v10x_bkp.o
LOAD ./Libraries/wch_libraries/Peripheral/ch32v10x_crc.o
LOAD ./Libraries/wch_libraries/Peripheral/ch32v10x_dbgmcu.o
LOAD ./Libraries/wch_libraries/Peripheral/ch32v10x_dma.o
LOAD ./Libraries/wch_libraries/Peripheral/ch32v10x_exti.o
LOAD ./Libraries/wch_libraries/Peripheral/ch32v10x_flash.o
LOAD ./Libraries/wch_libraries/Peripheral/ch32v10x_gpio.o
LOAD ./Libraries/wch_libraries/Peripheral/ch32v10x_i2c.o
LOAD ./Libraries/wch_libraries/Peripheral/ch32v10x_iwdg.o
LOAD ./Libraries/wch_libraries/Peripheral/ch32v10x_misc.o
LOAD ./Libraries/wch_libraries/Peripheral/ch32v10x_pwr.o
LOAD ./Libraries/wch_libraries/Peripheral/ch32v10x_rcc.o
LOAD ./Libraries/wch_libraries/Peripheral/ch32v10x_rtc.o
LOAD ./Libraries/wch_libraries/Peripheral/ch32v10x_spi.o
LOAD ./Libraries/wch_libraries/Peripheral/ch32v10x_tim.o
LOAD ./Libraries/wch_libraries/Peripheral/ch32v10x_usart.o
LOAD ./Libraries/wch_libraries/Peripheral/ch32v10x_usb.o
LOAD ./Libraries/wch_libraries/Peripheral/ch32v10x_usb_host.o
LOAD ./Libraries/wch_libraries/Peripheral/ch32v10x_wwdg.o
LOAD ./Libraries/wch_libraries/Core/core_riscv.o
LOAD ./Libraries/seekfree_peripheral/SEEKFREE_18TFT.o
LOAD ./Libraries/seekfree_peripheral/SEEKFREE_ABSOLUTE_ENCODER.o
LOAD ./Libraries/seekfree_peripheral/SEEKFREE_FONT.o
LOAD ./Libraries/seekfree_peripheral/SEEKFREE_ICM20602.o
LOAD ./Libraries/seekfree_peripheral/SEEKFREE_IIC.o
LOAD ./Libraries/seekfree_peripheral/SEEKFREE_IPS114_SPI.o
LOAD ./Libraries/seekfree_peripheral/SEEKFREE_MPU6050.o
LOAD ./Libraries/seekfree_peripheral/SEEKFREE_MT9V03X.o
LOAD ./Libraries/seekfree_peripheral/SEEKFREE_OLED.o
LOAD ./Libraries/seekfree_peripheral/SEEKFREE_PRINTF.o
LOAD ./Libraries/seekfree_peripheral/SEEKFREE_TSL1401.o
LOAD ./Libraries/seekfree_peripheral/SEEKFREE_UART_7725.o
LOAD ./Libraries/seekfree_peripheral/SEEKFREE_VIRSCO.o
LOAD ./Libraries/seekfree_peripheral/SEEKFREE_WIRELESS.o
LOAD ./Libraries/seekfree_libraries/common.o
LOAD ./Libraries/seekfree_libraries/misc.o
LOAD ./Libraries/seekfree_libraries/zf_adc.o
LOAD ./Libraries/seekfree_libraries/zf_camera.o
LOAD ./Libraries/seekfree_libraries/zf_flash.o
LOAD ./Libraries/seekfree_libraries/zf_gpio.o
LOAD ./Libraries/seekfree_libraries/zf_nvic.o
LOAD ./Libraries/seekfree_libraries/zf_pit.o
LOAD ./Libraries/seekfree_libraries/zf_pwm.o
LOAD ./Libraries/seekfree_libraries/zf_qtimer.o
LOAD ./Libraries/seekfree_libraries/zf_spi.o
LOAD ./Libraries/seekfree_libraries/zf_systick.o
LOAD ./Libraries/seekfree_libraries/zf_uart.o
LOAD ./Libraries/board/board.o
LOAD ./Libraries/board/clock_config.o
LOAD ./CODE/button.o
LOAD ./CODE/buzzer.o
LOAD ./CODE/cmd.o
LOAD ./CODE/display.o
LOAD ./CODE/elec.o
LOAD ./CODE/encoder.o
LOAD ./CODE/mecanum_chassis.o
LOAD ./CODE/motor.o
LOAD ./CODE/pid.o
LOAD ./CODE/sci_compute.o
LOAD ./CODE/timer_pit.o
LOAD d:/mounriver/mounriver_studio/toolchain/risc-v embedded gcc/bin/../lib/gcc/riscv-none-embed/8.2.0/../../../../riscv-none-embed/lib/rv32imac/ilp32\libm.a
LOAD d:/mounriver/mounriver_studio/toolchain/risc-v embedded gcc/bin/../lib/gcc/riscv-none-embed/8.2.0/rv32imac/ilp32\libgcc.a
LOAD d:/mounriver/mounriver_studio/toolchain/risc-v embedded gcc/bin/../lib/gcc/riscv-none-embed/8.2.0/../../../../riscv-none-embed/lib/rv32imac/ilp32\libg_nano.a
LOAD d:/mounriver/mounriver_studio/toolchain/risc-v embedded gcc/bin/../lib/gcc/riscv-none-embed/8.2.0/../../../../riscv-none-embed/lib/rv32imac/ilp32\libc_nano.a
LOAD d:/mounriver/mounriver_studio/toolchain/risc-v embedded gcc/bin/../lib/gcc/riscv-none-embed/8.2.0/rv32imac/ilp32\libgcc.a
START GROUP
LOAD d:/mounriver/mounriver_studio/toolchain/risc-v embedded gcc/bin/../lib/gcc/riscv-none-embed/8.2.0/rv32imac/ilp32\libgcc.a
LOAD d:/mounriver/mounriver_studio/toolchain/risc-v embedded gcc/bin/../lib/gcc/riscv-none-embed/8.2.0/../../../../riscv-none-embed/lib/rv32imac/ilp32\libc_nano.a
LOAD d:/mounriver/mounriver_studio/toolchain/risc-v embedded gcc/bin/../lib/gcc/riscv-none-embed/8.2.0/../../../../riscv-none-embed/lib/rv32imac/ilp32\libnosys.a
END GROUP
START GROUP
LOAD d:/mounriver/mounriver_studio/toolchain/risc-v embedded gcc/bin/../lib/gcc/riscv-none-embed/8.2.0/rv32imac/ilp32\libgcc.a
LOAD d:/mounriver/mounriver_studio/toolchain/risc-v embedded gcc/bin/../lib/gcc/riscv-none-embed/8.2.0/../../../../riscv-none-embed/lib/rv32imac/ilp32\libc_nano.a
LOAD d:/mounriver/mounriver_studio/toolchain/risc-v embedded gcc/bin/../lib/gcc/riscv-none-embed/8.2.0/../../../../riscv-none-embed/lib/rv32imac/ilp32\libnosys.a
END GROUP
                0x0000000000000800                __stack_size = 0x800
                [!provide]                        PROVIDE (_stack_size = __stack_size)

.init           0x0000000000000000       0x38
                0x0000000000000000                _sinit = .
                0x0000000000000000                . = ALIGN (0x4)
 *(SORT_NONE(.init))
 .init          0x0000000000000000       0x38 ./Libraries/wch_libraries/Startup/startup_ch32v10x.o
                0x0000000000000000                _start
                0x0000000000000038                . = ALIGN (0x4)
                0x0000000000000038                _einit = .

.vector         0x0000000000000038      0x108
 *(.vector)
 .vector        0x0000000000000038       0xf0 ./Libraries/wch_libraries/Startup/startup_ch32v10x.o
                0x0000000000000140                . = ALIGN (0x40)
 *fill*         0x0000000000000128       0x18 

.text           0x0000000000000140     0x525c
                0x0000000000000140                . = ALIGN (0x4)
 *(.text)
 .text          0x0000000000000140       0xa8 d:/mounriver/mounriver_studio/toolchain/risc-v embedded gcc/bin/../lib/gcc/riscv-none-embed/8.2.0/../../../../riscv-none-embed/lib/rv32imac/ilp32\libg_nano.a(lib_a-memset.o)
                0x0000000000000140                memset
 .text          0x00000000000001e8      0x11e d:/mounriver/mounriver_studio/toolchain/risc-v embedded gcc/bin/../lib/gcc/riscv-none-embed/8.2.0/../../../../riscv-none-embed/lib/rv32imac/ilp32\libg_nano.a(lib_a-strcmp.o)
                0x00000000000001e8                strcmp
 *(.text.*)
 .text.EXTI0_IRQHandler
                0x0000000000000306       0x10 ./USER/isr.o
                0x0000000000000306                EXTI0_IRQHandler
 .text.EXTI1_IRQHandler
                0x0000000000000316       0x4a ./USER/isr.o
                0x0000000000000316                EXTI1_IRQHandler
 .text.EXTI2_IRQHandler
                0x0000000000000360       0x16 ./USER/isr.o
                0x0000000000000360                EXTI2_IRQHandler
 .text.EXTI3_IRQHandler
                0x0000000000000376       0x10 ./USER/isr.o
                0x0000000000000376                EXTI3_IRQHandler
 .text.EXTI4_IRQHandler
                0x0000000000000386       0x10 ./USER/isr.o
                0x0000000000000386                EXTI4_IRQHandler
 .text.EXTI9_5_IRQHandler
                0x0000000000000396       0x10 ./USER/isr.o
                0x0000000000000396                EXTI9_5_IRQHandler
 .text.EXTI15_10_IRQHandler
                0x00000000000003a6       0x10 ./USER/isr.o
                0x00000000000003a6                EXTI15_10_IRQHandler
 .text.ADC1_2_IRQHandler
                0x00000000000003b6       0x10 ./USER/isr.o
                0x00000000000003b6                ADC1_2_IRQHandler
 .text.TIM1_BRK_IRQHandler
                0x00000000000003c6       0x34 ./USER/isr.o
                0x00000000000003c6                TIM1_BRK_IRQHandler
 .text.TIM1_UP_IRQHandler
                0x00000000000003fa       0x30 ./USER/isr.o
                0x00000000000003fa                TIM1_UP_IRQHandler
 .text.TIM1_TRG_COM_IRQHandler
                0x000000000000042a       0x58 ./USER/isr.o
                0x000000000000042a                TIM1_TRG_COM_IRQHandler
 .text.TIM1_CC_IRQHandler
                0x0000000000000482       0x90 ./USER/isr.o
                0x0000000000000482                TIM1_CC_IRQHandler
 .text.TIM2_IRQHandler
                0x0000000000000512       0x30 ./USER/isr.o
                0x0000000000000512                TIM2_IRQHandler
 .text.TIM3_IRQHandler
                0x0000000000000542       0x30 ./USER/isr.o
                0x0000000000000542                TIM3_IRQHandler
 .text.TIM4_IRQHandler
                0x0000000000000572       0x30 ./USER/isr.o
                0x0000000000000572                TIM4_IRQHandler
 .text.USART1_IRQHandler
                0x00000000000005a2       0xd8 ./USER/isr.o
                0x00000000000005a2                USART1_IRQHandler
 .text.USART2_IRQHandler
                0x000000000000067a       0x5a ./USER/isr.o
                0x000000000000067a                USART2_IRQHandler
 .text.USART3_IRQHandler
                0x00000000000006d4       0x10 ./USER/isr.o
                0x00000000000006d4                USART3_IRQHandler
 .text.DMA1_Channel4_IRQHandler
                0x00000000000006e4       0x46 ./USER/isr.o
                0x00000000000006e4                DMA1_Channel4_IRQHandler
 .text.DMA1_Channel5_IRQHandler
                0x000000000000072a       0x26 ./USER/isr.o
                0x000000000000072a                DMA1_Channel5_IRQHandler
 .text.NMI_Handler
                0x0000000000000750       0x10 ./USER/isr.o
                0x0000000000000750                NMI_Handler
 .text.HardFault_Handler
                0x0000000000000760        0x8 ./USER/isr.o
                0x0000000000000760                HardFault_Handler
 .text.main     0x0000000000000768       0x8c ./USER/main.o
                0x0000000000000768                main
 .text.handle_reset
                0x00000000000007f4       0x7a ./Libraries/wch_libraries/Startup/startup_ch32v10x.o
                0x00000000000007f4                handle_reset
 .text.DMA_DeInit
                0x000000000000086e      0x20e ./Libraries/wch_libraries/Peripheral/ch32v10x_dma.o
                0x000000000000086e                DMA_DeInit
 .text.DMA_Init
                0x0000000000000a7c       0xa8 ./Libraries/wch_libraries/Peripheral/ch32v10x_dma.o
                0x0000000000000a7c                DMA_Init
 .text.DMA_Cmd  0x0000000000000b24       0x40 ./Libraries/wch_libraries/Peripheral/ch32v10x_dma.o
                0x0000000000000b24                DMA_Cmd
 .text.DMA_ITConfig
                0x0000000000000b64       0x4a ./Libraries/wch_libraries/Peripheral/ch32v10x_dma.o
                0x0000000000000b64                DMA_ITConfig
 .text.DMA_GetCurrDataCounter
                0x0000000000000bae       0x1c ./Libraries/wch_libraries/Peripheral/ch32v10x_dma.o
                0x0000000000000bae                DMA_GetCurrDataCounter
 .text.DMA_GetFlagStatus
                0x0000000000000bca       0x5c ./Libraries/wch_libraries/Peripheral/ch32v10x_dma.o
                0x0000000000000bca                DMA_GetFlagStatus
 .text.DMA_ClearFlag
                0x0000000000000c26       0x38 ./Libraries/wch_libraries/Peripheral/ch32v10x_dma.o
                0x0000000000000c26                DMA_ClearFlag
 .text.EXTI_GetITStatus
                0x0000000000000c5e       0x56 ./Libraries/wch_libraries/Peripheral/ch32v10x_exti.o
                0x0000000000000c5e                EXTI_GetITStatus
 .text.EXTI_ClearITPendingBit
                0x0000000000000cb4       0x20 ./Libraries/wch_libraries/Peripheral/ch32v10x_exti.o
                0x0000000000000cb4                EXTI_ClearITPendingBit
 .text.GPIO_Init
                0x0000000000000cd4      0x22a ./Libraries/wch_libraries/Peripheral/ch32v10x_gpio.o
                0x0000000000000cd4                GPIO_Init
 .text.GPIO_WriteBit
                0x0000000000000efe       0x38 ./Libraries/wch_libraries/Peripheral/ch32v10x_gpio.o
                0x0000000000000efe                GPIO_WriteBit
 .text.GPIO_PinRemapConfig
                0x0000000000000f36      0x13c ./Libraries/wch_libraries/Peripheral/ch32v10x_gpio.o
                0x0000000000000f36                GPIO_PinRemapConfig
 .text.NVIC_EnableIRQ
                0x0000000000001072       0x32 ./Libraries/wch_libraries/Peripheral/ch32v10x_misc.o
 .text.NVIC_DisableIRQ
                0x00000000000010a4       0x32 ./Libraries/wch_libraries/Peripheral/ch32v10x_misc.o
 .text.NVIC_SetPriority
                0x00000000000010d6       0x2a ./Libraries/wch_libraries/Peripheral/ch32v10x_misc.o
 .text.NVIC_Init
                0x0000000000001100       0xc4 ./Libraries/wch_libraries/Peripheral/ch32v10x_misc.o
                0x0000000000001100                NVIC_Init
 .text.RCC_GetClocksFreq
                0x00000000000011c4      0x21a ./Libraries/wch_libraries/Peripheral/ch32v10x_rcc.o
                0x00000000000011c4                RCC_GetClocksFreq
 .text.RCC_AHBPeriphClockCmd
                0x00000000000013de       0x46 ./Libraries/wch_libraries/Peripheral/ch32v10x_rcc.o
                0x00000000000013de                RCC_AHBPeriphClockCmd
 .text.RCC_APB2PeriphClockCmd
                0x0000000000001424       0x46 ./Libraries/wch_libraries/Peripheral/ch32v10x_rcc.o
                0x0000000000001424                RCC_APB2PeriphClockCmd
 .text.RCC_APB1PeriphClockCmd
                0x000000000000146a       0x46 ./Libraries/wch_libraries/Peripheral/ch32v10x_rcc.o
                0x000000000000146a                RCC_APB1PeriphClockCmd
 .text.TIM_TimeBaseInit
                0x00000000000014b0       0xfa ./Libraries/wch_libraries/Peripheral/ch32v10x_tim.o
                0x00000000000014b0                TIM_TimeBaseInit
 .text.TIM_OC1Init
                0x00000000000015aa      0x170 ./Libraries/wch_libraries/Peripheral/ch32v10x_tim.o
                0x00000000000015aa                TIM_OC1Init
 .text.TIM_OC2Init
                0x000000000000171a      0x1b6 ./Libraries/wch_libraries/Peripheral/ch32v10x_tim.o
                0x000000000000171a                TIM_OC2Init
 .text.TIM_OC3Init
                0x00000000000018d0      0x1b0 ./Libraries/wch_libraries/Peripheral/ch32v10x_tim.o
                0x00000000000018d0                TIM_OC3Init
 .text.TIM_OC4Init
                0x0000000000001a80      0x14a ./Libraries/wch_libraries/Peripheral/ch32v10x_tim.o
                0x0000000000001a80                TIM_OC4Init
 .text.TIM_Cmd  0x0000000000001bca       0x58 ./Libraries/wch_libraries/Peripheral/ch32v10x_tim.o
                0x0000000000001bca                TIM_Cmd
 .text.TIM_CtrlPWMOutputs
                0x0000000000001c22       0x60 ./Libraries/wch_libraries/Peripheral/ch32v10x_tim.o
                0x0000000000001c22                TIM_CtrlPWMOutputs
 .text.TIM_OC1PreloadConfig
                0x0000000000001c82       0x4c ./Libraries/wch_libraries/Peripheral/ch32v10x_tim.o
                0x0000000000001c82                TIM_OC1PreloadConfig
 .text.TIM_OC2PreloadConfig
                0x0000000000001cce       0x5a ./Libraries/wch_libraries/Peripheral/ch32v10x_tim.o
                0x0000000000001cce                TIM_OC2PreloadConfig
 .text.TIM_OC3PreloadConfig
                0x0000000000001d28       0x4c ./Libraries/wch_libraries/Peripheral/ch32v10x_tim.o
                0x0000000000001d28                TIM_OC3PreloadConfig
 .text.TIM_OC4PreloadConfig
                0x0000000000001d74       0x5a ./Libraries/wch_libraries/Peripheral/ch32v10x_tim.o
                0x0000000000001d74                TIM_OC4PreloadConfig
 .text.TIM_OC1FastConfig
                0x0000000000001dce       0x4c ./Libraries/wch_libraries/Peripheral/ch32v10x_tim.o
                0x0000000000001dce                TIM_OC1FastConfig
 .text.TIM_OC2FastConfig
                0x0000000000001e1a       0x56 ./Libraries/wch_libraries/Peripheral/ch32v10x_tim.o
                0x0000000000001e1a                TIM_OC2FastConfig
 .text.TIM_OC3FastConfig
                0x0000000000001e70       0x4c ./Libraries/wch_libraries/Peripheral/ch32v10x_tim.o
                0x0000000000001e70                TIM_OC3FastConfig
 .text.TIM_OC4FastConfig
                0x0000000000001ebc       0x56 ./Libraries/wch_libraries/Peripheral/ch32v10x_tim.o
                0x0000000000001ebc                TIM_OC4FastConfig
 .text.TIM_GetITStatus
                0x0000000000001f12       0x70 ./Libraries/wch_libraries/Peripheral/ch32v10x_tim.o
                0x0000000000001f12                TIM_GetITStatus
 .text.TIM_ClearITPendingBit
                0x0000000000001f82       0x2e ./Libraries/wch_libraries/Peripheral/ch32v10x_tim.o
                0x0000000000001f82                TIM_ClearITPendingBit
 .text.USART_Init
                0x0000000000001fb0      0x234 ./Libraries/wch_libraries/Peripheral/ch32v10x_usart.o
                0x0000000000001fb0                USART_Init
 .text.USART_Cmd
                0x00000000000021e4       0x60 ./Libraries/wch_libraries/Peripheral/ch32v10x_usart.o
                0x00000000000021e4                USART_Cmd
 .text.USART_ITConfig
                0x0000000000002244       0xc4 ./Libraries/wch_libraries/Peripheral/ch32v10x_usart.o
                0x0000000000002244                USART_ITConfig
 .text.USART_DMACmd
                0x0000000000002308       0x70 ./Libraries/wch_libraries/Peripheral/ch32v10x_usart.o
                0x0000000000002308                USART_DMACmd
 .text.USART_SendData
                0x0000000000002378       0x2e ./Libraries/wch_libraries/Peripheral/ch32v10x_usart.o
                0x0000000000002378                USART_SendData
 .text.USART_GetFlagStatus
                0x00000000000023a6       0x46 ./Libraries/wch_libraries/Peripheral/ch32v10x_usart.o
                0x00000000000023a6                USART_GetFlagStatus
 .text.USART_ClearFlag
                0x00000000000023ec       0x2e ./Libraries/wch_libraries/Peripheral/ch32v10x_usart.o
                0x00000000000023ec                USART_ClearFlag
 .text.USART_GetITStatus
                0x000000000000241a      0x102 ./Libraries/wch_libraries/Peripheral/ch32v10x_usart.o
                0x000000000000241a                USART_GetITStatus
 .text.USART_ClearITPendingBit
                0x000000000000251c       0x4e ./Libraries/wch_libraries/Peripheral/ch32v10x_usart.o
                0x000000000000251c                USART_ClearITPendingBit
 .text.mt9v03x_uart_callback
                0x000000000000256a       0x70 ./Libraries/seekfree_peripheral/SEEKFREE_MT9V03X.o
                0x000000000000256a                mt9v03x_uart_callback
 .text.mt9v03x_vsync
                0x00000000000025da       0x36 ./Libraries/seekfree_peripheral/SEEKFREE_MT9V03X.o
                0x00000000000025da                mt9v03x_vsync
 .text.mt9v03x_dma
                0x0000000000002610       0x2e ./Libraries/seekfree_peripheral/SEEKFREE_MT9V03X.o
                0x0000000000002610                mt9v03x_dma
 .text.ov7725_cof_uart_interrupt
                0x000000000000263e       0x70 ./Libraries/seekfree_peripheral/SEEKFREE_UART_7725.o
                0x000000000000263e                ov7725_cof_uart_interrupt
 .text.ov7725_uart_vsync
                0x00000000000026ae       0x36 ./Libraries/seekfree_peripheral/SEEKFREE_UART_7725.o
                0x00000000000026ae                ov7725_uart_vsync
 .text.ov7725_uart_dma
                0x00000000000026e4       0x2e ./Libraries/seekfree_peripheral/SEEKFREE_UART_7725.o
                0x00000000000026e4                ov7725_uart_dma
 .text.gpio_init
                0x0000000000002712      0x1a4 ./Libraries/seekfree_libraries/zf_gpio.o
                0x0000000000002712                gpio_init
 .text.gpio_set
                0x00000000000028b6       0x7e ./Libraries/seekfree_libraries/zf_gpio.o
                0x00000000000028b6                gpio_set
 .text.gpio_toggle
                0x0000000000002934       0x66 ./Libraries/seekfree_libraries/zf_gpio.o
                0x0000000000002934                gpio_toggle
 .text.nvic_init
                0x000000000000299a       0x98 ./Libraries/seekfree_libraries/zf_nvic.o
                0x000000000000299a                nvic_init
 .text.close_all_irq
                0x0000000000002a32       0x22 ./Libraries/seekfree_libraries/zf_nvic.o
                0x0000000000002a32                close_all_irq
 .text.sys_recover_irq
                0x0000000000002a54       0x28 ./Libraries/seekfree_libraries/zf_nvic.o
                0x0000000000002a54                sys_recover_irq
 .text.DisableGlobalIRQ
                0x0000000000002a7c       0x3c ./Libraries/seekfree_libraries/zf_nvic.o
                0x0000000000002a7c                DisableGlobalIRQ
 .text.EnableGlobalIRQ
                0x0000000000002ab8       0x28 ./Libraries/seekfree_libraries/zf_nvic.o
                0x0000000000002ab8                EnableGlobalIRQ
 .text.pwm_gpio_init
                0x0000000000002ae0      0x34e ./Libraries/seekfree_libraries/zf_pwm.o
                0x0000000000002ae0                pwm_gpio_init
 .text.pwm_init
                0x0000000000002e2e      0x3c2 ./Libraries/seekfree_libraries/zf_pwm.o
                0x0000000000002e2e                pwm_init
 .text.pwm_duty
                0x00000000000031f0       0xf2 ./Libraries/seekfree_libraries/zf_pwm.o
                0x00000000000031f0                pwm_duty
 .text.uart_gpio_init
                0x00000000000032e2       0xec ./Libraries/seekfree_libraries/zf_uart.o
                0x00000000000032e2                uart_gpio_init
 .text.uart_init
                0x00000000000033ce      0x104 ./Libraries/seekfree_libraries/zf_uart.o
                0x00000000000033ce                uart_init
 .text.board_init
                0x00000000000034d2       0x46 ./Libraries/board/board.o
                0x00000000000034d2                board_init
 .text._write   0x0000000000003518       0x78 ./Libraries/board/board.o
                0x0000000000003518                _write
 .text.SetSysClock
                0x0000000000003590      0x140 ./Libraries/board/clock_config.o
 .text.SystemInit
                0x00000000000036d0       0x7c ./Libraries/board/clock_config.o
                0x00000000000036d0                SystemInit
 .text.CMD_Init
                0x000000000000374c       0x64 ./CODE/cmd.o
                0x000000000000374c                CMD_Init
 .text.UART_DMA_Init
                0x00000000000037b0      0x15a ./CODE/cmd.o
                0x00000000000037b0                UART_DMA_Init
 .text.CMD_UARTCallback
                0x000000000000390a       0x32 ./CODE/cmd.o
                0x000000000000390a                CMD_UARTCallback
 .text.CMD_Parse
                0x000000000000393c       0x90 ./CODE/cmd.o
                0x000000000000393c                CMD_Parse
 .text.CMD_Exe  0x00000000000039cc       0xa4 ./CODE/cmd.o
                0x00000000000039cc                CMD_Exe
 .text.Motor_Init
                0x0000000000003a70       0x90 ./CODE/motor.o
                0x0000000000003a70                Motor_Init
 .text.Motor_SetDuty
                0x0000000000003b00      0x196 ./CODE/motor.o
                0x0000000000003b00                Motor_SetDuty
 .text.atoi     0x0000000000003c96        0x8 d:/mounriver/mounriver_studio/toolchain/risc-v embedded gcc/bin/../lib/gcc/riscv-none-embed/8.2.0/../../../../riscv-none-embed/lib/rv32imac/ilp32\libg_nano.a(lib_a-atoi.o)
                0x0000000000003c96                atoi
 .text.__sfputc_r
                0x0000000000003c9e       0x2a d:/mounriver/mounriver_studio/toolchain/risc-v embedded gcc/bin/../lib/gcc/riscv-none-embed/8.2.0/../../../../riscv-none-embed/lib/rv32imac/ilp32\libg_nano.a(lib_a-nano-vfprintf.o)
 .text.__sfputs_r
                0x0000000000003cc8       0x42 d:/mounriver/mounriver_studio/toolchain/risc-v embedded gcc/bin/../lib/gcc/riscv-none-embed/8.2.0/../../../../riscv-none-embed/lib/rv32imac/ilp32\libg_nano.a(lib_a-nano-vfprintf.o)
                0x0000000000003cc8                __sfputs_r
 .text._vfprintf_r
                0x0000000000003d0a      0x2a0 d:/mounriver/mounriver_studio/toolchain/risc-v embedded gcc/bin/../lib/gcc/riscv-none-embed/8.2.0/../../../../riscv-none-embed/lib/rv32imac/ilp32\libg_nano.a(lib_a-nano-vfprintf.o)
                0x0000000000003d0a                _vfprintf_r
                0x0000000000003d0a                _vfiprintf_r
 .text._printf_common
                0x0000000000003faa      0x10c d:/mounriver/mounriver_studio/toolchain/risc-v embedded gcc/bin/../lib/gcc/riscv-none-embed/8.2.0/../../../../riscv-none-embed/lib/rv32imac/ilp32\libg_nano.a(lib_a-nano-vfprintf_i.o)
                0x0000000000003faa                _printf_common
 .text._printf_i
                0x00000000000040b6      0x2a4 d:/mounriver/mounriver_studio/toolchain/risc-v embedded gcc/bin/../lib/gcc/riscv-none-embed/8.2.0/../../../../riscv-none-embed/lib/rv32imac/ilp32\libg_nano.a(lib_a-nano-vfprintf_i.o)
                0x00000000000040b6                _printf_i
 .text.printf   0x000000000000435a       0x42 d:/mounriver/mounriver_studio/toolchain/risc-v embedded gcc/bin/../lib/gcc/riscv-none-embed/8.2.0/../../../../riscv-none-embed/lib/rv32imac/ilp32\libg_nano.a(lib_a-printf.o)
                0x000000000000435a                iprintf
                0x000000000000435a                printf
 .text._puts_r  0x000000000000439c       0xda d:/mounriver/mounriver_studio/toolchain/risc-v embedded gcc/bin/../lib/gcc/riscv-none-embed/8.2.0/../../../../riscv-none-embed/lib/rv32imac/ilp32\libg_nano.a(lib_a-puts.o)
                0x000000000000439c                _puts_r
 .text.puts     0x0000000000004476        0xa d:/mounriver/mounriver_studio/toolchain/risc-v embedded gcc/bin/../lib/gcc/riscv-none-embed/8.2.0/../../../../riscv-none-embed/lib/rv32imac/ilp32\libg_nano.a(lib_a-puts.o)
                0x0000000000004476                puts
 .text.strtok   0x0000000000004480       0x7e d:/mounriver/mounriver_studio/toolchain/risc-v embedded gcc/bin/../lib/gcc/riscv-none-embed/8.2.0/../../../../riscv-none-embed/lib/rv32imac/ilp32\libg_nano.a(lib_a-strtok.o)
                0x0000000000004480                strtok
 .text.__strtok_r
                0x00000000000044fe       0x5c d:/mounriver/mounriver_studio/toolchain/risc-v embedded gcc/bin/../lib/gcc/riscv-none-embed/8.2.0/../../../../riscv-none-embed/lib/rv32imac/ilp32\libg_nano.a(lib_a-strtok_r.o)
                0x00000000000044fe                __strtok_r
 .text._strtol_l.isra.0
                0x000000000000455a      0x142 d:/mounriver/mounriver_studio/toolchain/risc-v embedded gcc/bin/../lib/gcc/riscv-none-embed/8.2.0/../../../../riscv-none-embed/lib/rv32imac/ilp32\libg_nano.a(lib_a-strtol.o)
 .text.strtol   0x000000000000469c       0x1c d:/mounriver/mounriver_studio/toolchain/risc-v embedded gcc/bin/../lib/gcc/riscv-none-embed/8.2.0/../../../../riscv-none-embed/lib/rv32imac/ilp32\libg_nano.a(lib_a-strtol.o)
                0x000000000000469c                strtol
 .text.__swbuf_r
                0x00000000000046b8       0xc0 d:/mounriver/mounriver_studio/toolchain/risc-v embedded gcc/bin/../lib/gcc/riscv-none-embed/8.2.0/../../../../riscv-none-embed/lib/rv32imac/ilp32\libg_nano.a(lib_a-wbuf.o)
                0x00000000000046b8                __swbuf_r
 .text.__swsetup_r
                0x0000000000004778      0x10c d:/mounriver/mounriver_studio/toolchain/risc-v embedded gcc/bin/../lib/gcc/riscv-none-embed/8.2.0/../../../../riscv-none-embed/lib/rv32imac/ilp32\libg_nano.a(lib_a-wsetup.o)
                0x0000000000004778                __swsetup_r
 .text.__sflush_r
                0x0000000000004884      0x13c d:/mounriver/mounriver_studio/toolchain/risc-v embedded gcc/bin/../lib/gcc/riscv-none-embed/8.2.0/../../../../riscv-none-embed/lib/rv32imac/ilp32\libg_nano.a(lib_a-fflush.o)
                0x0000000000004884                __sflush_r
 .text._fflush_r
                0x00000000000049c0       0x64 d:/mounriver/mounriver_studio/toolchain/risc-v embedded gcc/bin/../lib/gcc/riscv-none-embed/8.2.0/../../../../riscv-none-embed/lib/rv32imac/ilp32\libg_nano.a(lib_a-fflush.o)
                0x00000000000049c0                _fflush_r
 .text.std      0x0000000000004a24       0x6a d:/mounriver/mounriver_studio/toolchain/risc-v embedded gcc/bin/../lib/gcc/riscv-none-embed/8.2.0/../../../../riscv-none-embed/lib/rv32imac/ilp32\libg_nano.a(lib_a-findfp.o)
 .text._cleanup_r
                0x0000000000004a8e        0xa d:/mounriver/mounriver_studio/toolchain/risc-v embedded gcc/bin/../lib/gcc/riscv-none-embed/8.2.0/../../../../riscv-none-embed/lib/rv32imac/ilp32\libg_nano.a(lib_a-findfp.o)
                0x0000000000004a8e                _cleanup_r
 .text.__sfmoreglue
                0x0000000000004a98       0x46 d:/mounriver/mounriver_studio/toolchain/risc-v embedded gcc/bin/../lib/gcc/riscv-none-embed/8.2.0/../../../../riscv-none-embed/lib/rv32imac/ilp32\libg_nano.a(lib_a-findfp.o)
                0x0000000000004a98                __sfmoreglue
 .text.__sinit  0x0000000000004ade       0x66 d:/mounriver/mounriver_studio/toolchain/risc-v embedded gcc/bin/../lib/gcc/riscv-none-embed/8.2.0/../../../../riscv-none-embed/lib/rv32imac/ilp32\libg_nano.a(lib_a-findfp.o)
                0x0000000000004ade                __sinit
 .text.__sfp    0x0000000000004b44       0x9c d:/mounriver/mounriver_studio/toolchain/risc-v embedded gcc/bin/../lib/gcc/riscv-none-embed/8.2.0/../../../../riscv-none-embed/lib/rv32imac/ilp32\libg_nano.a(lib_a-findfp.o)
                0x0000000000004b44                __sfp
 .text._fwalk_reent
                0x0000000000004be0       0x6c d:/mounriver/mounriver_studio/toolchain/risc-v embedded gcc/bin/../lib/gcc/riscv-none-embed/8.2.0/../../../../riscv-none-embed/lib/rv32imac/ilp32\libg_nano.a(lib_a-fwalk.o)
                0x0000000000004be0                _fwalk_reent
 .text.__locale_ctype_ptr_l
                0x0000000000004c4c        0x6 d:/mounriver/mounriver_studio/toolchain/risc-v embedded gcc/bin/../lib/gcc/riscv-none-embed/8.2.0/../../../../riscv-none-embed/lib/rv32imac/ilp32\libg_nano.a(lib_a-locale.o)
                0x0000000000004c4c                __locale_ctype_ptr_l
 .text.__swhatbuf_r
                0x0000000000004c52       0x58 d:/mounriver/mounriver_studio/toolchain/risc-v embedded gcc/bin/../lib/gcc/riscv-none-embed/8.2.0/../../../../riscv-none-embed/lib/rv32imac/ilp32\libg_nano.a(lib_a-makebuf.o)
                0x0000000000004c52                __swhatbuf_r
 .text.__smakebuf_r
                0x0000000000004caa       0x9c d:/mounriver/mounriver_studio/toolchain/risc-v embedded gcc/bin/../lib/gcc/riscv-none-embed/8.2.0/../../../../riscv-none-embed/lib/rv32imac/ilp32\libg_nano.a(lib_a-makebuf.o)
                0x0000000000004caa                __smakebuf_r
 .text.malloc   0x0000000000004d46        0xa d:/mounriver/mounriver_studio/toolchain/risc-v embedded gcc/bin/../lib/gcc/riscv-none-embed/8.2.0/../../../../riscv-none-embed/lib/rv32imac/ilp32\libg_nano.a(lib_a-malloc.o)
                0x0000000000004d46                malloc
 .text.__ascii_mbtowc
                0x0000000000004d50       0x3a d:/mounriver/mounriver_studio/toolchain/risc-v embedded gcc/bin/../lib/gcc/riscv-none-embed/8.2.0/../../../../riscv-none-embed/lib/rv32imac/ilp32\libg_nano.a(lib_a-mbtowc_r.o)
                0x0000000000004d50                __ascii_mbtowc
 .text.memchr   0x0000000000004d8a       0x1a d:/mounriver/mounriver_studio/toolchain/risc-v embedded gcc/bin/../lib/gcc/riscv-none-embed/8.2.0/../../../../riscv-none-embed/lib/rv32imac/ilp32\libg_nano.a(lib_a-memchr.o)
                0x0000000000004d8a                memchr
 .text._free_r  0x0000000000004da4       0xa4 d:/mounriver/mounriver_studio/toolchain/risc-v embedded gcc/bin/../lib/gcc/riscv-none-embed/8.2.0/../../../../riscv-none-embed/lib/rv32imac/ilp32\libg_nano.a(lib_a-nano-freer.o)
                0x0000000000004da4                _free_r
 .text._malloc_r
                0x0000000000004e48       0xce d:/mounriver/mounriver_studio/toolchain/risc-v embedded gcc/bin/../lib/gcc/riscv-none-embed/8.2.0/../../../../riscv-none-embed/lib/rv32imac/ilp32\libg_nano.a(lib_a-nano-mallocr.o)
                0x0000000000004e48                _malloc_r
 .text._sbrk_r  0x0000000000004f16       0x28 d:/mounriver/mounriver_studio/toolchain/risc-v embedded gcc/bin/../lib/gcc/riscv-none-embed/8.2.0/../../../../riscv-none-embed/lib/rv32imac/ilp32\libg_nano.a(lib_a-sbrkr.o)
                0x0000000000004f16                _sbrk_r
 .text.__sread  0x0000000000004f3e       0x30 d:/mounriver/mounriver_studio/toolchain/risc-v embedded gcc/bin/../lib/gcc/riscv-none-embed/8.2.0/../../../../riscv-none-embed/lib/rv32imac/ilp32\libg_nano.a(lib_a-stdio.o)
                0x0000000000004f3e                __sread
 .text.__swrite
                0x0000000000004f6e       0x4e d:/mounriver/mounriver_studio/toolchain/risc-v embedded gcc/bin/../lib/gcc/riscv-none-embed/8.2.0/../../../../riscv-none-embed/lib/rv32imac/ilp32\libg_nano.a(lib_a-stdio.o)
                0x0000000000004f6e                __swrite
 .text.__sseek  0x0000000000004fbc       0x36 d:/mounriver/mounriver_studio/toolchain/risc-v embedded gcc/bin/../lib/gcc/riscv-none-embed/8.2.0/../../../../riscv-none-embed/lib/rv32imac/ilp32\libg_nano.a(lib_a-stdio.o)
                0x0000000000004fbc                __sseek
 .text.__sclose
                0x0000000000004ff2        0x6 d:/mounriver/mounriver_studio/toolchain/risc-v embedded gcc/bin/../lib/gcc/riscv-none-embed/8.2.0/../../../../riscv-none-embed/lib/rv32imac/ilp32\libg_nano.a(lib_a-stdio.o)
                0x0000000000004ff2                __sclose
 .text.__ascii_wctomb
                0x0000000000004ff8       0x20 d:/mounriver/mounriver_studio/toolchain/risc-v embedded gcc/bin/../lib/gcc/riscv-none-embed/8.2.0/../../../../riscv-none-embed/lib/rv32imac/ilp32\libg_nano.a(lib_a-wctomb_r.o)
                0x0000000000004ff8                __ascii_wctomb
 .text._write_r
                0x0000000000005018       0x2e d:/mounriver/mounriver_studio/toolchain/risc-v embedded gcc/bin/../lib/gcc/riscv-none-embed/8.2.0/../../../../riscv-none-embed/lib/rv32imac/ilp32\libg_nano.a(lib_a-writer.o)
                0x0000000000005018                _write_r
 .text._close_r
                0x0000000000005046       0x28 d:/mounriver/mounriver_studio/toolchain/risc-v embedded gcc/bin/../lib/gcc/riscv-none-embed/8.2.0/../../../../riscv-none-embed/lib/rv32imac/ilp32\libg_nano.a(lib_a-closer.o)
                0x0000000000005046                _close_r
 .text._fstat_r
                0x000000000000506e       0x2a d:/mounriver/mounriver_studio/toolchain/risc-v embedded gcc/bin/../lib/gcc/riscv-none-embed/8.2.0/../../../../riscv-none-embed/lib/rv32imac/ilp32\libg_nano.a(lib_a-fstatr.o)
                0x000000000000506e                _fstat_r
 .text._isatty_r
                0x0000000000005098       0x28 d:/mounriver/mounriver_studio/toolchain/risc-v embedded gcc/bin/../lib/gcc/riscv-none-embed/8.2.0/../../../../riscv-none-embed/lib/rv32imac/ilp32\libg_nano.a(lib_a-isattyr.o)
                0x0000000000005098                _isatty_r
 .text._lseek_r
                0x00000000000050c0       0x2c d:/mounriver/mounriver_studio/toolchain/risc-v embedded gcc/bin/../lib/gcc/riscv-none-embed/8.2.0/../../../../riscv-none-embed/lib/rv32imac/ilp32\libg_nano.a(lib_a-lseekr.o)
                0x00000000000050c0                _lseek_r
 .text.__malloc_lock
                0x00000000000050ec        0x2 d:/mounriver/mounriver_studio/toolchain/risc-v embedded gcc/bin/../lib/gcc/riscv-none-embed/8.2.0/../../../../riscv-none-embed/lib/rv32imac/ilp32\libg_nano.a(lib_a-mlock.o)
                0x00000000000050ec                __malloc_lock
 .text.__malloc_unlock
                0x00000000000050ee        0x2 d:/mounriver/mounriver_studio/toolchain/risc-v embedded gcc/bin/../lib/gcc/riscv-none-embed/8.2.0/../../../../riscv-none-embed/lib/rv32imac/ilp32\libg_nano.a(lib_a-mlock.o)
                0x00000000000050ee                __malloc_unlock
 .text._read_r  0x00000000000050f0       0x2c d:/mounriver/mounriver_studio/toolchain/risc-v embedded gcc/bin/../lib/gcc/riscv-none-embed/8.2.0/../../../../riscv-none-embed/lib/rv32imac/ilp32\libg_nano.a(lib_a-readr.o)
                0x00000000000050f0                _read_r
 .text._close   0x000000000000511c        0xc d:/mounriver/mounriver_studio/toolchain/risc-v embedded gcc/bin/../lib/gcc/riscv-none-embed/8.2.0/../../../../riscv-none-embed/lib/rv32imac/ilp32\libnosys.a(close.o)
                0x000000000000511c                _close
 .text._fstat   0x0000000000005128        0xc d:/mounriver/mounriver_studio/toolchain/risc-v embedded gcc/bin/../lib/gcc/riscv-none-embed/8.2.0/../../../../riscv-none-embed/lib/rv32imac/ilp32\libnosys.a(fstat.o)
                0x0000000000005128                _fstat
 .text._isatty  0x0000000000005134        0xc d:/mounriver/mounriver_studio/toolchain/risc-v embedded gcc/bin/../lib/gcc/riscv-none-embed/8.2.0/../../../../riscv-none-embed/lib/rv32imac/ilp32\libnosys.a(isatty.o)
                0x0000000000005134                _isatty
 .text._lseek   0x0000000000005140        0xc d:/mounriver/mounriver_studio/toolchain/risc-v embedded gcc/bin/../lib/gcc/riscv-none-embed/8.2.0/../../../../riscv-none-embed/lib/rv32imac/ilp32\libnosys.a(lseek.o)
                0x0000000000005140                _lseek
 .text._read    0x000000000000514c        0xc d:/mounriver/mounriver_studio/toolchain/risc-v embedded gcc/bin/../lib/gcc/riscv-none-embed/8.2.0/../../../../riscv-none-embed/lib/rv32imac/ilp32\libnosys.a(read.o)
                0x000000000000514c                _read
 .text._sbrk    0x0000000000005158       0x20 d:/mounriver/mounriver_studio/toolchain/risc-v embedded gcc/bin/../lib/gcc/riscv-none-embed/8.2.0/../../../../riscv-none-embed/lib/rv32imac/ilp32\libnosys.a(sbrk.o)
                0x0000000000005158                _sbrk
 *(.rodata)
 .rodata        0x0000000000005178        0xf ./USER/main.o
 *fill*         0x0000000000005187        0x1 
 .rodata        0x0000000000005188       0x32 ./CODE/cmd.o
 *(.rodata*)
 *fill*         0x00000000000051ba        0x2 
 .rodata.GPION  0x00000000000051bc       0x10 ./Libraries/seekfree_libraries/zf_gpio.o
                0x00000000000051bc                GPION
 .rodata.TIMERN
                0x00000000000051cc       0x10 ./Libraries/seekfree_libraries/zf_qtimer.o
                0x00000000000051cc                TIMERN
 .rodata.UARTN  0x00000000000051dc       0x10 ./Libraries/seekfree_libraries/zf_uart.o
                0x00000000000051dc                UARTN
 .rodata._vfprintf_r.str1.4
                0x00000000000051ec       0x13 d:/mounriver/mounriver_studio/toolchain/risc-v embedded gcc/bin/../lib/gcc/riscv-none-embed/8.2.0/../../../../riscv-none-embed/lib/rv32imac/ilp32\libg_nano.a(lib_a-nano-vfprintf.o)
 *fill*         0x00000000000051ff        0x1 
 .rodata._printf_i.str1.4
                0x0000000000005200       0x25 d:/mounriver/mounriver_studio/toolchain/risc-v embedded gcc/bin/../lib/gcc/riscv-none-embed/8.2.0/../../../../riscv-none-embed/lib/rv32imac/ilp32\libg_nano.a(lib_a-nano-vfprintf_i.o)
 *fill*         0x0000000000005225        0x3 
 .rodata.__sf_fake_stderr
                0x0000000000005228       0x20 d:/mounriver/mounriver_studio/toolchain/risc-v embedded gcc/bin/../lib/gcc/riscv-none-embed/8.2.0/../../../../riscv-none-embed/lib/rv32imac/ilp32\libg_nano.a(lib_a-findfp.o)
                0x0000000000005228                __sf_fake_stderr
 .rodata.__sf_fake_stdin
                0x0000000000005248       0x20 d:/mounriver/mounriver_studio/toolchain/risc-v embedded gcc/bin/../lib/gcc/riscv-none-embed/8.2.0/../../../../riscv-none-embed/lib/rv32imac/ilp32\libg_nano.a(lib_a-findfp.o)
                0x0000000000005248                __sf_fake_stdin
 .rodata.__sf_fake_stdout
                0x0000000000005268       0x20 d:/mounriver/mounriver_studio/toolchain/risc-v embedded gcc/bin/../lib/gcc/riscv-none-embed/8.2.0/../../../../riscv-none-embed/lib/rv32imac/ilp32\libg_nano.a(lib_a-findfp.o)
                0x0000000000005268                __sf_fake_stdout
 .rodata._setlocale_r.str1.4
                0x0000000000005288        0xa d:/mounriver/mounriver_studio/toolchain/risc-v embedded gcc/bin/../lib/gcc/riscv-none-embed/8.2.0/../../../../riscv-none-embed/lib/rv32imac/ilp32\libg_nano.a(lib_a-locale.o)
                                          0xd (size before relaxing)
 *fill*         0x0000000000005292        0x2 
 .rodata.str1.4
                0x0000000000005294        0x4 d:/mounriver/mounriver_studio/toolchain/risc-v embedded gcc/bin/../lib/gcc/riscv-none-embed/8.2.0/../../../../riscv-none-embed/lib/rv32imac/ilp32\libg_nano.a(lib_a-locale.o)
                                          0x2 (size before relaxing)
 .rodata._ctype_
                0x0000000000005298      0x101 d:/mounriver/mounriver_studio/toolchain/risc-v embedded gcc/bin/../lib/gcc/riscv-none-embed/8.2.0/../../../../riscv-none-embed/lib/rv32imac/ilp32\libg_nano.a(lib_a-ctype_.o)
                0x0000000000005298                _ctype_
 *(.glue_7)
 *(.glue_7t)
 *(.gnu.linkonce.t.*)
                0x000000000000539c                . = ALIGN (0x4)
 *fill*         0x0000000000005399        0x3 

.rela.dyn       0x000000000000539c        0x0
 .rela.init     0x000000000000539c        0x0 ./USER/isr.o
 .rela.vector   0x000000000000539c        0x0 ./USER/isr.o
 .rela.text.handle_reset
                0x000000000000539c        0x0 ./USER/isr.o
 .rela.text._vfprintf_r
                0x000000000000539c        0x0 ./USER/isr.o
 .rela.text._sbrk_r
                0x000000000000539c        0x0 ./USER/isr.o
 .rela.text._write_r
                0x000000000000539c        0x0 ./USER/isr.o
 .rela.text._close_r
                0x000000000000539c        0x0 ./USER/isr.o
 .rela.text._fstat_r
                0x000000000000539c        0x0 ./USER/isr.o
 .rela.text._isatty_r
                0x000000000000539c        0x0 ./USER/isr.o
 .rela.text._lseek_r
                0x000000000000539c        0x0 ./USER/isr.o
 .rela.text._read_r
                0x000000000000539c        0x0 ./USER/isr.o
 .rela.text._close
                0x000000000000539c        0x0 ./USER/isr.o
 .rela.text._fstat
                0x000000000000539c        0x0 ./USER/isr.o
 .rela.text._isatty
                0x000000000000539c        0x0 ./USER/isr.o
 .rela.text._lseek
                0x000000000000539c        0x0 ./USER/isr.o
 .rela.text._read
                0x000000000000539c        0x0 ./USER/isr.o
 .rela.text._sbrk
                0x000000000000539c        0x0 ./USER/isr.o

.fini           0x000000000000539c        0x0
 *(SORT_NONE(.fini))
                0x000000000000539c                . = ALIGN (0x4)
                [!provide]                        PROVIDE (_etext = .)
                [!provide]                        PROVIDE (_eitcm = .)

.preinit_array  0x000000000000539c        0x0
                [!provide]                        PROVIDE (__preinit_array_start = .)
 *(.preinit_array)
                [!provide]                        PROVIDE (__preinit_array_end = .)

.init_array     0x000000000000539c        0x0
                [!provide]                        PROVIDE (__init_array_start = .)
 *(SORT_BY_INIT_PRIORITY(.init_array.*) SORT_BY_INIT_PRIORITY(.ctors.*))
 *(.init_array EXCLUDE_FILE(*crtend?.o *crtend.o *crtbegin?.o *crtbegin.o) .ctors)
                [!provide]                        PROVIDE (__init_array_end = .)

.fini_array     0x000000000000539c        0x0
                [!provide]                        PROVIDE (__fini_array_start = .)
 *(SORT_BY_INIT_PRIORITY(.fini_array.*) SORT_BY_INIT_PRIORITY(.dtors.*))
 *(.fini_array EXCLUDE_FILE(*crtend?.o *crtend.o *crtbegin?.o *crtbegin.o) .dtors)
                [!provide]                        PROVIDE (__fini_array_end = .)

.ctors
 *crtbegin.o(.ctors)
 *crtbegin?.o(.ctors)
 *(EXCLUDE_FILE(*crtend?.o *crtend.o) .ctors)
 *(SORT_BY_NAME(.ctors.*))
 *(.ctors)

.dtors
 *crtbegin.o(.dtors)
 *crtbegin?.o(.dtors)
 *(EXCLUDE_FILE(*crtend?.o *crtend.o) .dtors)
 *(SORT_BY_NAME(.dtors.*))
 *(.dtors)

.dalign         0x0000000020000000        0x0 load address 0x000000000000539c
                0x0000000020000000                . = ALIGN (0x4)
                0x0000000020000000                PROVIDE (_data_vma = .)

.dlalign        0x000000000000539c        0x0
                0x000000000000539c                . = ALIGN (0x4)
                0x000000000000539c                PROVIDE (_data_lma = .)

.data           0x0000000020000000      0x1f0 load address 0x000000000000539c
 *(.gnu.linkonce.r.*)
 *(.data .data.*)
 .data.APBAHBPrescTable
                0x0000000020000000       0x10 ./Libraries/wch_libraries/Peripheral/ch32v10x_rcc.o
 .data.impure_data
                0x0000000020000010       0x60 d:/mounriver/mounriver_studio/toolchain/risc-v embedded gcc/bin/../lib/gcc/riscv-none-embed/8.2.0/../../../../riscv-none-embed/lib/rv32imac/ilp32\libg_nano.a(lib_a-impure.o)
 .data.__global_locale
                0x0000000020000070      0x16c d:/mounriver/mounriver_studio/toolchain/risc-v embedded gcc/bin/../lib/gcc/riscv-none-embed/8.2.0/../../../../riscv-none-embed/lib/rv32imac/ilp32\libg_nano.a(lib_a-locale.o)
                0x0000000020000070                __global_locale
 *(.gnu.linkonce.d.*)
                0x00000000200001e0                . = ALIGN (0x8)
 *fill*         0x00000000200001dc        0x4 
                0x00000000200009e0                PROVIDE (__global_pointer$ = (. + 0x800))
 *(.sdata .sdata.*)
 .sdata.ADCPrescTable
                0x00000000200001e0        0x4 ./Libraries/wch_libraries/Peripheral/ch32v10x_rcc.o
 .sdata.camera_type
                0x00000000200001e4        0x4 ./Libraries/seekfree_libraries/common.o
                0x00000000200001e4                camera_type
 .sdata._impure_ptr
                0x00000000200001e8        0x4 d:/mounriver/mounriver_studio/toolchain/risc-v embedded gcc/bin/../lib/gcc/riscv-none-embed/8.2.0/../../../../riscv-none-embed/lib/rv32imac/ilp32\libg_nano.a(lib_a-impure.o)
                0x00000000200001e8                _impure_ptr
 *(.sdata2.*)
 .sdata2._global_impure_ptr
                0x00000000200001ec        0x4 d:/mounriver/mounriver_studio/toolchain/risc-v embedded gcc/bin/../lib/gcc/riscv-none-embed/8.2.0/../../../../riscv-none-embed/lib/rv32imac/ilp32\libg_nano.a(lib_a-impure.o)
                0x00000000200001ec                _global_impure_ptr
 *(.gnu.linkonce.s.*)
                0x00000000200001f0                . = ALIGN (0x8)
 *(.srodata.cst16)
 *(.srodata.cst8)
 *(.srodata.cst4)
 *(.srodata.cst2)
 *(.srodata .srodata.*)
                0x00000000200001f0                . = ALIGN (0x4)
                0x00000000200001f0                PROVIDE (_edata = .)

.bss            0x00000000200001f0      0x130 load address 0x000000000000558c
                0x00000000200001f0                . = ALIGN (0x4)
                0x00000000200001f0                PROVIDE (_sbss = .)
 *(.sbss*)
 .sbss.UART1_RxIDLEFlag
                0x00000000200001f0        0x1 ./USER/isr.o
                0x00000000200001f0                UART1_RxIDLEFlag
 *fill*         0x00000000200001f1        0x1 
 .sbss.duty.5981
                0x00000000200001f2        0x2 ./USER/main.o
 .sbss.receive  0x00000000200001f4        0x3 ./Libraries/seekfree_peripheral/SEEKFREE_MT9V03X.o
                0x00000000200001f4                receive
 .sbss.receive_num
                0x00000000200001f7        0x1 ./Libraries/seekfree_peripheral/SEEKFREE_MT9V03X.o
                0x00000000200001f7                receive_num
 .sbss.uart_receive_flag
                0x00000000200001f8        0x1 ./Libraries/seekfree_peripheral/SEEKFREE_MT9V03X.o
                0x00000000200001f8                uart_receive_flag
 .sbss.mt9v03x_finish_flag
                0x00000000200001f9        0x1 ./Libraries/seekfree_peripheral/SEEKFREE_MT9V03X.o
                0x00000000200001f9                mt9v03x_finish_flag
 *fill*         0x00000000200001fa        0x2 
 .sbss.ov7725_uart_receive
                0x00000000200001fc        0x3 ./Libraries/seekfree_peripheral/SEEKFREE_UART_7725.o
                0x00000000200001fc                ov7725_uart_receive
 .sbss.ov7725_uart_receive_num
                0x00000000200001ff        0x1 ./Libraries/seekfree_peripheral/SEEKFREE_UART_7725.o
                0x00000000200001ff                ov7725_uart_receive_num
 .sbss.ov7725_uart_receive_flag
                0x0000000020000200        0x1 ./Libraries/seekfree_peripheral/SEEKFREE_UART_7725.o
                0x0000000020000200                ov7725_uart_receive_flag
 .sbss.ov7725_uart_finish_flag
                0x0000000020000201        0x1 ./Libraries/seekfree_peripheral/SEEKFREE_UART_7725.o
                0x0000000020000201                ov7725_uart_finish_flag
 *fill*         0x0000000020000202        0x2 
 .sbss.sys_clk  0x0000000020000204        0x4 ./Libraries/seekfree_libraries/common.o
                0x0000000020000204                sys_clk
 .sbss.CMD_BufferCnt
                0x0000000020000208        0x1 ./CODE/cmd.o
                0x0000000020000208                CMD_BufferCnt
 .sbss.CMD_Argc
                0x0000000020000209        0x1 ./CODE/cmd.o
                0x0000000020000209                CMD_Argc
 *fill*         0x000000002000020a        0x2 
 .sbss.__malloc_free_list
                0x000000002000020c        0x4 d:/mounriver/mounriver_studio/toolchain/risc-v embedded gcc/bin/../lib/gcc/riscv-none-embed/8.2.0/../../../../riscv-none-embed/lib/rv32imac/ilp32\libg_nano.a(lib_a-nano-mallocr.o)
                0x000000002000020c                __malloc_free_list
 .sbss.__malloc_sbrk_start
                0x0000000020000210        0x4 d:/mounriver/mounriver_studio/toolchain/risc-v embedded gcc/bin/../lib/gcc/riscv-none-embed/8.2.0/../../../../riscv-none-embed/lib/rv32imac/ilp32\libg_nano.a(lib_a-nano-mallocr.o)
                0x0000000020000210                __malloc_sbrk_start
 .sbss.heap_end.1518
                0x0000000020000214        0x4 d:/mounriver/mounriver_studio/toolchain/risc-v embedded gcc/bin/../lib/gcc/riscv-none-embed/8.2.0/../../../../riscv-none-embed/lib/rv32imac/ilp32\libnosys.a(sbrk.o)
 *(.gnu.linkonce.sb.*)
 *(.bss*)
 .bss.UART1_RxBuffer
                0x0000000020000218       0x64 ./USER/isr.o
                0x0000000020000218                UART1_RxBuffer
 .bss.irq_status
                0x000000002000027c        0xc ./Libraries/seekfree_libraries/common.o
                0x000000002000027c                irq_status
 .bss.CMD_Argv  0x0000000020000288       0x28 ./CODE/cmd.o
                0x0000000020000288                CMD_Argv
 .bss.MecanumChassis
                0x00000000200002b0       0x6c ./CODE/mecanum_chassis.o
                0x00000000200002b0                MecanumChassis
 *(.gnu.linkonce.b.*)
 *(COMMON*)
 COMMON         0x000000002000031c        0x4 d:/mounriver/mounriver_studio/toolchain/risc-v embedded gcc/bin/../lib/gcc/riscv-none-embed/8.2.0/../../../../riscv-none-embed/lib/rv32imac/ilp32\libg_nano.a(lib_a-reent.o)
                0x000000002000031c                errno
                0x0000000020000320                . = ALIGN (0x4)
                0x0000000020000320                PROVIDE (_ebss = .)
                [!provide]                        PROVIDE (_end = _ebss)
                0x0000000020000320                PROVIDE (end = .)

.stack          0x0000000020004800      0x800
                0x0000000020004800                . = ALIGN (0x4)
                [!provide]                        PROVIDE (_susrstack = .)
                0x0000000020005000                . = (. + __stack_size)
 *fill*         0x0000000020004800      0x800 
                0x0000000020005000                PROVIDE (_eusrstack = .)
OUTPUT(MasterChip.elf elf32-littleriscv)

.debug_info     0x0000000000000000    0x14af5
 .debug_info    0x0000000000000000     0x187e ./USER/isr.o
 .debug_info    0x000000000000187e      0xf9e ./USER/main.o
 .debug_info    0x000000000000281c       0x22 ./Libraries/wch_libraries/Startup/startup_ch32v10x.o
 .debug_info    0x000000000000283e      0x476 ./Libraries/wch_libraries/Peripheral/ch32v10x_dma.o
 .debug_info    0x0000000000002cb4      0x353 ./Libraries/wch_libraries/Peripheral/ch32v10x_exti.o
 .debug_info    0x0000000000003007      0x6e7 ./Libraries/wch_libraries/Peripheral/ch32v10x_gpio.o
 .debug_info    0x00000000000036ee      0x517 ./Libraries/wch_libraries/Peripheral/ch32v10x_misc.o
 .debug_info    0x0000000000003c05      0x8d8 ./Libraries/wch_libraries/Peripheral/ch32v10x_rcc.o
 .debug_info    0x00000000000044dd     0x1dcc ./Libraries/wch_libraries/Peripheral/ch32v10x_tim.o
 .debug_info    0x00000000000062a9      0xa42 ./Libraries/wch_libraries/Peripheral/ch32v10x_usart.o
 .debug_info    0x0000000000006ceb     0x159f ./Libraries/seekfree_peripheral/SEEKFREE_MT9V03X.o
 .debug_info    0x000000000000828a     0x1584 ./Libraries/seekfree_peripheral/SEEKFREE_UART_7725.o
 .debug_info    0x000000000000980e      0xa5b ./Libraries/seekfree_libraries/common.o
 .debug_info    0x000000000000a269     0x118f ./Libraries/seekfree_libraries/zf_gpio.o
 .debug_info    0x000000000000b3f8      0xeeb ./Libraries/seekfree_libraries/zf_nvic.o
 .debug_info    0x000000000000c2e3     0x1488 ./Libraries/seekfree_libraries/zf_pwm.o
 .debug_info    0x000000000000d76b     0x125a ./Libraries/seekfree_libraries/zf_qtimer.o
 .debug_info    0x000000000000e9c5     0x1339 ./Libraries/seekfree_libraries/zf_uart.o
 .debug_info    0x000000000000fcfe      0xcf3 ./Libraries/board/board.o
 .debug_info    0x00000000000109f1      0x25f ./Libraries/board/clock_config.o
 .debug_info    0x0000000000010c50     0x16db ./CODE/cmd.o
 .debug_info    0x000000000001232b     0x12ea ./CODE/mecanum_chassis.o
 .debug_info    0x0000000000013615     0x14e0 ./CODE/motor.o

.debug_abbrev   0x0000000000000000     0x3362
 .debug_abbrev  0x0000000000000000      0x2cb ./USER/isr.o
 .debug_abbrev  0x00000000000002cb      0x24b ./USER/main.o
 .debug_abbrev  0x0000000000000516       0x12 ./Libraries/wch_libraries/Startup/startup_ch32v10x.o
 .debug_abbrev  0x0000000000000528      0x18f ./Libraries/wch_libraries/Peripheral/ch32v10x_dma.o
 .debug_abbrev  0x00000000000006b7      0x144 ./Libraries/wch_libraries/Peripheral/ch32v10x_exti.o
 .debug_abbrev  0x00000000000007fb      0x1c7 ./Libraries/wch_libraries/Peripheral/ch32v10x_gpio.o
 .debug_abbrev  0x00000000000009c2      0x179 ./Libraries/wch_libraries/Peripheral/ch32v10x_misc.o
 .debug_abbrev  0x0000000000000b3b      0x1ef ./Libraries/wch_libraries/Peripheral/ch32v10x_rcc.o
 .debug_abbrev  0x0000000000000d2a      0x1c9 ./Libraries/wch_libraries/Peripheral/ch32v10x_tim.o
 .debug_abbrev  0x0000000000000ef3      0x19e ./Libraries/wch_libraries/Peripheral/ch32v10x_usart.o
 .debug_abbrev  0x0000000000001091      0x365 ./Libraries/seekfree_peripheral/SEEKFREE_MT9V03X.o
 .debug_abbrev  0x00000000000013f6      0x392 ./Libraries/seekfree_peripheral/SEEKFREE_UART_7725.o
 .debug_abbrev  0x0000000000001788      0x1fa ./Libraries/seekfree_libraries/common.o
 .debug_abbrev  0x0000000000001982      0x2c2 ./Libraries/seekfree_libraries/zf_gpio.o
 .debug_abbrev  0x0000000000001c44      0x2b8 ./Libraries/seekfree_libraries/zf_nvic.o
 .debug_abbrev  0x0000000000001efc      0x2d0 ./Libraries/seekfree_libraries/zf_pwm.o
 .debug_abbrev  0x00000000000021cc      0x2b6 ./Libraries/seekfree_libraries/zf_qtimer.o
 .debug_abbrev  0x0000000000002482      0x2e5 ./Libraries/seekfree_libraries/zf_uart.o
 .debug_abbrev  0x0000000000002767      0x280 ./Libraries/board/board.o
 .debug_abbrev  0x00000000000029e7       0xe8 ./Libraries/board/clock_config.o
 .debug_abbrev  0x0000000000002acf      0x2f4 ./CODE/cmd.o
 .debug_abbrev  0x0000000000002dc3      0x2db ./CODE/mecanum_chassis.o
 .debug_abbrev  0x000000000000309e      0x2c4 ./CODE/motor.o

.debug_aranges  0x0000000000000000      0xb38
 .debug_aranges
                0x0000000000000000       0xc8 ./USER/isr.o
 .debug_aranges
                0x00000000000000c8       0x20 ./USER/main.o
 .debug_aranges
                0x00000000000000e8       0x30 ./Libraries/wch_libraries/Startup/startup_ch32v10x.o
 .debug_aranges
                0x0000000000000118       0x70 ./Libraries/wch_libraries/Peripheral/ch32v10x_dma.o
 .debug_aranges
                0x0000000000000188       0x58 ./Libraries/wch_libraries/Peripheral/ch32v10x_exti.o
 .debug_aranges
                0x00000000000001e0       0xa0 ./Libraries/wch_libraries/Peripheral/ch32v10x_gpio.o
 .debug_aranges
                0x0000000000000280       0x40 ./Libraries/wch_libraries/Peripheral/ch32v10x_misc.o
 .debug_aranges
                0x00000000000002c0      0x118 ./Libraries/wch_libraries/Peripheral/ch32v10x_rcc.o
 .debug_aranges
                0x00000000000003d8      0x2f0 ./Libraries/wch_libraries/Peripheral/ch32v10x_tim.o
 .debug_aranges
                0x00000000000006c8      0x100 ./Libraries/wch_libraries/Peripheral/ch32v10x_usart.o
 .debug_aranges
                0x00000000000007c8       0x80 ./Libraries/seekfree_peripheral/SEEKFREE_MT9V03X.o
 .debug_aranges
                0x0000000000000848       0x80 ./Libraries/seekfree_peripheral/SEEKFREE_UART_7725.o
 .debug_aranges
                0x00000000000008c8       0x18 ./Libraries/seekfree_libraries/common.o
 .debug_aranges
                0x00000000000008e0       0x40 ./Libraries/seekfree_libraries/zf_gpio.o
 .debug_aranges
                0x0000000000000920       0x40 ./Libraries/seekfree_libraries/zf_nvic.o
 .debug_aranges
                0x0000000000000960       0x40 ./Libraries/seekfree_libraries/zf_pwm.o
 .debug_aranges
                0x00000000000009a0       0x38 ./Libraries/seekfree_libraries/zf_qtimer.o
 .debug_aranges
                0x00000000000009d8       0x60 ./Libraries/seekfree_libraries/zf_uart.o
 .debug_aranges
                0x0000000000000a38       0x28 ./Libraries/board/board.o
 .debug_aranges
                0x0000000000000a60       0x28 ./Libraries/board/clock_config.o
 .debug_aranges
                0x0000000000000a88       0x40 ./CODE/cmd.o
 .debug_aranges
                0x0000000000000ac8       0x30 ./CODE/mecanum_chassis.o
 .debug_aranges
                0x0000000000000af8       0x40 ./CODE/motor.o

.debug_ranges   0x0000000000000000      0x9c8
 .debug_ranges  0x0000000000000000       0xb8 ./USER/isr.o
 .debug_ranges  0x00000000000000b8       0x10 ./USER/main.o
 .debug_ranges  0x00000000000000c8       0x28 ./Libraries/wch_libraries/Startup/startup_ch32v10x.o
 .debug_ranges  0x00000000000000f0       0x60 ./Libraries/wch_libraries/Peripheral/ch32v10x_dma.o
 .debug_ranges  0x0000000000000150       0x48 ./Libraries/wch_libraries/Peripheral/ch32v10x_exti.o
 .debug_ranges  0x0000000000000198       0x90 ./Libraries/wch_libraries/Peripheral/ch32v10x_gpio.o
 .debug_ranges  0x0000000000000228       0x30 ./Libraries/wch_libraries/Peripheral/ch32v10x_misc.o
 .debug_ranges  0x0000000000000258      0x108 ./Libraries/wch_libraries/Peripheral/ch32v10x_rcc.o
 .debug_ranges  0x0000000000000360      0x2e0 ./Libraries/wch_libraries/Peripheral/ch32v10x_tim.o
 .debug_ranges  0x0000000000000640       0xf0 ./Libraries/wch_libraries/Peripheral/ch32v10x_usart.o
 .debug_ranges  0x0000000000000730       0x70 ./Libraries/seekfree_peripheral/SEEKFREE_MT9V03X.o
 .debug_ranges  0x00000000000007a0       0x70 ./Libraries/seekfree_peripheral/SEEKFREE_UART_7725.o
 .debug_ranges  0x0000000000000810       0x30 ./Libraries/seekfree_libraries/zf_gpio.o
 .debug_ranges  0x0000000000000840       0x30 ./Libraries/seekfree_libraries/zf_nvic.o
 .debug_ranges  0x0000000000000870       0x30 ./Libraries/seekfree_libraries/zf_pwm.o
 .debug_ranges  0x00000000000008a0       0x28 ./Libraries/seekfree_libraries/zf_qtimer.o
 .debug_ranges  0x00000000000008c8       0x50 ./Libraries/seekfree_libraries/zf_uart.o
 .debug_ranges  0x0000000000000918       0x18 ./Libraries/board/board.o
 .debug_ranges  0x0000000000000930       0x18 ./Libraries/board/clock_config.o
 .debug_ranges  0x0000000000000948       0x30 ./CODE/cmd.o
 .debug_ranges  0x0000000000000978       0x20 ./CODE/mecanum_chassis.o
 .debug_ranges  0x0000000000000998       0x30 ./CODE/motor.o

.debug_line     0x0000000000000000     0xae80
 .debug_line    0x0000000000000000      0x8a9 ./USER/isr.o
 .debug_line    0x00000000000008a9      0x426 ./USER/main.o
 .debug_line    0x0000000000000ccf      0x225 ./Libraries/wch_libraries/Startup/startup_ch32v10x.o
 .debug_line    0x0000000000000ef4      0x6ac ./Libraries/wch_libraries/Peripheral/ch32v10x_dma.o
 .debug_line    0x00000000000015a0      0x4ea ./Libraries/wch_libraries/Peripheral/ch32v10x_exti.o
 .debug_line    0x0000000000001a8a      0x97c ./Libraries/wch_libraries/Peripheral/ch32v10x_gpio.o
 .debug_line    0x0000000000002406      0x39d ./Libraries/wch_libraries/Peripheral/ch32v10x_misc.o
 .debug_line    0x00000000000027a3      0xcb2 ./Libraries/wch_libraries/Peripheral/ch32v10x_rcc.o
 .debug_line    0x0000000000003455     0x1f5c ./Libraries/wch_libraries/Peripheral/ch32v10x_tim.o
 .debug_line    0x00000000000053b1      0xbe0 ./Libraries/wch_libraries/Peripheral/ch32v10x_usart.o
 .debug_line    0x0000000000005f91      0x9e2 ./Libraries/seekfree_peripheral/SEEKFREE_MT9V03X.o
 .debug_line    0x0000000000006973      0x9d2 ./Libraries/seekfree_peripheral/SEEKFREE_UART_7725.o
 .debug_line    0x0000000000007345      0x19d ./Libraries/seekfree_libraries/common.o
 .debug_line    0x00000000000074e2      0x643 ./Libraries/seekfree_libraries/zf_gpio.o
 .debug_line    0x0000000000007b25      0x461 ./Libraries/seekfree_libraries/zf_nvic.o
 .debug_line    0x0000000000007f86      0xa95 ./Libraries/seekfree_libraries/zf_pwm.o
 .debug_line    0x0000000000008a1b      0x5bd ./Libraries/seekfree_libraries/zf_qtimer.o
 .debug_line    0x0000000000008fd8      0x684 ./Libraries/seekfree_libraries/zf_uart.o
 .debug_line    0x000000000000965c      0x398 ./Libraries/board/board.o
 .debug_line    0x00000000000099f4      0x33e ./Libraries/board/clock_config.o
 .debug_line    0x0000000000009d32      0x671 ./CODE/cmd.o
 .debug_line    0x000000000000a3a3      0x5de ./CODE/mecanum_chassis.o
 .debug_line    0x000000000000a981      0x4ff ./CODE/motor.o

.debug_str      0x0000000000000000     0x3a7c
 .debug_str     0x0000000000000000      0xd62 ./USER/isr.o
                                        0xe7b (size before relaxing)
 .debug_str     0x0000000000000d62       0x21 ./USER/main.o
                                        0xa7c (size before relaxing)
 .debug_str     0x0000000000000d83       0x42 ./Libraries/wch_libraries/Startup/startup_ch32v10x.o
                                         0x83 (size before relaxing)
 .debug_str     0x0000000000000dc5      0x20f ./Libraries/wch_libraries/Peripheral/ch32v10x_dma.o
                                        0x413 (size before relaxing)
 .debug_str     0x0000000000000fd4      0x1cf ./Libraries/wch_libraries/Peripheral/ch32v10x_exti.o
                                        0x3ad (size before relaxing)
 .debug_str     0x00000000000011a3      0x34d ./Libraries/wch_libraries/Peripheral/ch32v10x_gpio.o
                                        0x544 (size before relaxing)
 .debug_str     0x00000000000014f0      0x3ba ./Libraries/wch_libraries/Peripheral/ch32v10x_misc.o
                                        0x5e1 (size before relaxing)
 .debug_str     0x00000000000018aa      0x45e ./Libraries/wch_libraries/Peripheral/ch32v10x_rcc.o
                                        0x685 (size before relaxing)
 .debug_str     0x0000000000001d08      0xabc ./Libraries/wch_libraries/Peripheral/ch32v10x_tim.o
                                        0xe6d (size before relaxing)
 .debug_str     0x00000000000027c4      0x410 ./Libraries/wch_libraries/Peripheral/ch32v10x_usart.o
                                        0x6f7 (size before relaxing)
 .debug_str     0x0000000000002bd4      0x24b ./Libraries/seekfree_peripheral/SEEKFREE_MT9V03X.o
                                        0xd34 (size before relaxing)
 .debug_str     0x0000000000002e1f      0x280 ./Libraries/seekfree_peripheral/SEEKFREE_UART_7725.o
                                        0xdd8 (size before relaxing)
 .debug_str     0x000000000000309f       0x29 ./Libraries/seekfree_libraries/common.o
                                        0x6b3 (size before relaxing)
 .debug_str     0x00000000000030c8       0xbc ./Libraries/seekfree_libraries/zf_gpio.o
                                        0x9cb (size before relaxing)
 .debug_str     0x0000000000003184       0xac ./Libraries/seekfree_libraries/zf_nvic.o
                                        0xaf6 (size before relaxing)
 .debug_str     0x0000000000003230      0x216 ./Libraries/seekfree_libraries/zf_pwm.o
                                        0xbfe (size before relaxing)
 .debug_str     0x0000000000003446      0x166 ./Libraries/seekfree_libraries/zf_qtimer.o
                                        0xa9b (size before relaxing)
 .debug_str     0x00000000000035ac       0xc3 ./Libraries/seekfree_libraries/zf_uart.o
                                        0xbe8 (size before relaxing)
 .debug_str     0x000000000000366f       0x26 ./Libraries/board/board.o
                                        0x849 (size before relaxing)
 .debug_str     0x0000000000003695       0x66 ./Libraries/board/clock_config.o
                                        0x2a5 (size before relaxing)
 .debug_str     0x00000000000036fb      0x213 ./CODE/cmd.o
                                       0x10e3 (size before relaxing)
 .debug_str     0x000000000000390e       0xb6 ./CODE/mecanum_chassis.o
                                        0xc8b (size before relaxing)
 .debug_str     0x00000000000039c4       0xb8 ./CODE/motor.o
                                        0xce9 (size before relaxing)

.comment        0x0000000000000000       0x33
 .comment       0x0000000000000000       0x33 ./USER/isr.o
                                         0x34 (size before relaxing)
 .comment       0x0000000000000033       0x34 ./USER/main.o
 .comment       0x0000000000000033       0x34 ./Libraries/wch_libraries/Peripheral/ch32v10x_dma.o
 .comment       0x0000000000000033       0x34 ./Libraries/wch_libraries/Peripheral/ch32v10x_exti.o
 .comment       0x0000000000000033       0x34 ./Libraries/wch_libraries/Peripheral/ch32v10x_gpio.o
 .comment       0x0000000000000033       0x34 ./Libraries/wch_libraries/Peripheral/ch32v10x_misc.o
 .comment       0x0000000000000033       0x34 ./Libraries/wch_libraries/Peripheral/ch32v10x_rcc.o
 .comment       0x0000000000000033       0x34 ./Libraries/wch_libraries/Peripheral/ch32v10x_tim.o
 .comment       0x0000000000000033       0x34 ./Libraries/wch_libraries/Peripheral/ch32v10x_usart.o
 .comment       0x0000000000000033       0x34 ./Libraries/seekfree_peripheral/SEEKFREE_MT9V03X.o
 .comment       0x0000000000000033       0x34 ./Libraries/seekfree_peripheral/SEEKFREE_UART_7725.o
 .comment       0x0000000000000033       0x34 ./Libraries/seekfree_libraries/common.o
 .comment       0x0000000000000033       0x34 ./Libraries/seekfree_libraries/zf_gpio.o
 .comment       0x0000000000000033       0x34 ./Libraries/seekfree_libraries/zf_nvic.o
 .comment       0x0000000000000033       0x34 ./Libraries/seekfree_libraries/zf_pwm.o
 .comment       0x0000000000000033       0x34 ./Libraries/seekfree_libraries/zf_qtimer.o
 .comment       0x0000000000000033       0x34 ./Libraries/seekfree_libraries/zf_uart.o
 .comment       0x0000000000000033       0x34 ./Libraries/board/board.o
 .comment       0x0000000000000033       0x34 ./Libraries/board/clock_config.o
 .comment       0x0000000000000033       0x34 ./CODE/cmd.o
 .comment       0x0000000000000033       0x34 ./CODE/mecanum_chassis.o
 .comment       0x0000000000000033       0x34 ./CODE/motor.o

.debug_frame    0x0000000000000000     0x323c
 .debug_frame   0x0000000000000000      0x2d0 ./USER/isr.o
 .debug_frame   0x00000000000002d0       0x2c ./USER/main.o
 .debug_frame   0x00000000000002fc      0x174 ./Libraries/wch_libraries/Peripheral/ch32v10x_dma.o
 .debug_frame   0x0000000000000470      0x114 ./Libraries/wch_libraries/Peripheral/ch32v10x_exti.o
 .debug_frame   0x0000000000000584      0x244 ./Libraries/wch_libraries/Peripheral/ch32v10x_gpio.o
 .debug_frame   0x00000000000007c8       0xb4 ./Libraries/wch_libraries/Peripheral/ch32v10x_misc.o
 .debug_frame   0x000000000000087c      0x418 ./Libraries/wch_libraries/Peripheral/ch32v10x_rcc.o
 .debug_frame   0x0000000000000c94      0xbb4 ./Libraries/wch_libraries/Peripheral/ch32v10x_tim.o
 .debug_frame   0x0000000000001848      0x3bc ./Libraries/wch_libraries/Peripheral/ch32v10x_usart.o
 .debug_frame   0x0000000000001c04      0x1ec ./Libraries/seekfree_peripheral/SEEKFREE_MT9V03X.o
 .debug_frame   0x0000000000001df0      0x214 ./Libraries/seekfree_peripheral/SEEKFREE_UART_7725.o
 .debug_frame   0x0000000000002004       0xbc ./Libraries/seekfree_libraries/zf_gpio.o
 .debug_frame   0x00000000000020c0       0xbc ./Libraries/seekfree_libraries/zf_nvic.o
 .debug_frame   0x000000000000217c       0xc8 ./Libraries/seekfree_libraries/zf_pwm.o
 .debug_frame   0x0000000000002244       0xa0 ./Libraries/seekfree_libraries/zf_qtimer.o
 .debug_frame   0x00000000000022e4      0x150 ./Libraries/seekfree_libraries/zf_uart.o
 .debug_frame   0x0000000000002434       0x58 ./Libraries/board/board.o
 .debug_frame   0x000000000000248c       0x58 ./Libraries/board/clock_config.o
 .debug_frame   0x00000000000024e4       0xc8 ./CODE/cmd.o
 .debug_frame   0x00000000000025ac       0x84 ./CODE/mecanum_chassis.o
 .debug_frame   0x0000000000002630       0xc0 ./CODE/motor.o
 .debug_frame   0x00000000000026f0       0x30 d:/mounriver/mounriver_studio/toolchain/risc-v embedded gcc/bin/../lib/gcc/riscv-none-embed/8.2.0/../../../../riscv-none-embed/lib/rv32imac/ilp32\libg_nano.a(lib_a-atoi.o)
 .debug_frame   0x0000000000002720       0xd0 d:/mounriver/mounriver_studio/toolchain/risc-v embedded gcc/bin/../lib/gcc/riscv-none-embed/8.2.0/../../../../riscv-none-embed/lib/rv32imac/ilp32\libg_nano.a(lib_a-nano-vfprintf.o)
 .debug_frame   0x00000000000027f0       0x8c d:/mounriver/mounriver_studio/toolchain/risc-v embedded gcc/bin/../lib/gcc/riscv-none-embed/8.2.0/../../../../riscv-none-embed/lib/rv32imac/ilp32\libg_nano.a(lib_a-nano-vfprintf_i.o)
 .debug_frame   0x000000000000287c       0x54 d:/mounriver/mounriver_studio/toolchain/risc-v embedded gcc/bin/../lib/gcc/riscv-none-embed/8.2.0/../../../../riscv-none-embed/lib/rv32imac/ilp32\libg_nano.a(lib_a-printf.o)
 .debug_frame   0x00000000000028d0       0x54 d:/mounriver/mounriver_studio/toolchain/risc-v embedded gcc/bin/../lib/gcc/riscv-none-embed/8.2.0/../../../../riscv-none-embed/lib/rv32imac/ilp32\libg_nano.a(lib_a-puts.o)
 .debug_frame   0x0000000000002924       0x38 d:/mounriver/mounriver_studio/toolchain/risc-v embedded gcc/bin/../lib/gcc/riscv-none-embed/8.2.0/../../../../riscv-none-embed/lib/rv32imac/ilp32\libg_nano.a(lib_a-strtok.o)
 .debug_frame   0x000000000000295c       0x30 d:/mounriver/mounriver_studio/toolchain/risc-v embedded gcc/bin/../lib/gcc/riscv-none-embed/8.2.0/../../../../riscv-none-embed/lib/rv32imac/ilp32\libg_nano.a(lib_a-strtok_r.o)
 .debug_frame   0x000000000000298c       0x70 d:/mounriver/mounriver_studio/toolchain/risc-v embedded gcc/bin/../lib/gcc/riscv-none-embed/8.2.0/../../../../riscv-none-embed/lib/rv32imac/ilp32\libg_nano.a(lib_a-strtol.o)
 .debug_frame   0x00000000000029fc       0x50 d:/mounriver/mounriver_studio/toolchain/risc-v embedded gcc/bin/../lib/gcc/riscv-none-embed/8.2.0/../../../../riscv-none-embed/lib/rv32imac/ilp32\libg_nano.a(lib_a-wbuf.o)
 .debug_frame   0x0000000000002a4c       0x3c d:/mounriver/mounriver_studio/toolchain/risc-v embedded gcc/bin/../lib/gcc/riscv-none-embed/8.2.0/../../../../riscv-none-embed/lib/rv32imac/ilp32\libg_nano.a(lib_a-wsetup.o)
 .debug_frame   0x0000000000002a88       0x7c d:/mounriver/mounriver_studio/toolchain/risc-v embedded gcc/bin/../lib/gcc/riscv-none-embed/8.2.0/../../../../riscv-none-embed/lib/rv32imac/ilp32\libg_nano.a(lib_a-fflush.o)
 .debug_frame   0x0000000000002b04      0x148 d:/mounriver/mounriver_studio/toolchain/risc-v embedded gcc/bin/../lib/gcc/riscv-none-embed/8.2.0/../../../../riscv-none-embed/lib/rv32imac/ilp32\libg_nano.a(lib_a-findfp.o)
 .debug_frame   0x0000000000002c4c       0x88 d:/mounriver/mounriver_studio/toolchain/risc-v embedded gcc/bin/../lib/gcc/riscv-none-embed/8.2.0/../../../../riscv-none-embed/lib/rv32imac/ilp32\libg_nano.a(lib_a-fwalk.o)
 .debug_frame   0x0000000000002cd4       0x78 d:/mounriver/mounriver_studio/toolchain/risc-v embedded gcc/bin/../lib/gcc/riscv-none-embed/8.2.0/../../../../riscv-none-embed/lib/rv32imac/ilp32\libg_nano.a(lib_a-locale.o)
 .debug_frame   0x0000000000002d4c       0x64 d:/mounriver/mounriver_studio/toolchain/risc-v embedded gcc/bin/../lib/gcc/riscv-none-embed/8.2.0/../../../../riscv-none-embed/lib/rv32imac/ilp32\libg_nano.a(lib_a-makebuf.o)
 .debug_frame   0x0000000000002db0       0x30 d:/mounriver/mounriver_studio/toolchain/risc-v embedded gcc/bin/../lib/gcc/riscv-none-embed/8.2.0/../../../../riscv-none-embed/lib/rv32imac/ilp32\libg_nano.a(lib_a-malloc.o)
 .debug_frame   0x0000000000002de0       0x38 d:/mounriver/mounriver_studio/toolchain/risc-v embedded gcc/bin/../lib/gcc/riscv-none-embed/8.2.0/../../../../riscv-none-embed/lib/rv32imac/ilp32\libg_nano.a(lib_a-mbtowc_r.o)
 .debug_frame   0x0000000000002e18       0x20 d:/mounriver/mounriver_studio/toolchain/risc-v embedded gcc/bin/../lib/gcc/riscv-none-embed/8.2.0/../../../../riscv-none-embed/lib/rv32imac/ilp32\libg_nano.a(lib_a-memchr.o)
 .debug_frame   0x0000000000002e38       0x40 d:/mounriver/mounriver_studio/toolchain/risc-v embedded gcc/bin/../lib/gcc/riscv-none-embed/8.2.0/../../../../riscv-none-embed/lib/rv32imac/ilp32\libg_nano.a(lib_a-nano-freer.o)
 .debug_frame   0x0000000000002e78       0x40 d:/mounriver/mounriver_studio/toolchain/risc-v embedded gcc/bin/../lib/gcc/riscv-none-embed/8.2.0/../../../../riscv-none-embed/lib/rv32imac/ilp32\libg_nano.a(lib_a-nano-mallocr.o)
 .debug_frame   0x0000000000002eb8       0x30 d:/mounriver/mounriver_studio/toolchain/risc-v embedded gcc/bin/../lib/gcc/riscv-none-embed/8.2.0/../../../../riscv-none-embed/lib/rv32imac/ilp32\libg_nano.a(lib_a-sbrkr.o)
 .debug_frame   0x0000000000002ee8       0xa4 d:/mounriver/mounriver_studio/toolchain/risc-v embedded gcc/bin/../lib/gcc/riscv-none-embed/8.2.0/../../../../riscv-none-embed/lib/rv32imac/ilp32\libg_nano.a(lib_a-stdio.o)
 .debug_frame   0x0000000000002f8c       0x30 d:/mounriver/mounriver_studio/toolchain/risc-v embedded gcc/bin/../lib/gcc/riscv-none-embed/8.2.0/../../../../riscv-none-embed/lib/rv32imac/ilp32\libg_nano.a(lib_a-wctomb_r.o)
 .debug_frame   0x0000000000002fbc       0x30 d:/mounriver/mounriver_studio/toolchain/risc-v embedded gcc/bin/../lib/gcc/riscv-none-embed/8.2.0/../../../../riscv-none-embed/lib/rv32imac/ilp32\libg_nano.a(lib_a-writer.o)
 .debug_frame   0x0000000000002fec       0x30 d:/mounriver/mounriver_studio/toolchain/risc-v embedded gcc/bin/../lib/gcc/riscv-none-embed/8.2.0/../../../../riscv-none-embed/lib/rv32imac/ilp32\libg_nano.a(lib_a-closer.o)
 .debug_frame   0x000000000000301c       0x30 d:/mounriver/mounriver_studio/toolchain/risc-v embedded gcc/bin/../lib/gcc/riscv-none-embed/8.2.0/../../../../riscv-none-embed/lib/rv32imac/ilp32\libg_nano.a(lib_a-fstatr.o)
 .debug_frame   0x000000000000304c       0x30 d:/mounriver/mounriver_studio/toolchain/risc-v embedded gcc/bin/../lib/gcc/riscv-none-embed/8.2.0/../../../../riscv-none-embed/lib/rv32imac/ilp32\libg_nano.a(lib_a-isattyr.o)
 .debug_frame   0x000000000000307c       0x30 d:/mounriver/mounriver_studio/toolchain/risc-v embedded gcc/bin/../lib/gcc/riscv-none-embed/8.2.0/../../../../riscv-none-embed/lib/rv32imac/ilp32\libg_nano.a(lib_a-lseekr.o)
 .debug_frame   0x00000000000030ac       0x30 d:/mounriver/mounriver_studio/toolchain/risc-v embedded gcc/bin/../lib/gcc/riscv-none-embed/8.2.0/../../../../riscv-none-embed/lib/rv32imac/ilp32\libg_nano.a(lib_a-mlock.o)
 .debug_frame   0x00000000000030dc       0x30 d:/mounriver/mounriver_studio/toolchain/risc-v embedded gcc/bin/../lib/gcc/riscv-none-embed/8.2.0/../../../../riscv-none-embed/lib/rv32imac/ilp32\libg_nano.a(lib_a-readr.o)
 .debug_frame   0x000000000000310c       0x70 d:/mounriver/mounriver_studio/toolchain/risc-v embedded gcc/bin/../lib/gcc/riscv-none-embed/8.2.0/../../../../riscv-none-embed/lib/rv32imac/ilp32\libg_nano.a(lib_a-reent.o)
 .debug_frame   0x000000000000317c       0x20 d:/mounriver/mounriver_studio/toolchain/risc-v embedded gcc/bin/../lib/gcc/riscv-none-embed/8.2.0/../../../../riscv-none-embed/lib/rv32imac/ilp32\libnosys.a(close.o)
 .debug_frame   0x000000000000319c       0x20 d:/mounriver/mounriver_studio/toolchain/risc-v embedded gcc/bin/../lib/gcc/riscv-none-embed/8.2.0/../../../../riscv-none-embed/lib/rv32imac/ilp32\libnosys.a(fstat.o)
 .debug_frame   0x00000000000031bc       0x20 d:/mounriver/mounriver_studio/toolchain/risc-v embedded gcc/bin/../lib/gcc/riscv-none-embed/8.2.0/../../../../riscv-none-embed/lib/rv32imac/ilp32\libnosys.a(isatty.o)
 .debug_frame   0x00000000000031dc       0x20 d:/mounriver/mounriver_studio/toolchain/risc-v embedded gcc/bin/../lib/gcc/riscv-none-embed/8.2.0/../../../../riscv-none-embed/lib/rv32imac/ilp32\libnosys.a(lseek.o)
 .debug_frame   0x00000000000031fc       0x20 d:/mounriver/mounriver_studio/toolchain/risc-v embedded gcc/bin/../lib/gcc/riscv-none-embed/8.2.0/../../../../riscv-none-embed/lib/rv32imac/ilp32\libnosys.a(read.o)
 .debug_frame   0x000000000000321c       0x20 d:/mounriver/mounriver_studio/toolchain/risc-v embedded gcc/bin/../lib/gcc/riscv-none-embed/8.2.0/../../../../riscv-none-embed/lib/rv32imac/ilp32\libnosys.a(sbrk.o)

.stab           0x0000000000000000       0x84
 .stab          0x0000000000000000       0x24 d:/mounriver/mounriver_studio/toolchain/risc-v embedded gcc/bin/../lib/gcc/riscv-none-embed/8.2.0/../../../../riscv-none-embed/lib/rv32imac/ilp32\libnosys.a(close.o)
 .stab          0x0000000000000024       0x18 d:/mounriver/mounriver_studio/toolchain/risc-v embedded gcc/bin/../lib/gcc/riscv-none-embed/8.2.0/../../../../riscv-none-embed/lib/rv32imac/ilp32\libnosys.a(fstat.o)
                                         0x24 (size before relaxing)
 .stab          0x000000000000003c       0x18 d:/mounriver/mounriver_studio/toolchain/risc-v embedded gcc/bin/../lib/gcc/riscv-none-embed/8.2.0/../../../../riscv-none-embed/lib/rv32imac/ilp32\libnosys.a(isatty.o)
                                         0x24 (size before relaxing)
 .stab          0x0000000000000054       0x18 d:/mounriver/mounriver_studio/toolchain/risc-v embedded gcc/bin/../lib/gcc/riscv-none-embed/8.2.0/../../../../riscv-none-embed/lib/rv32imac/ilp32\libnosys.a(lseek.o)
                                         0x24 (size before relaxing)
 .stab          0x000000000000006c       0x18 d:/mounriver/mounriver_studio/toolchain/risc-v embedded gcc/bin/../lib/gcc/riscv-none-embed/8.2.0/../../../../riscv-none-embed/lib/rv32imac/ilp32\libnosys.a(read.o)
                                         0x24 (size before relaxing)

.stabstr        0x0000000000000000      0x183
 .stabstr       0x0000000000000000      0x183 d:/mounriver/mounriver_studio/toolchain/risc-v embedded gcc/bin/../lib/gcc/riscv-none-embed/8.2.0/../../../../riscv-none-embed/lib/rv32imac/ilp32\libnosys.a(close.o)
