Archive member included to satisfy reference by file (symbol)

d:/mounriver/mounriver_studio/toolchain/risc-v embedded gcc/bin/../lib/gcc/riscv-none-embed/8.2.0/../../../../riscv-none-embed/lib/rv32imac/ilp32\libm.a(lib_a-s_cos.o)
                              ./CODE/mecanum_motion.o (cos)
d:/mounriver/mounriver_studio/toolchain/risc-v embedded gcc/bin/../lib/gcc/riscv-none-embed/8.2.0/../../../../riscv-none-embed/lib/rv32imac/ilp32\libm.a(lib_a-s_sin.o)
                              ./CODE/mecanum_motion.o (sin)
d:/mounriver/mounriver_studio/toolchain/risc-v embedded gcc/bin/../lib/gcc/riscv-none-embed/8.2.0/../../../../riscv-none-embed/lib/rv32imac/ilp32\libm.a(lib_a-w_sqrt.o)
                              ./CODE/mecanum_motion.o (sqrt)
d:/mounriver/mounriver_studio/toolchain/risc-v embedded gcc/bin/../lib/gcc/riscv-none-embed/8.2.0/../../../../riscv-none-embed/lib/rv32imac/ilp32\libm.a(lib_a-wf_atan2.o)
                              ./CODE/mecanum_motion.o (atan2f)
d:/mounriver/mounriver_studio/toolchain/risc-v embedded gcc/bin/../lib/gcc/riscv-none-embed/8.2.0/../../../../riscv-none-embed/lib/rv32imac/ilp32\libm.a(lib_a-e_rem_pio2.o)
                              d:/mounriver/mounriver_studio/toolchain/risc-v embedded gcc/bin/../lib/gcc/riscv-none-embed/8.2.0/../../../../riscv-none-embed/lib/rv32imac/ilp32\libm.a(lib_a-s_cos.o) (__ieee754_rem_pio2)
d:/mounriver/mounriver_studio/toolchain/risc-v embedded gcc/bin/../lib/gcc/riscv-none-embed/8.2.0/../../../../riscv-none-embed/lib/rv32imac/ilp32\libm.a(lib_a-e_sqrt.o)
                              d:/mounriver/mounriver_studio/toolchain/risc-v embedded gcc/bin/../lib/gcc/riscv-none-embed/8.2.0/../../../../riscv-none-embed/lib/rv32imac/ilp32\libm.a(lib_a-w_sqrt.o) (__ieee754_sqrt)
d:/mounriver/mounriver_studio/toolchain/risc-v embedded gcc/bin/../lib/gcc/riscv-none-embed/8.2.0/../../../../riscv-none-embed/lib/rv32imac/ilp32\libm.a(lib_a-ef_atan2.o)
                              d:/mounriver/mounriver_studio/toolchain/risc-v embedded gcc/bin/../lib/gcc/riscv-none-embed/8.2.0/../../../../riscv-none-embed/lib/rv32imac/ilp32\libm.a(lib_a-wf_atan2.o) (__ieee754_atan2f)
d:/mounriver/mounriver_studio/toolchain/risc-v embedded gcc/bin/../lib/gcc/riscv-none-embed/8.2.0/../../../../riscv-none-embed/lib/rv32imac/ilp32\libm.a(lib_a-k_cos.o)
                              d:/mounriver/mounriver_studio/toolchain/risc-v embedded gcc/bin/../lib/gcc/riscv-none-embed/8.2.0/../../../../riscv-none-embed/lib/rv32imac/ilp32\libm.a(lib_a-s_cos.o) (__kernel_cos)
d:/mounriver/mounriver_studio/toolchain/risc-v embedded gcc/bin/../lib/gcc/riscv-none-embed/8.2.0/../../../../riscv-none-embed/lib/rv32imac/ilp32\libm.a(lib_a-k_rem_pio2.o)
                              d:/mounriver/mounriver_studio/toolchain/risc-v embedded gcc/bin/../lib/gcc/riscv-none-embed/8.2.0/../../../../riscv-none-embed/lib/rv32imac/ilp32\libm.a(lib_a-e_rem_pio2.o) (__kernel_rem_pio2)
d:/mounriver/mounriver_studio/toolchain/risc-v embedded gcc/bin/../lib/gcc/riscv-none-embed/8.2.0/../../../../riscv-none-embed/lib/rv32imac/ilp32\libm.a(lib_a-k_sin.o)
                              d:/mounriver/mounriver_studio/toolchain/risc-v embedded gcc/bin/../lib/gcc/riscv-none-embed/8.2.0/../../../../riscv-none-embed/lib/rv32imac/ilp32\libm.a(lib_a-s_cos.o) (__kernel_sin)
d:/mounriver/mounriver_studio/toolchain/risc-v embedded gcc/bin/../lib/gcc/riscv-none-embed/8.2.0/../../../../riscv-none-embed/lib/rv32imac/ilp32\libm.a(lib_a-s_fabs.o)
                              d:/mounriver/mounriver_studio/toolchain/risc-v embedded gcc/bin/../lib/gcc/riscv-none-embed/8.2.0/../../../../riscv-none-embed/lib/rv32imac/ilp32\libm.a(lib_a-e_rem_pio2.o) (fabs)
d:/mounriver/mounriver_studio/toolchain/risc-v embedded gcc/bin/../lib/gcc/riscv-none-embed/8.2.0/../../../../riscv-none-embed/lib/rv32imac/ilp32\libm.a(lib_a-s_floor.o)
                              d:/mounriver/mounriver_studio/toolchain/risc-v embedded gcc/bin/../lib/gcc/riscv-none-embed/8.2.0/../../../../riscv-none-embed/lib/rv32imac/ilp32\libm.a(lib_a-k_rem_pio2.o) (floor)
d:/mounriver/mounriver_studio/toolchain/risc-v embedded gcc/bin/../lib/gcc/riscv-none-embed/8.2.0/../../../../riscv-none-embed/lib/rv32imac/ilp32\libm.a(lib_a-s_lib_ver.o)
                              d:/mounriver/mounriver_studio/toolchain/risc-v embedded gcc/bin/../lib/gcc/riscv-none-embed/8.2.0/../../../../riscv-none-embed/lib/rv32imac/ilp32\libm.a(lib_a-w_sqrt.o) (__fdlib_version)
d:/mounriver/mounriver_studio/toolchain/risc-v embedded gcc/bin/../lib/gcc/riscv-none-embed/8.2.0/../../../../riscv-none-embed/lib/rv32imac/ilp32\libm.a(lib_a-s_matherr.o)
                              d:/mounriver/mounriver_studio/toolchain/risc-v embedded gcc/bin/../lib/gcc/riscv-none-embed/8.2.0/../../../../riscv-none-embed/lib/rv32imac/ilp32\libm.a(lib_a-w_sqrt.o) (matherr)
[...]
Memory Configuration

Name             Origin             Length             Attributes
FLASH            0x0000000000000000 0x0000000000010000 xr
RAM              0x0000000020000000 0x0000000000005000 xrw
*default*        0x0000000000000000 0xffffffffffffffff

Linker script and memory map

LOAD ./USER/isr.o
LOAD ./USER/main.o
LOAD ./Libraries/wch_libraries/Startup/startup_ch32v10x.o
LOAD ./Libraries/wch_libraries/Peripheral/ch32v10x_adc.o
LOAD ./Libraries/wch_libraries/Peripheral/ch32v10x_bkp.o
LOAD ./Libraries/wch_libraries/Peripheral/ch32v10x_crc.o
LOAD ./Libraries/wch_libraries/Peripheral/ch32v10x_dbgmcu.o
LOAD ./Libraries/wch_libraries/Peripheral/ch32v10x_dma.o
LOAD ./Libraries/wch_libraries/Peripheral/ch32v10x_exti.o
LOAD ./Libraries/wch_libraries/Peripheral/ch32v10x_flash.o
LOAD ./Libraries/wch_libraries/Peripheral/ch32v10x_gpio.o
LOAD ./Libraries/wch_libraries/Peripheral/ch32v10x_i2c.o
LOAD ./Libraries/wch_libraries/Peripheral/ch32v10x_iwdg.o
LOAD ./Libraries/wch_libraries/Peripheral/ch32v10x_misc.o
LOAD ./Libraries/wch_libraries/Peripheral/ch32v10x_pwr.o
LOAD ./Libraries/wch_libraries/Peripheral/ch32v10x_rcc.o
LOAD ./Libraries/wch_libraries/Peripheral/ch32v10x_rtc.o
LOAD ./Libraries/wch_libraries/Peripheral/ch32v10x_spi.o
LOAD ./Libraries/wch_libraries/Peripheral/ch32v10x_tim.o
LOAD ./Libraries/wch_libraries/Peripheral/ch32v10x_usart.o
LOAD ./Libraries/wch_libraries/Peripheral/ch32v10x_usb.o
LOAD ./Libraries/wch_libraries/Peripheral/ch32v10x_usb_host.o
LOAD ./Libraries/wch_libraries/Peripheral/ch32v10x_wwdg.o
LOAD ./Libraries/wch_libraries/Core/core_riscv.o
LOAD ./Libraries/seekfree_peripheral/SEEKFREE_18TFT.o
LOAD ./Libraries/seekfree_peripheral/SEEKFREE_ABSOLUTE_ENCODER.o
LOAD ./Libraries/seekfree_peripheral/SEEKFREE_FONT.o
LOAD ./Libraries/seekfree_peripheral/SEEKFREE_ICM20602.o
LOAD ./Libraries/seekfree_peripheral/SEEKFREE_IIC.o
LOAD ./Libraries/seekfree_peripheral/SEEKFREE_IPS114_SPI.o
LOAD ./Libraries/seekfree_peripheral/SEEKFREE_MPU6050.o
LOAD ./Libraries/seekfree_peripheral/SEEKFREE_MT9V03X.o
LOAD ./Libraries/seekfree_peripheral/SEEKFREE_OLED.o
LOAD ./Libraries/seekfree_peripheral/SEEKFREE_PRINTF.o
LOAD ./Libraries/seekfree_peripheral/SEEKFREE_TSL1401.o
LOAD ./Libraries/seekfree_peripheral/SEEKFREE_UART_7725.o
LOAD ./Libraries/seekfree_peripheral/SEEKFREE_VIRSCO.o
LOAD ./Libraries/seekfree_peripheral/SEEKFREE_WIRELESS.o
LOAD ./Libraries/seekfree_libraries/common.o
LOAD ./Libraries/seekfree_libraries/misc.o
LOAD ./Libraries/seekfree_libraries/zf_adc.o
LOAD ./Libraries/seekfree_libraries/zf_camera.o
LOAD ./Libraries/seekfree_libraries/zf_flash.o
LOAD ./Libraries/seekfree_libraries/zf_gpio.o
LOAD ./Libraries/seekfree_libraries/zf_nvic.o
LOAD ./Libraries/seekfree_libraries/zf_pit.o
LOAD ./Libraries/seekfree_libraries/zf_pwm.o
LOAD ./Libraries/seekfree_libraries/zf_qtimer.o
LOAD ./Libraries/seekfree_libraries/zf_spi.o
LOAD ./Libraries/seekfree_libraries/zf_systick.o
LOAD ./Libraries/seekfree_libraries/zf_uart.o
LOAD ./Libraries/rtthread_libraries/src/clock.o
LOAD ./Libraries/rtthread_libraries/src/components.o
LOAD ./Libraries/rtthread_libraries/src/cpu.o
LOAD ./Libraries/rtthread_libraries/src/idle.o
LOAD ./Libraries/rtthread_libraries/src/ipc.o
LOAD ./Libraries/rtthread_libraries/src/irq.o
LOAD ./Libraries/rtthread_libraries/src/kservice.o
LOAD ./Libraries/rtthread_libraries/src/mem.o
LOAD ./Libraries/rtthread_libraries/src/memheap.o
LOAD ./Libraries/rtthread_libraries/src/mempool.o
LOAD ./Libraries/rtthread_libraries/src/object.o
LOAD ./Libraries/rtthread_libraries/src/scheduler.o
LOAD ./Libraries/rtthread_libraries/src/slab.o
LOAD ./Libraries/rtthread_libraries/src/thread.o
LOAD ./Libraries/rtthread_libraries/src/timer.o
LOAD ./Libraries/rtthread_libraries/libcpu/context_gcc.o
LOAD ./Libraries/rtthread_libraries/libcpu/cpuport.o
LOAD ./Libraries/rtthread_libraries/libcpu/interrupt_gcc.o
LOAD ./Libraries/rtthread_libraries/components/finsh/cmd.o
LOAD ./Libraries/rtthread_libraries/components/finsh/msh.o
LOAD ./Libraries/rtthread_libraries/components/finsh/shell.o
LOAD ./Libraries/board/board.o
LOAD ./Libraries/board/clock_config.o
LOAD ./CODE/button.o
LOAD ./CODE/buzzer.o
LOAD ./CODE/display.o
LOAD ./CODE/elec.o
LOAD ./CODE/encoder.o
LOAD ./CODE/mecanum_chassis.o
LOAD ./CODE/mecanum_motion.o
LOAD ./CODE/motor.o
LOAD ./CODE/sci_compute.o
LOAD ./CODE/timer_pit.o
LOAD d:/mounriver/mounriver_studio/toolchain/risc-v embedded gcc/bin/../lib/gcc/riscv-none-embed/8.2.0/../../../../riscv-none-embed/lib/rv32imac/ilp32\libm.a
LOAD d:/mounriver/mounriver_studio/toolchain/risc-v embedded gcc/bin/../lib/gcc/riscv-none-embed/8.2.0/rv32imac/ilp32\libgcc.a
LOAD d:/mounriver/mounriver_studio/toolchain/risc-v embedded gcc/bin/../lib/gcc/riscv-none-embed/8.2.0/../../../../riscv-none-embed/lib/rv32imac/ilp32\libg_nano.a
LOAD d:/mounriver/mounriver_studio/toolchain/risc-v embedded gcc/bin/../lib/gcc/riscv-none-embed/8.2.0/../../../../riscv-none-embed/lib/rv32imac/ilp32\libc_nano.a
LOAD d:/mounriver/mounriver_studio/toolchain/risc-v embedded gcc/bin/../lib/gcc/riscv-none-embed/8.2.0/rv32imac/ilp32\libgcc.a
START GROUP
LOAD d:/mounriver/mounriver_studio/toolchain/risc-v embedded gcc/bin/../lib/gcc/riscv-none-embed/8.2.0/rv32imac/ilp32\libgcc.a
LOAD d:/mounriver/mounriver_studio/toolchain/risc-v embedded gcc/bin/../lib/gcc/riscv-none-embed/8.2.0/../../../../riscv-none-embed/lib/rv32imac/ilp32\libc_nano.a
LOAD d:/mounriver/mounriver_studio/toolchain/risc-v embedded gcc/bin/../lib/gcc/riscv-none-embed/8.2.0/../../../../riscv-none-embed/lib/rv32imac/ilp32\libnosys.a
END GROUP
START GROUP
LOAD d:/mounriver/mounriver_studio/toolchain/risc-v embedded gcc/bin/../lib/gcc/riscv-none-embed/8.2.0/rv32imac/ilp32\libgcc.a
LOAD d:/mounriver/mounriver_studio/toolchain/risc-v embedded gcc/bin/../lib/gcc/riscv-none-embed/8.2.0/../../../../riscv-none-embed/lib/rv32imac/ilp32\libc_nano.a
LOAD d:/mounriver/mounriver_studio/toolchain/risc-v embedded gcc/bin/../lib/gcc/riscv-none-embed/8.2.0/../../../../riscv-none-embed/lib/rv32imac/ilp32\libnosys.a
END GROUP
                0x0000000000000100                __stack_size = 0x100
                [!provide]                        PROVIDE (_stack_size = __stack_size)

.init           0x0000000000000000       0x38
                0x0000000000000000                _sinit = .
                0x0000000000000000                . = ALIGN (0x4)
 *(SORT_NONE(.init))
 .init          0x0000000000000000       0x38 ./Libraries/wch_libraries/Startup/startup_ch32v10x.o
                0x0000000000000000                _start
                0x0000000000000038                . = ALIGN (0x4)
                0x0000000000000038                _einit = .

.vector         0x0000000000000038      0x108
 *(.vector)
 .vector        0x0000000000000038       0xf0 ./Libraries/wch_libraries/Startup/startup_ch32v10x.o
                0x0000000000000140                . = ALIGN (0x40)
 *fill*         0x0000000000000128       0x18 

.text           0x0000000000000140     0x7ee8
                0x0000000000000140                . = ALIGN (0x4)
 *(.text)
 .text          0x0000000000000140       0xce ./Libraries/rtthread_libraries/libcpu/context_gcc.o
                0x0000000000000140                rt_hw_interrupt_disable
                0x0000000000000146                rt_hw_interrupt_enable
                0x000000000000014c                rt_hw_context_switch_to
                0x0000000000000160                SW_handler
                0x00000000000001c0                rt_hw_context_switch_exit
 .text          0x000000000000020e       0xa8 d:/mounriver/mounriver_studio/toolchain/risc-v embedded gcc/bin/../lib/gcc/riscv-none-embed/8.2.0/../../../../riscv-none-embed/lib/rv32imac/ilp32\libg_nano.a(lib_a-memset.o)
                0x000000000000020e                memset
 *(.text.*)
 .text.EXTI0_IRQHandler
                0x00000000000002b6       0x64 ./USER/isr.o
                0x00000000000002b6                EXTI0_IRQHandler
 .text.EXTI1_IRQHandler
                0x000000000000031a       0x84 ./USER/isr.o
                0x000000000000031a                EXTI1_IRQHandler
 .text.EXTI2_IRQHandler
                0x000000000000039e       0x64 ./USER/isr.o
                0x000000000000039e                EXTI2_IRQHandler
 .text.EXTI3_IRQHandler
                0x0000000000000402       0x64 ./USER/isr.o
                0x0000000000000402                EXTI3_IRQHandler
 .text.EXTI4_IRQHandler
                0x0000000000000466       0x64 ./USER/isr.o
                0x0000000000000466                EXTI4_IRQHandler
 .text.EXTI9_5_IRQHandler
                0x00000000000004ca       0xc6 ./USER/isr.o
                0x00000000000004ca                EXTI9_5_IRQHandler
 .text.EXTI15_10_IRQHandler
                0x0000000000000590       0xd2 ./USER/isr.o
                0x0000000000000590                EXTI15_10_IRQHandler
 .text.ADC1_2_IRQHandler
                0x0000000000000662       0x50 ./USER/isr.o
                0x0000000000000662                ADC1_2_IRQHandler
 .text.TIM1_BRK_IRQHandler
                0x00000000000006b2       0x74 ./USER/isr.o
                0x00000000000006b2                TIM1_BRK_IRQHandler
 .text.TIM1_UP_IRQHandler
                0x0000000000000726       0x70 ./USER/isr.o
                0x0000000000000726                TIM1_UP_IRQHandler
 .text.TIM1_TRG_COM_IRQHandler
                0x0000000000000796       0x98 ./USER/isr.o
                0x0000000000000796                TIM1_TRG_COM_IRQHandler
 .text.TIM1_CC_IRQHandler
                0x000000000000082e       0xd0 ./USER/isr.o
                0x000000000000082e                TIM1_CC_IRQHandler
 .text.TIM2_IRQHandler
                0x00000000000008fe       0x2e ./USER/isr.o
                0x00000000000008fe                TIM2_IRQHandler
 .text.TIM3_IRQHandler
                0x000000000000092c       0x70 ./USER/isr.o
                0x000000000000092c                TIM3_IRQHandler
 .text.TIM4_IRQHandler
                0x000000000000099c       0x70 ./USER/isr.o
                0x000000000000099c                TIM4_IRQHandler
 .text.USART2_IRQHandler
                0x0000000000000a0c       0x82 ./USER/isr.o
                0x0000000000000a0c                USART2_IRQHandler
 .text.USART3_IRQHandler
                0x0000000000000a8e       0x50 ./USER/isr.o
                0x0000000000000a8e                USART3_IRQHandler
 .text.DMA1_Channel4_IRQHandler
                0x0000000000000ade       0x7e ./USER/isr.o
                0x0000000000000ade                DMA1_Channel4_IRQHandler
 .text.NMI_Handler
                0x0000000000000b5c       0x50 ./USER/isr.o
                0x0000000000000b5c                NMI_Handler
 .text.HardFault_Handler
                0x0000000000000bac       0x28 ./USER/isr.o
                0x0000000000000bac                HardFault_Handler
 .text.WWDG_IRQHandler
                0x0000000000000bd4       0x50 ./USER/isr.o
                0x0000000000000bd4                WWDG_IRQHandler
 .text.TAMPER_IRQHandler
                0x0000000000000c24       0x12 ./USER/isr.o
                0x0000000000000c24                TAMPER_IRQHandler
 .text.RTC_IRQHandler
                0x0000000000000c36       0x12 ./USER/isr.o
                0x0000000000000c36                RTC_IRQHandler
 .text.FLASH_IRQHandler
                0x0000000000000c48       0x12 ./USER/isr.o
                0x0000000000000c48                FLASH_IRQHandler
 .text.RCC_IRQHandler
                0x0000000000000c5a       0x12 ./USER/isr.o
                0x0000000000000c5a                RCC_IRQHandler
 .text.DMA1_Channel1_IRQHandler
                0x0000000000000c6c       0x50 ./USER/isr.o
                0x0000000000000c6c                DMA1_Channel1_IRQHandler
 .text.DMA1_Channel2_IRQHandler
                0x0000000000000cbc       0x50 ./USER/isr.o
                0x0000000000000cbc                DMA1_Channel2_IRQHandler
 .text.DMA1_Channel3_IRQHandler
                0x0000000000000d0c       0x50 ./USER/isr.o
                0x0000000000000d0c                DMA1_Channel3_IRQHandler
 .text.DMA1_Channel5_IRQHandler
                0x0000000000000d5c       0x50 ./USER/isr.o
                0x0000000000000d5c                DMA1_Channel5_IRQHandler
 .text.DMA1_Channel6_IRQHandler
                0x0000000000000dac       0x50 ./USER/isr.o
                0x0000000000000dac                DMA1_Channel6_IRQHandler
 .text.DMA1_Channel7_IRQHandler
                0x0000000000000dfc       0x50 ./USER/isr.o
                0x0000000000000dfc                DMA1_Channel7_IRQHandler
 .text.main     0x0000000000000e4c      0x100 ./USER/main.o
                0x0000000000000e4c                main
 .text.handle_reset
                0x0000000000000f4c       0x86 ./Libraries/wch_libraries/Startup/startup_ch32v10x.o
                0x0000000000000f4c                handle_reset
 .text.ADC_RegularChannelConfig
                0x0000000000000fd2       0xba ./Libraries/wch_libraries/Peripheral/ch32v10x_adc.o
                0x0000000000000fd2                ADC_RegularChannelConfig
 .text.DMA_GetFlagStatus
                0x000000000000108c       0x20 ./Libraries/wch_libraries/Peripheral/ch32v10x_dma.o
                0x000000000000108c                DMA_GetFlagStatus
 .text.DMA_ClearFlag
                0x00000000000010ac       0x1a ./Libraries/wch_libraries/Peripheral/ch32v10x_dma.o
                0x00000000000010ac                DMA_ClearFlag
 .text.EXTI_GetITStatus
                0x00000000000010c6       0x1c ./Libraries/wch_libraries/Peripheral/ch32v10x_exti.o
                0x00000000000010c6                EXTI_GetITStatus
 .text.EXTI_ClearITPendingBit
                0x00000000000010e2        0xa ./Libraries/wch_libraries/Peripheral/ch32v10x_exti.o
                0x00000000000010e2                EXTI_ClearITPendingBit
 .text.GPIO_Init
                0x00000000000010ec       0xca ./Libraries/wch_libraries/Peripheral/ch32v10x_gpio.o
                0x00000000000010ec                GPIO_Init
 .text.GPIO_WriteBit
                0x00000000000011b6        0xa ./Libraries/wch_libraries/Peripheral/ch32v10x_gpio.o
                0x00000000000011b6                GPIO_WriteBit
 .text.GPIO_PinRemapConfig
                0x00000000000011c0       0x9a ./Libraries/wch_libraries/Peripheral/ch32v10x_gpio.o
                0x00000000000011c0                GPIO_PinRemapConfig
 .text.NVIC_Init
                0x000000000000125a       0xae ./Libraries/wch_libraries/Peripheral/ch32v10x_misc.o
                0x000000000000125a                NVIC_Init
 .text.RCC_GetClocksFreq
                0x0000000000001308       0xf2 ./Libraries/wch_libraries/Peripheral/ch32v10x_rcc.o
                0x0000000000001308                RCC_GetClocksFreq
 .text.RCC_APB2PeriphClockCmd
                0x00000000000013fa       0x1e ./Libraries/wch_libraries/Peripheral/ch32v10x_rcc.o
                0x00000000000013fa                RCC_APB2PeriphClockCmd
 .text.RCC_APB1PeriphClockCmd
                0x0000000000001418       0x1e ./Libraries/wch_libraries/Peripheral/ch32v10x_rcc.o
                0x0000000000001418                RCC_APB1PeriphClockCmd
 .text.SPI_Init
                0x0000000000001436       0x5a ./Libraries/wch_libraries/Peripheral/ch32v10x_spi.o
                0x0000000000001436                SPI_Init
 .text.SPI_Cmd  0x0000000000001490       0x26 ./Libraries/wch_libraries/Peripheral/ch32v10x_spi.o
                0x0000000000001490                SPI_Cmd
 .text.TIM_TimeBaseInit
                0x00000000000014b6       0xb6 ./Libraries/wch_libraries/Peripheral/ch32v10x_tim.o
                0x00000000000014b6                TIM_TimeBaseInit
 .text.TIM_OC1Init
                0x000000000000156c       0x8a ./Libraries/wch_libraries/Peripheral/ch32v10x_tim.o
                0x000000000000156c                TIM_OC1Init
 .text.TIM_OC2Init
                0x00000000000015f6       0xb2 ./Libraries/wch_libraries/Peripheral/ch32v10x_tim.o
                0x00000000000015f6                TIM_OC2Init
 .text.TIM_OC3Init
                0x00000000000016a8       0xb0 ./Libraries/wch_libraries/Peripheral/ch32v10x_tim.o
                0x00000000000016a8                TIM_OC3Init
 .text.TIM_OC4Init
                0x0000000000001758       0x84 ./Libraries/wch_libraries/Peripheral/ch32v10x_tim.o
                0x0000000000001758                TIM_OC4Init
 .text.TIM_Cmd  0x00000000000017dc       0x24 ./Libraries/wch_libraries/Peripheral/ch32v10x_tim.o
                0x00000000000017dc                TIM_Cmd
 .text.TIM_CtrlPWMOutputs
                0x0000000000001800       0x1e ./Libraries/wch_libraries/Peripheral/ch32v10x_tim.o
                0x0000000000001800                TIM_CtrlPWMOutputs
 .text.TIM_OC1PreloadConfig
                0x000000000000181e       0x12 ./Libraries/wch_libraries/Peripheral/ch32v10x_tim.o
                0x000000000000181e                TIM_OC1PreloadConfig
 .text.TIM_OC2PreloadConfig
                0x0000000000001830       0x1a ./Libraries/wch_libraries/Peripheral/ch32v10x_tim.o
                0x0000000000001830                TIM_OC2PreloadConfig
 .text.TIM_OC3PreloadConfig
                0x000000000000184a       0x12 ./Libraries/wch_libraries/Peripheral/ch32v10x_tim.o
                0x000000000000184a                TIM_OC3PreloadConfig
 .text.TIM_OC4PreloadConfig
                0x000000000000185c       0x1a ./Libraries/wch_libraries/Peripheral/ch32v10x_tim.o
                0x000000000000185c                TIM_OC4PreloadConfig
 .text.TIM_OC1FastConfig
                0x0000000000001876       0x12 ./Libraries/wch_libraries/Peripheral/ch32v10x_tim.o
                0x0000000000001876                TIM_OC1FastConfig
 .text.TIM_OC2FastConfig
                0x0000000000001888       0x1a ./Libraries/wch_libraries/Peripheral/ch32v10x_tim.o
                0x0000000000001888                TIM_OC2FastConfig
 .text.TIM_OC3FastConfig
                0x00000000000018a2       0x12 ./Libraries/wch_libraries/Peripheral/ch32v10x_tim.o
                0x00000000000018a2                TIM_OC3FastConfig
 .text.TIM_OC4FastConfig
                0x00000000000018b4       0x1a ./Libraries/wch_libraries/Peripheral/ch32v10x_tim.o
                0x00000000000018b4                TIM_OC4FastConfig
 .text.TIM_GetITStatus
                0x00000000000018ce       0x1c ./Libraries/wch_libraries/Peripheral/ch32v10x_tim.o
                0x00000000000018ce                TIM_GetITStatus
 .text.TIM_ClearITPendingBit
                0x00000000000018ea        0xe ./Libraries/wch_libraries/Peripheral/ch32v10x_tim.o
                0x00000000000018ea                TIM_ClearITPendingBit
 .text.USART_Init
                0x00000000000018f8       0xf8 ./Libraries/wch_libraries/Peripheral/ch32v10x_usart.o
                0x00000000000018f8                USART_Init
 .text.USART_Cmd
                0x00000000000019f0       0x20 ./Libraries/wch_libraries/Peripheral/ch32v10x_usart.o
                0x00000000000019f0                USART_Cmd
 .text.USART_ITConfig
                0x0000000000001a10       0x3c ./Libraries/wch_libraries/Peripheral/ch32v10x_usart.o
                0x0000000000001a10                USART_ITConfig
 .text.USART_SendData
                0x0000000000001a4c        0xa ./Libraries/wch_libraries/Peripheral/ch32v10x_usart.o
                0x0000000000001a4c                USART_SendData
 .text.USART_GetFlagStatus
                0x0000000000001a56        0xc ./Libraries/wch_libraries/Peripheral/ch32v10x_usart.o
                0x0000000000001a56                USART_GetFlagStatus
 .text.USART_GetITStatus
                0x0000000000001a62       0x4c ./Libraries/wch_libraries/Peripheral/ch32v10x_usart.o
                0x0000000000001a62                USART_GetITStatus
 .text.ips114_writeIndex
                0x0000000000001aae       0x34 ./Libraries/seekfree_peripheral/SEEKFREE_IPS114_SPI.o
                0x0000000000001aae                ips114_writeIndex
 .text.ips114_writeData
                0x0000000000001ae2       0x34 ./Libraries/seekfree_peripheral/SEEKFREE_IPS114_SPI.o
                0x0000000000001ae2                ips114_writeData
 .text.ips114_writedata_16bit
                0x0000000000001b16       0x3a ./Libraries/seekfree_peripheral/SEEKFREE_IPS114_SPI.o
                0x0000000000001b16                ips114_writedata_16bit
 .text.ips114_set_region
                0x0000000000001b50       0x5c ./Libraries/seekfree_peripheral/SEEKFREE_IPS114_SPI.o
                0x0000000000001b50                ips114_set_region
 .text.ips114_clear
                0x0000000000001bac       0x50 ./Libraries/seekfree_peripheral/SEEKFREE_IPS114_SPI.o
                0x0000000000001bac                ips114_clear
 .text.ips114_init
                0x0000000000001bfc      0x1c8 ./Libraries/seekfree_peripheral/SEEKFREE_IPS114_SPI.o
                0x0000000000001bfc                ips114_init
 .text.ips114_showchar
                0x0000000000001dc4       0xa4 ./Libraries/seekfree_peripheral/SEEKFREE_IPS114_SPI.o
                0x0000000000001dc4                ips114_showchar
 .text.ips114_showstr
                0x0000000000001e68       0x4c ./Libraries/seekfree_peripheral/SEEKFREE_IPS114_SPI.o
                0x0000000000001e68                ips114_showstr
 .text.mt9v03x_uart_callback
                0x0000000000001eb4       0x58 ./Libraries/seekfree_peripheral/SEEKFREE_MT9V03X.o
                0x0000000000001eb4                mt9v03x_uart_callback
 .text.mt9v03x_vsync
                0x0000000000001f0c       0x16 ./Libraries/seekfree_peripheral/SEEKFREE_MT9V03X.o
                0x0000000000001f0c                mt9v03x_vsync
 .text.mt9v03x_dma
                0x0000000000001f22       0x26 ./Libraries/seekfree_peripheral/SEEKFREE_MT9V03X.o
                0x0000000000001f22                mt9v03x_dma
 .text.ccd_collect
                0x0000000000001f48       0x58 ./Libraries/seekfree_peripheral/SEEKFREE_TSL1401.o
                0x0000000000001f48                ccd_collect
 .text.ov7725_cof_uart_interrupt
                0x0000000000001fa0       0x58 ./Libraries/seekfree_peripheral/SEEKFREE_UART_7725.o
                0x0000000000001fa0                ov7725_cof_uart_interrupt
 .text.ov7725_uart_vsync
                0x0000000000001ff8       0x16 ./Libraries/seekfree_peripheral/SEEKFREE_UART_7725.o
                0x0000000000001ff8                ov7725_uart_vsync
 .text.ov7725_uart_dma
                0x000000000000200e       0x16 ./Libraries/seekfree_peripheral/SEEKFREE_UART_7725.o
                0x000000000000200e                ov7725_uart_dma
 .text.adc_convert
                0x0000000000002024       0x52 ./Libraries/seekfree_libraries/zf_adc.o
                0x0000000000002024                adc_convert
 .text.gpio_init
                0x0000000000002076      0x112 ./Libraries/seekfree_libraries/zf_gpio.o
                0x0000000000002076                gpio_init
 .text.gpio_set
                0x0000000000002188       0x3a ./Libraries/seekfree_libraries/zf_gpio.o
                0x0000000000002188                gpio_set
 .text.gpio_get
                0x00000000000021c2       0x22 ./Libraries/seekfree_libraries/zf_gpio.o
                0x00000000000021c2                gpio_get
 .text.close_all_irq
                0x00000000000021e4       0x10 ./Libraries/seekfree_libraries/zf_nvic.o
                0x00000000000021e4                close_all_irq
 .text.nvic_init
                0x00000000000021f4       0x50 ./Libraries/seekfree_libraries/zf_nvic.o
                0x00000000000021f4                nvic_init
 .text.pwm_gpio_init
                0x0000000000002244      0x28c ./Libraries/seekfree_libraries/zf_pwm.o
                0x0000000000002244                pwm_gpio_init
 .text.pwm_init
                0x00000000000024d0      0x206 ./Libraries/seekfree_libraries/zf_pwm.o
                0x00000000000024d0                pwm_init
 .text.pwm_duty
                0x00000000000026d6       0x90 ./Libraries/seekfree_libraries/zf_pwm.o
                0x00000000000026d6                pwm_duty
 .text.spi_gpio_init
                0x0000000000002766      0x15c ./Libraries/seekfree_libraries/zf_spi.o
                0x0000000000002766                spi_gpio_init
 .text.spi_init
                0x00000000000028c2       0xfa ./Libraries/seekfree_libraries/zf_spi.o
                0x00000000000028c2                spi_init
 .text.spi_mosi
                0x00000000000029bc       0x3a ./Libraries/seekfree_libraries/zf_spi.o
                0x00000000000029bc                spi_mosi
 .text.systick_delay2
                0x00000000000029f6        0xe ./Libraries/seekfree_libraries/zf_systick.o
                0x00000000000029f6                systick_delay2
 .text.uart_gpio_init
                0x0000000000002a04       0xc6 ./Libraries/seekfree_libraries/zf_uart.o
                0x0000000000002a04                uart_gpio_init
 .text.uart_init
                0x0000000000002aca       0xc8 ./Libraries/seekfree_libraries/zf_uart.o
                0x0000000000002aca                uart_init
 .text.uart_putchar
                0x0000000000002b92       0x20 ./Libraries/seekfree_libraries/zf_uart.o
                0x0000000000002b92                uart_putchar
 .text.uart_rx_irq
                0x0000000000002bb2       0x3c ./Libraries/seekfree_libraries/zf_uart.o
                0x0000000000002bb2                uart_rx_irq
 .text.uart_getchar
                0x0000000000002bee       0x20 ./Libraries/seekfree_libraries/zf_uart.o
                0x0000000000002bee                uart_getchar
 .text.uart_query
                0x0000000000002c0e       0x26 ./Libraries/seekfree_libraries/zf_uart.o
                0x0000000000002c0e                uart_query
 .text.rt_tick_get
                0x0000000000002c34        0x6 ./Libraries/rtthread_libraries/src/clock.o
                0x0000000000002c34                rt_tick_get
 .text.rt_tick_increase
                0x0000000000002c3a       0x2e ./Libraries/rtthread_libraries/src/clock.o
                0x0000000000002c3a                rt_tick_increase
 .text.rt_tick_from_millisecond
                0x0000000000002c68       0x28 ./Libraries/rtthread_libraries/src/clock.o
                0x0000000000002c68                rt_tick_from_millisecond
 .text.rti_start
                0x0000000000002c90        0x4 ./Libraries/rtthread_libraries/src/components.o
 .text.rti_board_start
                0x0000000000002c94        0x4 ./Libraries/rtthread_libraries/src/components.o
 .text.rti_board_end
                0x0000000000002c98        0x4 ./Libraries/rtthread_libraries/src/components.o
 .text.rti_end  0x0000000000002c9c        0x4 ./Libraries/rtthread_libraries/src/components.o
 .text.rt_components_board_init
                0x0000000000002ca0       0x46 ./Libraries/rtthread_libraries/src/components.o
                0x0000000000002ca0                rt_components_board_init
 .text.rt_components_init
                0x0000000000002ce6       0x46 ./Libraries/rtthread_libraries/src/components.o
                0x0000000000002ce6                rt_components_init
 .text.main_thread_entry
                0x0000000000002d2c       0x10 ./Libraries/rtthread_libraries/src/components.o
                0x0000000000002d2c                main_thread_entry
 .text.rt_application_init
                0x0000000000002d3c       0x2c ./Libraries/rtthread_libraries/src/components.o
                0x0000000000002d3c                rt_application_init
 .text.rtthread_startup
                0x0000000000002d68       0x2c ./Libraries/rtthread_libraries/src/components.o
                0x0000000000002d68                rtthread_startup
 .text.entry    0x0000000000002d94        0xe ./Libraries/rtthread_libraries/src/components.o
                0x0000000000002d94                entry
 .text.rt_thread_idle_excute
                0x0000000000002da2       0xa8 ./Libraries/rtthread_libraries/src/idle.o
                0x0000000000002da2                rt_thread_idle_excute
 .text.rt_thread_idle_entry
                0x0000000000002e4a        0x8 ./Libraries/rtthread_libraries/src/idle.o
 .text.rt_thread_idle_init
                0x0000000000002e52       0x3e ./Libraries/rtthread_libraries/src/idle.o
                0x0000000000002e52                rt_thread_idle_init
 .text.rt_sem_init
                0x0000000000002e90       0x36 ./Libraries/rtthread_libraries/src/ipc.o
                0x0000000000002e90                rt_sem_init
 .text.rt_sem_create
                0x0000000000002ec6       0x30 ./Libraries/rtthread_libraries/src/ipc.o
                0x0000000000002ec6                rt_sem_create
 .text.rt_sem_take
                0x0000000000002ef6       0xea ./Libraries/rtthread_libraries/src/ipc.o
                0x0000000000002ef6                rt_sem_take
 .text.rt_sem_release
                0x0000000000002fe0       0x48 ./Libraries/rtthread_libraries/src/ipc.o
                0x0000000000002fe0                rt_sem_release
 .text.rt_mb_create
                0x0000000000003028       0x66 ./Libraries/rtthread_libraries/src/ipc.o
                0x0000000000003028                rt_mb_create
 .text.rt_mb_send_wait
                0x000000000000308e      0x1a4 ./Libraries/rtthread_libraries/src/ipc.o
                0x000000000000308e                rt_mb_send_wait
 .text.rt_mb_send
                0x0000000000003232       0x10 ./Libraries/rtthread_libraries/src/ipc.o
                0x0000000000003232                rt_mb_send
 .text.rt_mb_recv
                0x0000000000003242      0x1a2 ./Libraries/rtthread_libraries/src/ipc.o
                0x0000000000003242                rt_mb_recv
 .text.rt_interrupt_enter
                0x00000000000033e4       0x24 ./Libraries/rtthread_libraries/src/irq.o
                0x00000000000033e4                rt_interrupt_enter
 .text.rt_interrupt_leave
                0x0000000000003408       0x24 ./Libraries/rtthread_libraries/src/irq.o
                0x0000000000003408                rt_interrupt_leave
 .text.print_number
                0x000000000000342c      0x1b6 ./Libraries/rtthread_libraries/src/kservice.o
 .text.rt_memset
                0x00000000000035e2       0x8e ./Libraries/rtthread_libraries/src/kservice.o
                0x00000000000035e2                rt_memset
 .text.rt_memmove
                0x0000000000003670       0x40 ./Libraries/rtthread_libraries/src/kservice.o
                0x0000000000003670                rt_memmove
 .text.rt_strncpy
                0x00000000000036b0       0x30 ./Libraries/rtthread_libraries/src/kservice.o
                0x00000000000036b0                rt_strncpy
 .text.rt_strlen
                0x00000000000036e0       0x1a ./Libraries/rtthread_libraries/src/kservice.o
                0x00000000000036e0                rt_strlen
 .text.rt_vsnprintf
                0x00000000000036fa      0x3ce ./Libraries/rtthread_libraries/src/kservice.o
                0x00000000000036fa                rt_vsnprintf
 .text.rt_kprintf
                0x0000000000003ac8       0x36 ./Libraries/rtthread_libraries/src/kservice.o
                0x0000000000003ac8                rt_kprintf
 .text.rt_show_version
                0x0000000000003afe       0x48 ./Libraries/rtthread_libraries/src/kservice.o
                0x0000000000003afe                rt_show_version
 .text.__rt_ffs
                0x0000000000003b46       0x68 ./Libraries/rtthread_libraries/src/kservice.o
                0x0000000000003b46                __rt_ffs
 .text.plug_holes
                0x0000000000003bae       0x60 ./Libraries/rtthread_libraries/src/mem.o
 .text.list_mem
                0x0000000000003c0e       0x3a ./Libraries/rtthread_libraries/src/mem.o
                0x0000000000003c0e                list_mem
 .text.rt_system_heap_init
                0x0000000000003c48       0x8c ./Libraries/rtthread_libraries/src/mem.o
                0x0000000000003c48                rt_system_heap_init
 .text.rt_malloc
                0x0000000000003cd4      0x130 ./Libraries/rtthread_libraries/src/mem.o
                0x0000000000003cd4                rt_malloc
 .text.rt_calloc
                0x0000000000003e04       0x2a ./Libraries/rtthread_libraries/src/mem.o
                0x0000000000003e04                rt_calloc
 .text.rt_free  0x0000000000003e2e       0xac ./Libraries/rtthread_libraries/src/mem.o
                0x0000000000003e2e                rt_free
 .text.rt_object_get_information
                0x0000000000003eda       0x54 ./Libraries/rtthread_libraries/src/object.o
                0x0000000000003eda                rt_object_get_information
 .text.rt_object_init
                0x0000000000003f2e       0x72 ./Libraries/rtthread_libraries/src/object.o
                0x0000000000003f2e                rt_object_init
 .text.rt_object_detach
                0x0000000000003fa0       0x2e ./Libraries/rtthread_libraries/src/object.o
                0x0000000000003fa0                rt_object_detach
 .text.rt_object_allocate
                0x0000000000003fce       0x64 ./Libraries/rtthread_libraries/src/object.o
                0x0000000000003fce                rt_object_allocate
 .text.rt_object_delete
                0x0000000000004032       0x34 ./Libraries/rtthread_libraries/src/object.o
                0x0000000000004032                rt_object_delete
 .text.rt_object_is_systemobject
                0x0000000000004066        0x8 ./Libraries/rtthread_libraries/src/object.o
                0x0000000000004066                rt_object_is_systemobject
 .text.rt_system_scheduler_init
                0x000000000000406e       0x2e ./Libraries/rtthread_libraries/src/scheduler.o
                0x000000000000406e                rt_system_scheduler_init
 .text.rt_system_scheduler_start
                0x000000000000409c       0x2e ./Libraries/rtthread_libraries/src/scheduler.o
                0x000000000000409c                rt_system_scheduler_start
 .text.rt_schedule
                0x00000000000040ca       0x70 ./Libraries/rtthread_libraries/src/scheduler.o
                0x00000000000040ca                rt_schedule
 .text.rt_schedule_insert_thread
                0x000000000000413a       0x50 ./Libraries/rtthread_libraries/src/scheduler.o
                0x000000000000413a                rt_schedule_insert_thread
 .text.rt_schedule_remove_thread
                0x000000000000418a       0x50 ./Libraries/rtthread_libraries/src/scheduler.o
                0x000000000000418a                rt_schedule_remove_thread
 .text.rt_enter_critical
                0x00000000000041da       0x20 ./Libraries/rtthread_libraries/src/scheduler.o
                0x00000000000041da                rt_enter_critical
 .text.rt_exit_critical
                0x00000000000041fa       0x3c ./Libraries/rtthread_libraries/src/scheduler.o
                0x00000000000041fa                rt_exit_critical
 .text.rt_thread_exit
                0x0000000000004236       0x66 ./Libraries/rtthread_libraries/src/thread.o
                0x0000000000004236                rt_thread_exit
 .text.rt_thread_timeout
                0x000000000000429c       0x28 ./Libraries/rtthread_libraries/src/thread.o
                0x000000000000429c                rt_thread_timeout
 .text.rt_thread_init
                0x00000000000042c4       0xb0 ./Libraries/rtthread_libraries/src/thread.o
                0x00000000000042c4                rt_thread_init
 .text.rt_thread_self
                0x0000000000004374        0x6 ./Libraries/rtthread_libraries/src/thread.o
                0x0000000000004374                rt_thread_self
 .text.rt_thread_create
                0x000000000000437a       0xc0 ./Libraries/rtthread_libraries/src/thread.o
                0x000000000000437a                rt_thread_create
 .text.rt_thread_yield
                0x000000000000443a       0x5c ./Libraries/rtthread_libraries/src/thread.o
                0x000000000000443a                rt_thread_yield
 .text.rt_thread_suspend
                0x0000000000004496       0x4c ./Libraries/rtthread_libraries/src/thread.o
                0x0000000000004496                rt_thread_suspend
 .text.rt_thread_sleep
                0x00000000000044e2       0x52 ./Libraries/rtthread_libraries/src/thread.o
                0x00000000000044e2                rt_thread_sleep
 .text.rt_thread_mdelay
                0x0000000000004534       0x12 ./Libraries/rtthread_libraries/src/thread.o
                0x0000000000004534                rt_thread_mdelay
 .text.rt_thread_resume
                0x0000000000004546       0x50 ./Libraries/rtthread_libraries/src/thread.o
                0x0000000000004546                rt_thread_resume
 .text.rt_thread_startup
                0x0000000000004596       0x30 ./Libraries/rtthread_libraries/src/thread.o
                0x0000000000004596                rt_thread_startup
 .text.rt_timer_init
                0x00000000000045c6       0x4e ./Libraries/rtthread_libraries/src/timer.o
                0x00000000000045c6                rt_timer_init
 .text.rt_timer_detach
                0x0000000000004614       0x32 ./Libraries/rtthread_libraries/src/timer.o
                0x0000000000004614                rt_timer_detach
 .text.rt_timer_create
                0x0000000000004646       0x48 ./Libraries/rtthread_libraries/src/timer.o
                0x0000000000004646                rt_timer_create
 .text.rt_timer_start
                0x000000000000468e       0x9c ./Libraries/rtthread_libraries/src/timer.o
                0x000000000000468e                rt_timer_start
 .text.rt_timer_stop
                0x000000000000472a       0x42 ./Libraries/rtthread_libraries/src/timer.o
                0x000000000000472a                rt_timer_stop
 .text.rt_timer_control
                0x000000000000476c       0x40 ./Libraries/rtthread_libraries/src/timer.o
                0x000000000000476c                rt_timer_control
 .text.rt_timer_check
                0x00000000000047ac       0x90 ./Libraries/rtthread_libraries/src/timer.o
                0x00000000000047ac                rt_timer_check
 .text.rt_system_timer_init
                0x000000000000483c        0xa ./Libraries/rtthread_libraries/src/timer.o
                0x000000000000483c                rt_system_timer_init
 .text.rt_system_timer_thread_init
                0x0000000000004846        0x2 ./Libraries/rtthread_libraries/src/timer.o
                0x0000000000004846                rt_system_timer_thread_init
 .text.rt_hw_stack_init
                0x0000000000004848       0x34 ./Libraries/rtthread_libraries/libcpu/cpuport.o
                0x0000000000004848                rt_hw_stack_init
 .text.rt_hw_taskswitch
                0x000000000000487c        0x6 ./Libraries/rtthread_libraries/libcpu/cpuport.o
                0x000000000000487c                rt_hw_taskswitch
 .text.rt_hw_context_switch
                0x0000000000004882       0x14 ./Libraries/rtthread_libraries/libcpu/cpuport.o
                0x0000000000004882                rt_hw_context_switch
 .text.rt_hw_context_switch_interrupt
                0x0000000000004896       0x20 ./Libraries/rtthread_libraries/libcpu/cpuport.o
                0x0000000000004896                rt_hw_context_switch_interrupt
 .text.hello    0x00000000000048b6       0x18 ./Libraries/rtthread_libraries/components/finsh/cmd.o
                0x00000000000048b6                hello
 .text.show_wait_queue
                0x00000000000048ce       0x4c ./Libraries/rtthread_libraries/components/finsh/cmd.o
 .text.version  0x000000000000491a       0x10 ./Libraries/rtthread_libraries/components/finsh/cmd.o
                0x000000000000491a                version
 .text.list_get_next
                0x000000000000492a       0x88 ./Libraries/rtthread_libraries/components/finsh/cmd.o
 .text.list_thread
                0x00000000000049b2      0x1b0 ./Libraries/rtthread_libraries/components/finsh/cmd.o
                0x00000000000049b2                list_thread
 .text.list     0x0000000000004b62       0x68 ./Libraries/rtthread_libraries/components/finsh/cmd.o
                0x0000000000004b62                list
 .text.list_timer
                0x0000000000004bca      0x10e ./Libraries/rtthread_libraries/components/finsh/cmd.o
                0x0000000000004bca                list_timer
 .text.list_mailbox
                0x0000000000004cd8      0x128 ./Libraries/rtthread_libraries/components/finsh/cmd.o
                0x0000000000004cd8                list_mailbox
 .text.list_sem
                0x0000000000004e00      0x120 ./Libraries/rtthread_libraries/components/finsh/cmd.o
                0x0000000000004e00                list_sem
 .text.msh_help
                0x0000000000004f20       0x76 ./Libraries/rtthread_libraries/components/finsh/msh.o
                0x0000000000004f20                msh_help
 .text.cmd_ps   0x0000000000004f96       0x10 ./Libraries/rtthread_libraries/components/finsh/msh.o
                0x0000000000004f96                cmd_ps
 .text.cmd_free
                0x0000000000004fa6       0x10 ./Libraries/rtthread_libraries/components/finsh/msh.o
                0x0000000000004fa6                cmd_free
 .text.msh_is_used
                0x0000000000004fb6        0x4 ./Libraries/rtthread_libraries/components/finsh/msh.o
                0x0000000000004fb6                msh_is_used
 .text.msh_exec
                0x0000000000004fba      0x220 ./Libraries/rtthread_libraries/components/finsh/msh.o
                0x0000000000004fba                msh_exec
 .text.msh_auto_complete
                0x00000000000051da       0xf0 ./Libraries/rtthread_libraries/components/finsh/msh.o
                0x00000000000051da                msh_auto_complete
 .text.finsh_system_init
                0x00000000000052ca       0xaa ./Libraries/rtthread_libraries/components/finsh/shell.o
                0x00000000000052ca                finsh_system_init
 .text.finsh_get_prompt
                0x0000000000005374       0x8c ./Libraries/rtthread_libraries/components/finsh/shell.o
                0x0000000000005374                finsh_get_prompt
 .text.finsh_thread_entry
                0x0000000000005400      0x330 ./Libraries/rtthread_libraries/components/finsh/shell.o
                0x0000000000005400                finsh_thread_entry
 .text.rt_heap_begin_get
                0x0000000000005730        0xa ./Libraries/board/board.o
                0x0000000000005730                rt_heap_begin_get
 .text.rt_heap_end_get
                0x000000000000573a        0xa ./Libraries/board/board.o
                0x000000000000573a                rt_heap_end_get
 .text.SysTick_Handler
                0x0000000000005744       0x78 ./Libraries/board/board.o
                0x0000000000005744                SysTick_Handler
 .text.board_init
                0x00000000000057bc       0x46 ./Libraries/board/board.o
                0x00000000000057bc                board_init
 .text.rt_hw_board_init
                0x0000000000005802       0xcc ./Libraries/board/board.o
                0x0000000000005802                rt_hw_board_init
 .text._write   0x00000000000058ce       0x4e ./Libraries/board/board.o
                0x00000000000058ce                _write
 .text.rt_hw_console_output
                0x000000000000591c       0x40 ./Libraries/board/board.o
                0x000000000000591c                rt_hw_console_output
 .text.rt_hw_console_getchar
                0x000000000000595c       0x1a ./Libraries/board/board.o
                0x000000000000595c                rt_hw_console_getchar
 .text.USART1_IRQHandler
                0x0000000000005976       0x7a ./Libraries/board/board.o
                0x0000000000005976                USART1_IRQHandler
 .text.SystemInit
                0x00000000000059f0      0x118 ./Libraries/board/clock_config.o
                0x00000000000059f0                SystemInit
 .text.button_entry
                0x0000000000005b08       0xc4 ./CODE/button.o
                0x0000000000005b08                button_entry
 .text.button_init
                0x0000000000005bcc       0x96 ./CODE/button.o
                0x0000000000005bcc                button_init
 .text.Motor_Init
                0x0000000000005c62       0x86 ./CODE/motor.o
                0x0000000000005c62                Motor_Init
 .text.__assert_func
                0x0000000000005ce8       0x3a d:/mounriver/mounriver_studio/toolchain/risc-v embedded gcc/bin/../lib/gcc/riscv-none-embed/8.2.0/../../../../riscv-none-embed/lib/rv32imac/ilp32\libg_nano.a(lib_a-assert.o)
                0x0000000000005ce8                __assert_func
 .text.fprintf  0x0000000000005d22       0x26 d:/mounriver/mounriver_studio/toolchain/risc-v embedded gcc/bin/../lib/gcc/riscv-none-embed/8.2.0/../../../../riscv-none-embed/lib/rv32imac/ilp32\libg_nano.a(lib_a-fprintf.o)
                0x0000000000005d22                fiprintf
                0x0000000000005d22                fprintf
 .text.memcpy   0x0000000000005d48       0xb6 d:/mounriver/mounriver_studio/toolchain/risc-v embedded gcc/bin/../lib/gcc/riscv-none-embed/8.2.0/../../../../riscv-none-embed/lib/rv32imac/ilp32\libg_nano.a(lib_a-memcpy.o)
                0x0000000000005d48                memcpy
 .text.__sfputc_r
                0x0000000000005dfe       0x28 d:/mounriver/mounriver_studio/toolchain/risc-v embedded gcc/bin/../lib/gcc/riscv-none-embed/8.2.0/../../../../riscv-none-embed/lib/rv32imac/ilp32\libg_nano.a(lib_a-nano-vfprintf.o)
 .text.__sfputs_r
                0x0000000000005e26       0x44 d:/mounriver/mounriver_studio/toolchain/risc-v embedded gcc/bin/../lib/gcc/riscv-none-embed/8.2.0/../../../../riscv-none-embed/lib/rv32imac/ilp32\libg_nano.a(lib_a-nano-vfprintf.o)
                0x0000000000005e26                __sfputs_r
 .text._vfprintf_r
                0x0000000000005e6a      0x2a0 d:/mounriver/mounriver_studio/toolchain/risc-v embedded gcc/bin/../lib/gcc/riscv-none-embed/8.2.0/../../../../riscv-none-embed/lib/rv32imac/ilp32\libg_nano.a(lib_a-nano-vfprintf.o)
                0x0000000000005e6a                _vfprintf_r
                0x0000000000005e6a                _vfiprintf_r
 .text._printf_common
                0x000000000000610a      0x10c d:/mounriver/mounriver_studio/toolchain/risc-v embedded gcc/bin/../lib/gcc/riscv-none-embed/8.2.0/../../../../riscv-none-embed/lib/rv32imac/ilp32\libg_nano.a(lib_a-nano-vfprintf_i.o)
                0x000000000000610a                _printf_common
 .text._printf_i
                0x0000000000006216      0x2a6 d:/mounriver/mounriver_studio/toolchain/risc-v embedded gcc/bin/../lib/gcc/riscv-none-embed/8.2.0/../../../../riscv-none-embed/lib/rv32imac/ilp32\libg_nano.a(lib_a-nano-vfprintf_i.o)
                0x0000000000006216                _printf_i
 .text.strlen   0x00000000000064bc       0x12 d:/mounriver/mounriver_studio/toolchain/risc-v embedded gcc/bin/../lib/gcc/riscv-none-embed/8.2.0/../../../../riscv-none-embed/lib/rv32imac/ilp32\libg_nano.a(lib_a-strlen.o)
                0x00000000000064bc                strlen
 .text.strncmp  0x00000000000064ce       0x2c d:/mounriver/mounriver_studio/toolchain/risc-v embedded gcc/bin/../lib/gcc/riscv-none-embed/8.2.0/../../../../riscv-none-embed/lib/rv32imac/ilp32\libg_nano.a(lib_a-strncmp.o)
                0x00000000000064ce                strncmp
 .text.strncpy  0x00000000000064fa       0x24 d:/mounriver/mounriver_studio/toolchain/risc-v embedded gcc/bin/../lib/gcc/riscv-none-embed/8.2.0/../../../../riscv-none-embed/lib/rv32imac/ilp32\libg_nano.a(lib_a-strncpy.o)
                0x00000000000064fa                strncpy
 .text.__swbuf_r
                0x000000000000651e       0xc0 d:/mounriver/mounriver_studio/toolchain/risc-v embedded gcc/bin/../lib/gcc/riscv-none-embed/8.2.0/../../../../riscv-none-embed/lib/rv32imac/ilp32\libg_nano.a(lib_a-wbuf.o)
                0x000000000000651e                __swbuf_r
 .text.__swsetup_r
                0x00000000000065de      0x10c d:/mounriver/mounriver_studio/toolchain/risc-v embedded gcc/bin/../lib/gcc/riscv-none-embed/8.2.0/../../../../riscv-none-embed/lib/rv32imac/ilp32\libg_nano.a(lib_a-wsetup.o)
                0x00000000000065de                __swsetup_r
 .text.abort    0x00000000000066ea        0xe d:/mounriver/mounriver_studio/toolchain/risc-v embedded gcc/bin/../lib/gcc/riscv-none-embed/8.2.0/../../../../riscv-none-embed/lib/rv32imac/ilp32\libg_nano.a(lib_a-abort.o)
                0x00000000000066ea                abort
 .text.__sflush_r
                0x00000000000066f8      0x13c d:/mounriver/mounriver_studio/toolchain/risc-v embedded gcc/bin/../lib/gcc/riscv-none-embed/8.2.0/../../../../riscv-none-embed/lib/rv32imac/ilp32\libg_nano.a(lib_a-fflush.o)
                0x00000000000066f8                __sflush_r
 .text._fflush_r
                0x0000000000006834       0x66 d:/mounriver/mounriver_studio/toolchain/risc-v embedded gcc/bin/../lib/gcc/riscv-none-embed/8.2.0/../../../../riscv-none-embed/lib/rv32imac/ilp32\libg_nano.a(lib_a-fflush.o)
                0x0000000000006834                _fflush_r
 .text.std      0x000000000000689a       0x6a d:/mounriver/mounriver_studio/toolchain/risc-v embedded gcc/bin/../lib/gcc/riscv-none-embed/8.2.0/../../../../riscv-none-embed/lib/rv32imac/ilp32\libg_nano.a(lib_a-findfp.o)
 .text._cleanup_r
                0x0000000000006904        0xa d:/mounriver/mounriver_studio/toolchain/risc-v embedded gcc/bin/../lib/gcc/riscv-none-embed/8.2.0/../../../../riscv-none-embed/lib/rv32imac/ilp32\libg_nano.a(lib_a-findfp.o)
                0x0000000000006904                _cleanup_r
 .text.__sfmoreglue
                0x000000000000690e       0x46 d:/mounriver/mounriver_studio/toolchain/risc-v embedded gcc/bin/../lib/gcc/riscv-none-embed/8.2.0/../../../../riscv-none-embed/lib/rv32imac/ilp32\libg_nano.a(lib_a-findfp.o)
                0x000000000000690e                __sfmoreglue
 .text.__sinit  0x0000000000006954       0x6c d:/mounriver/mounriver_studio/toolchain/risc-v embedded gcc/bin/../lib/gcc/riscv-none-embed/8.2.0/../../../../riscv-none-embed/lib/rv32imac/ilp32\libg_nano.a(lib_a-findfp.o)
                0x0000000000006954                __sinit
 .text.__sfp    0x00000000000069c0       0xa0 d:/mounriver/mounriver_studio/toolchain/risc-v embedded gcc/bin/../lib/gcc/riscv-none-embed/8.2.0/../../../../riscv-none-embed/lib/rv32imac/ilp32\libg_nano.a(lib_a-findfp.o)
                0x00000000000069c0                __sfp
 .text._fwalk_reent
                0x0000000000006a60       0x6c d:/mounriver/mounriver_studio/toolchain/risc-v embedded gcc/bin/../lib/gcc/riscv-none-embed/8.2.0/../../../../riscv-none-embed/lib/rv32imac/ilp32\libg_nano.a(lib_a-fwalk.o)
                0x0000000000006a60                _fwalk_reent
 .text.__swhatbuf_r
                0x0000000000006acc       0x58 d:/mounriver/mounriver_studio/toolchain/risc-v embedded gcc/bin/../lib/gcc/riscv-none-embed/8.2.0/../../../../riscv-none-embed/lib/rv32imac/ilp32\libg_nano.a(lib_a-makebuf.o)
                0x0000000000006acc                __swhatbuf_r
 .text.__smakebuf_r
                0x0000000000006b24       0x9e d:/mounriver/mounriver_studio/toolchain/risc-v embedded gcc/bin/../lib/gcc/riscv-none-embed/8.2.0/../../../../riscv-none-embed/lib/rv32imac/ilp32\libg_nano.a(lib_a-makebuf.o)
                0x0000000000006b24                __smakebuf_r
 .text.memchr   0x0000000000006bc2       0x1a d:/mounriver/mounriver_studio/toolchain/risc-v embedded gcc/bin/../lib/gcc/riscv-none-embed/8.2.0/../../../../riscv-none-embed/lib/rv32imac/ilp32\libg_nano.a(lib_a-memchr.o)
                0x0000000000006bc2                memchr
 .text._free_r  0x0000000000006bdc       0xa4 d:/mounriver/mounriver_studio/toolchain/risc-v embedded gcc/bin/../lib/gcc/riscv-none-embed/8.2.0/../../../../riscv-none-embed/lib/rv32imac/ilp32\libg_nano.a(lib_a-nano-freer.o)
                0x0000000000006bdc                _free_r
 .text._malloc_r
                0x0000000000006c80       0xce d:/mounriver/mounriver_studio/toolchain/risc-v embedded gcc/bin/../lib/gcc/riscv-none-embed/8.2.0/../../../../riscv-none-embed/lib/rv32imac/ilp32\libg_nano.a(lib_a-nano-mallocr.o)
                0x0000000000006c80                _malloc_r
 .text._sbrk_r  0x0000000000006d4e       0x30 d:/mounriver/mounriver_studio/toolchain/risc-v embedded gcc/bin/../lib/gcc/riscv-none-embed/8.2.0/../../../../riscv-none-embed/lib/rv32imac/ilp32\libg_nano.a(lib_a-sbrkr.o)
                0x0000000000006d4e                _sbrk_r
 .text._raise_r
                0x0000000000006d7e       0x62 d:/mounriver/mounriver_studio/toolchain/risc-v embedded gcc/bin/../lib/gcc/riscv-none-embed/8.2.0/../../../../riscv-none-embed/lib/rv32imac/ilp32\libg_nano.a(lib_a-signal.o)
                0x0000000000006d7e                _raise_r
 .text.raise    0x0000000000006de0        0xc d:/mounriver/mounriver_studio/toolchain/risc-v embedded gcc/bin/../lib/gcc/riscv-none-embed/8.2.0/../../../../riscv-none-embed/lib/rv32imac/ilp32\libg_nano.a(lib_a-signal.o)
                0x0000000000006de0                raise
 .text._kill_r  0x0000000000006dec       0x32 d:/mounriver/mounriver_studio/toolchain/risc-v embedded gcc/bin/../lib/gcc/riscv-none-embed/8.2.0/../../../../riscv-none-embed/lib/rv32imac/ilp32\libg_nano.a(lib_a-signalr.o)
                0x0000000000006dec                _kill_r
 .text._getpid_r
                0x0000000000006e1e        0x2 d:/mounriver/mounriver_studio/toolchain/risc-v embedded gcc/bin/../lib/gcc/riscv-none-embed/8.2.0/../../../../riscv-none-embed/lib/rv32imac/ilp32\libg_nano.a(lib_a-signalr.o)
                0x0000000000006e1e                _getpid_r
 .text.__sread  0x0000000000006e20       0x30 d:/mounriver/mounriver_studio/toolchain/risc-v embedded gcc/bin/../lib/gcc/riscv-none-embed/8.2.0/../../../../riscv-none-embed/lib/rv32imac/ilp32\libg_nano.a(lib_a-stdio.o)
                0x0000000000006e20                __sread
 .text.__swrite
                0x0000000000006e50       0x4e d:/mounriver/mounriver_studio/toolchain/risc-v embedded gcc/bin/../lib/gcc/riscv-none-embed/8.2.0/../../../../riscv-none-embed/lib/rv32imac/ilp32\libg_nano.a(lib_a-stdio.o)
                0x0000000000006e50                __swrite
 .text.__sseek  0x0000000000006e9e       0x36 d:/mounriver/mounriver_studio/toolchain/risc-v embedded gcc/bin/../lib/gcc/riscv-none-embed/8.2.0/../../../../riscv-none-embed/lib/rv32imac/ilp32\libg_nano.a(lib_a-stdio.o)
                0x0000000000006e9e                __sseek
 .text.__sclose
                0x0000000000006ed4        0x6 d:/mounriver/mounriver_studio/toolchain/risc-v embedded gcc/bin/../lib/gcc/riscv-none-embed/8.2.0/../../../../riscv-none-embed/lib/rv32imac/ilp32\libg_nano.a(lib_a-stdio.o)
                0x0000000000006ed4                __sclose
 .text._write_r
                0x0000000000006eda       0x36 d:/mounriver/mounriver_studio/toolchain/risc-v embedded gcc/bin/../lib/gcc/riscv-none-embed/8.2.0/../../../../riscv-none-embed/lib/rv32imac/ilp32\libg_nano.a(lib_a-writer.o)
                0x0000000000006eda                _write_r
 .text._close_r
                0x0000000000006f10       0x30 d:/mounriver/mounriver_studio/toolchain/risc-v embedded gcc/bin/../lib/gcc/riscv-none-embed/8.2.0/../../../../riscv-none-embed/lib/rv32imac/ilp32\libg_nano.a(lib_a-closer.o)
                0x0000000000006f10                _close_r
 .text._fstat_r
                0x0000000000006f40       0x32 d:/mounriver/mounriver_studio/toolchain/risc-v embedded gcc/bin/../lib/gcc/riscv-none-embed/8.2.0/../../../../riscv-none-embed/lib/rv32imac/ilp32\libg_nano.a(lib_a-fstatr.o)
                0x0000000000006f40                _fstat_r
 .text._isatty_r
                0x0000000000006f72       0x30 d:/mounriver/mounriver_studio/toolchain/risc-v embedded gcc/bin/../lib/gcc/riscv-none-embed/8.2.0/../../../../riscv-none-embed/lib/rv32imac/ilp32\libg_nano.a(lib_a-isattyr.o)
                0x0000000000006f72                _isatty_r
 .text._lseek_r
                0x0000000000006fa2       0x34 d:/mounriver/mounriver_studio/toolchain/risc-v embedded gcc/bin/../lib/gcc/riscv-none-embed/8.2.0/../../../../riscv-none-embed/lib/rv32imac/ilp32\libg_nano.a(lib_a-lseekr.o)
                0x0000000000006fa2                _lseek_r
 .text.__malloc_lock
                0x0000000000006fd6        0x2 d:/mounriver/mounriver_studio/toolchain/risc-v embedded gcc/bin/../lib/gcc/riscv-none-embed/8.2.0/../../../../riscv-none-embed/lib/rv32imac/ilp32\libg_nano.a(lib_a-mlock.o)
                0x0000000000006fd6                __malloc_lock
 .text.__malloc_unlock
                0x0000000000006fd8        0x2 d:/mounriver/mounriver_studio/toolchain/risc-v embedded gcc/bin/../lib/gcc/riscv-none-embed/8.2.0/../../../../riscv-none-embed/lib/rv32imac/ilp32\libg_nano.a(lib_a-mlock.o)
                0x0000000000006fd8                __malloc_unlock
 .text._read_r  0x0000000000006fda       0x34 d:/mounriver/mounriver_studio/toolchain/risc-v embedded gcc/bin/../lib/gcc/riscv-none-embed/8.2.0/../../../../riscv-none-embed/lib/rv32imac/ilp32\libg_nano.a(lib_a-readr.o)
                0x0000000000006fda                _read_r
 .text._close   0x000000000000700e       0x10 d:/mounriver/mounriver_studio/toolchain/risc-v embedded gcc/bin/../lib/gcc/riscv-none-embed/8.2.0/../../../../riscv-none-embed/lib/rv32imac/ilp32\libnosys.a(close.o)
                0x000000000000700e                _close
 .text._fstat   0x000000000000701e       0x10 d:/mounriver/mounriver_studio/toolchain/risc-v embedded gcc/bin/../lib/gcc/riscv-none-embed/8.2.0/../../../../riscv-none-embed/lib/rv32imac/ilp32\libnosys.a(fstat.o)
                0x000000000000701e                _fstat
 .text._getpid  0x000000000000702e       0x10 d:/mounriver/mounriver_studio/toolchain/risc-v embedded gcc/bin/../lib/gcc/riscv-none-embed/8.2.0/../../../../riscv-none-embed/lib/rv32imac/ilp32\libnosys.a(getpid.o)
                0x000000000000702e                _getpid
 .text._isatty  0x000000000000703e       0x10 d:/mounriver/mounriver_studio/toolchain/risc-v embedded gcc/bin/../lib/gcc/riscv-none-embed/8.2.0/../../../../riscv-none-embed/lib/rv32imac/ilp32\libnosys.a(isatty.o)
                0x000000000000703e                _isatty
 .text._kill    0x000000000000704e       0x10 d:/mounriver/mounriver_studio/toolchain/risc-v embedded gcc/bin/../lib/gcc/riscv-none-embed/8.2.0/../../../../riscv-none-embed/lib/rv32imac/ilp32\libnosys.a(kill.o)
                0x000000000000704e                _kill
 .text._lseek   0x000000000000705e       0x10 d:/mounriver/mounriver_studio/toolchain/risc-v embedded gcc/bin/../lib/gcc/riscv-none-embed/8.2.0/../../../../riscv-none-embed/lib/rv32imac/ilp32\libnosys.a(lseek.o)
                0x000000000000705e                _lseek
 .text._read    0x000000000000706e       0x10 d:/mounriver/mounriver_studio/toolchain/risc-v embedded gcc/bin/../lib/gcc/riscv-none-embed/8.2.0/../../../../riscv-none-embed/lib/rv32imac/ilp32\libnosys.a(read.o)
                0x000000000000706e                _read
 .text._sbrk    0x000000000000707e       0x24 d:/mounriver/mounriver_studio/toolchain/risc-v embedded gcc/bin/../lib/gcc/riscv-none-embed/8.2.0/../../../../riscv-none-embed/lib/rv32imac/ilp32\libnosys.a(sbrk.o)
                0x000000000000707e                _sbrk
 .text._exit    0x00000000000070a2        0x2 d:/mounriver/mounriver_studio/toolchain/risc-v embedded gcc/bin/../lib/gcc/riscv-none-embed/8.2.0/../../../../riscv-none-embed/lib/rv32imac/ilp32\libnosys.a(_exit.o)
                0x00000000000070a2                _exit
 *(.rodata)
 *(.rodata*)
 *fill*         0x00000000000070a4        0x0 
 .rodata.main.str1.4
                0x00000000000070a4       0x1b ./USER/main.o
 *fill*         0x00000000000070bf        0x1 
 .rodata.tft_ascii
                0x00000000000070c0      0x5f0 ./Libraries/seekfree_peripheral/SEEKFREE_FONT.o
                0x00000000000070c0                tft_ascii
 .rodata.GPION  0x00000000000076b0       0x10 ./Libraries/seekfree_libraries/zf_gpio.o
                0x00000000000076b0                GPION
 .rodata.TIMERN
                0x00000000000076c0       0x10 ./Libraries/seekfree_libraries/zf_qtimer.o
                0x00000000000076c0                TIMERN
 .rodata.__func__.3348
                0x00000000000076d0        0xe ./Libraries/seekfree_libraries/zf_spi.o
 *fill*         0x00000000000076de        0x2 
 .rodata.spi_gpio_init.str1.4
                0x00000000000076e0       0x2d ./Libraries/seekfree_libraries/zf_spi.o
 *fill*         0x000000000000770d        0x3 
 .rodata.UARTN  0x0000000000007710       0x10 ./Libraries/seekfree_libraries/zf_uart.o
                0x0000000000007710                UARTN
 .rodata.rt_application_init.str1.4
                0x0000000000007720        0x5 ./Libraries/rtthread_libraries/src/components.o
 *fill*         0x0000000000007725        0x3 
 .rodata.rt_thread_idle_init.str1.4
                0x0000000000007728        0x6 ./Libraries/rtthread_libraries/src/idle.o
 *fill*         0x000000000000772e        0x2 
 .rodata.rt_vsnprintf
                0x0000000000007730      0x150 ./Libraries/rtthread_libraries/src/kservice.o
 .rodata.__lowest_bit_bitmap
                0x0000000000007880      0x100 ./Libraries/rtthread_libraries/src/kservice.o
                0x0000000000007880                __lowest_bit_bitmap
 .rodata.large_digits.2240
                0x0000000000007980       0x11 ./Libraries/rtthread_libraries/src/kservice.o
 *fill*         0x0000000000007991        0x3 
 .rodata.rt_show_version.str1.4
                0x0000000000007994       0x86 ./Libraries/rtthread_libraries/src/kservice.o
 *fill*         0x0000000000007a1a        0x2 
 .rodata.rt_vsnprintf.str1.4
                0x0000000000007a1c        0x7 ./Libraries/rtthread_libraries/src/kservice.o
 *fill*         0x0000000000007a23        0x1 
 .rodata.small_digits.2239
                0x0000000000007a24       0x11 ./Libraries/rtthread_libraries/src/kservice.o
 *fill*         0x0000000000007a35        0x3 
 .rodata.__fsym_list_mem_name
                0x0000000000007a38        0x9 ./Libraries/rtthread_libraries/src/mem.o
                0x0000000000007a38                __fsym_list_mem_name
 *fill*         0x0000000000007a41        0x3 
 .rodata.list_mem.str1.4
                0x0000000000007a44       0x46 ./Libraries/rtthread_libraries/src/mem.o
 *fill*         0x0000000000007a8a        0x2 
 .rodata.rt_free.str1.4
                0x0000000000007a8c       0x4c ./Libraries/rtthread_libraries/src/mem.o
 .rodata.rt_system_heap_init.str1.4
                0x0000000000007ad8       0x42 ./Libraries/rtthread_libraries/src/mem.o
 *fill*         0x0000000000007b1a        0x2 
 .rodata.__fsym___cmd_list_mailbox_name
                0x0000000000007b1c       0x13 ./Libraries/rtthread_libraries/components/finsh/cmd.o
                0x0000000000007b1c                __fsym___cmd_list_mailbox_name
 *fill*         0x0000000000007b2f        0x1 
 .rodata.__fsym___cmd_list_sem_name
                0x0000000000007b30        0xf ./Libraries/rtthread_libraries/components/finsh/cmd.o
                0x0000000000007b30                __fsym___cmd_list_sem_name
 *fill*         0x0000000000007b3f        0x1 
 .rodata.__fsym___cmd_list_thread_name
                0x0000000000007b40       0x12 ./Libraries/rtthread_libraries/components/finsh/cmd.o
                0x0000000000007b40                __fsym___cmd_list_thread_name
 *fill*         0x0000000000007b52        0x2 
 .rodata.__fsym___cmd_list_timer_name
                0x0000000000007b54       0x11 ./Libraries/rtthread_libraries/components/finsh/cmd.o
                0x0000000000007b54                __fsym___cmd_list_timer_name
 *fill*         0x0000000000007b65        0x3 
 .rodata.__fsym___cmd_version_name
                0x0000000000007b68        0xe ./Libraries/rtthread_libraries/components/finsh/cmd.o
                0x0000000000007b68                __fsym___cmd_version_name
 *fill*         0x0000000000007b76        0x2 
 .rodata.__fsym_list_mailbox_name
                0x0000000000007b78        0xd ./Libraries/rtthread_libraries/components/finsh/cmd.o
                0x0000000000007b78                __fsym_list_mailbox_name
 *fill*         0x0000000000007b85        0x3 
 .rodata.__fsym_list_sem_name
                0x0000000000007b88        0x9 ./Libraries/rtthread_libraries/components/finsh/cmd.o
                0x0000000000007b88                __fsym_list_sem_name
 *fill*         0x0000000000007b91        0x3 
 .rodata.__fsym_list_thread_name
                0x0000000000007b94        0xc ./Libraries/rtthread_libraries/components/finsh/cmd.o
                0x0000000000007b94                __fsym_list_thread_name
 .rodata.__fsym_list_timer_name
                0x0000000000007ba0        0xb ./Libraries/rtthread_libraries/components/finsh/cmd.o
                0x0000000000007ba0                __fsym_list_timer_name
 *fill*         0x0000000000007bab        0x1 
 .rodata.hello.str1.4
                0x0000000000007bac       0x12 ./Libraries/rtthread_libraries/components/finsh/cmd.o
 *fill*         0x0000000000007bbe        0x2 
 .rodata.list.str1.4
                0x0000000000007bc0       0x1c ./Libraries/rtthread_libraries/components/finsh/cmd.o
 .rodata.list_mailbox.str1.4
                0x0000000000007bdc       0x76 ./Libraries/rtthread_libraries/components/finsh/cmd.o
                                         0x7a (size before relaxing)
 *fill*         0x0000000000007c52        0x2 
 .rodata.list_sem.str1.4
                0x0000000000007c54       0x60 ./Libraries/rtthread_libraries/components/finsh/cmd.o
 .rodata.list_thread.str1.4
                0x0000000000007cb4      0x100 ./Libraries/rtthread_libraries/components/finsh/cmd.o
 .rodata.list_timer.str1.4
                0x0000000000007db4       0x9d ./Libraries/rtthread_libraries/components/finsh/cmd.o
 *fill*         0x0000000000007e51        0x3 
 .rodata.show_wait_queue.str1.4
                0x0000000000007e54        0x6 ./Libraries/rtthread_libraries/components/finsh/cmd.o
 *fill*         0x0000000000007e5a        0x2 
 .rodata.__fsym___cmd_free_name
                0x0000000000007e5c        0xb ./Libraries/rtthread_libraries/components/finsh/msh.o
                0x0000000000007e5c                __fsym___cmd_free_name
 *fill*         0x0000000000007e67        0x1 
 .rodata.__fsym___cmd_help_name
                0x0000000000007e68        0xb ./Libraries/rtthread_libraries/components/finsh/msh.o
                0x0000000000007e68                __fsym___cmd_help_name
 *fill*         0x0000000000007e73        0x1 
 .rodata.__fsym___cmd_ps_name
                0x0000000000007e74        0x9 ./Libraries/rtthread_libraries/components/finsh/msh.o
                0x0000000000007e74                __fsym___cmd_ps_name
 .rodata.msh_auto_complete.str1.4
                0x0000000000007e7d        0x4 ./Libraries/rtthread_libraries/components/finsh/msh.o
 *fill*         0x0000000000007e7d        0x3 
 .rodata.msh_exec.str1.4
                0x0000000000007e80       0x38 ./Libraries/rtthread_libraries/components/finsh/msh.o
 .rodata.msh_help.str1.4
                0x0000000000007eb8       0x28 ./Libraries/rtthread_libraries/components/finsh/msh.o
                                         0x2a (size before relaxing)
 .rodata.finsh_system_init.str1.4
                0x0000000000007ee0       0x25 ./Libraries/rtthread_libraries/components/finsh/shell.o
 *fill*         0x0000000000007f05        0x3 
 .rodata.finsh_thread_entry.str1.4
                0x0000000000007f08       0x1c ./Libraries/rtthread_libraries/components/finsh/shell.o
                                         0x23 (size before relaxing)
 .rodata.rt_hw_board_init.str1.4
                0x0000000000007f24        0x8 ./Libraries/board/board.o
 .rodata.button_init.str1.4
                0x0000000000007f2c       0x1f ./CODE/button.o
 *fill*         0x0000000000007f4b        0x1 
 .rodata.__assert_func.str1.4
                0x0000000000007f4c       0x3f d:/mounriver/mounriver_studio/toolchain/risc-v embedded gcc/bin/../lib/gcc/riscv-none-embed/8.2.0/../../../../riscv-none-embed/lib/rv32imac/ilp32\libg_nano.a(lib_a-assert.o)
                                         0x43 (size before relaxing)
 *fill*         0x0000000000007f8b        0x1 
 .rodata._vfprintf_r.str1.4
                0x0000000000007f8c       0x13 d:/mounriver/mounriver_studio/toolchain/risc-v embedded gcc/bin/../lib/gcc/riscv-none-embed/8.2.0/../../../../riscv-none-embed/lib/rv32imac/ilp32\libg_nano.a(lib_a-nano-vfprintf.o)
 *fill*         0x0000000000007f9f        0x1 
 .rodata._printf_i.str1.4
                0x0000000000007fa0       0x28 d:/mounriver/mounriver_studio/toolchain/risc-v embedded gcc/bin/../lib/gcc/riscv-none-embed/8.2.0/../../../../riscv-none-embed/lib/rv32imac/ilp32\libg_nano.a(lib_a-nano-vfprintf_i.o)
                                         0x25 (size before relaxing)
 .rodata.__sf_fake_stderr
                0x0000000000007fc8       0x20 d:/mounriver/mounriver_studio/toolchain/risc-v embedded gcc/bin/../lib/gcc/riscv-none-embed/8.2.0/../../../../riscv-none-embed/lib/rv32imac/ilp32\libg_nano.a(lib_a-findfp.o)
                0x0000000000007fc8                __sf_fake_stderr
 .rodata.__sf_fake_stdin
                0x0000000000007fe8       0x20 d:/mounriver/mounriver_studio/toolchain/risc-v embedded gcc/bin/../lib/gcc/riscv-none-embed/8.2.0/../../../../riscv-none-embed/lib/rv32imac/ilp32\libg_nano.a(lib_a-findfp.o)
                0x0000000000007fe8                __sf_fake_stdin
 .rodata.__sf_fake_stdout
                0x0000000000008008       0x20 d:/mounriver/mounriver_studio/toolchain/risc-v embedded gcc/bin/../lib/gcc/riscv-none-embed/8.2.0/../../../../riscv-none-embed/lib/rv32imac/ilp32\libg_nano.a(lib_a-findfp.o)
                0x0000000000008008                __sf_fake_stdout
 *(.glue_7)
 *(.glue_7t)
 *(.gnu.linkonce.t.*)
                0x0000000000008028                . = ALIGN (0x4)

.rodata         0x0000000000008028       0x98
                0x0000000000008028                . = ALIGN (0x4)
 *(.rdata)
 *(.rodata .rodata.*)
                0x0000000000008028                . = ALIGN (0x4)
                0x0000000000008028                __rt_init_start = .
 *(SORT_BY_NAME(.rti_fn*))
 .rti_fn.0      0x0000000000008028        0x4 ./Libraries/rtthread_libraries/src/components.o
                0x0000000000008028                __rt_init_rti_start
 .rti_fn.0.end  0x000000000000802c        0x4 ./Libraries/rtthread_libraries/src/components.o
                0x000000000000802c                __rt_init_rti_board_start
 .rti_fn.1.end  0x0000000000008030        0x4 ./Libraries/rtthread_libraries/src/components.o
                0x0000000000008030                __rt_init_rti_board_end
 .rti_fn.6      0x0000000000008034        0x4 ./Libraries/rtthread_libraries/components/finsh/shell.o
                0x0000000000008034                __rt_init_finsh_system_init
 .rti_fn.6.end  0x0000000000008038        0x4 ./Libraries/rtthread_libraries/src/components.o
                0x0000000000008038                __rt_init_rti_end
                0x000000000000803c                __rt_init_end = .
                0x000000000000803c                . = ALIGN (0x4)
                0x000000000000803c                __fsymtab_start = .
 *(FSymTab)
 FSymTab        0x000000000000803c        0x8 ./Libraries/rtthread_libraries/src/mem.o
                0x000000000000803c                __fsym_list_mem
 FSymTab        0x0000000000008044       0x60 ./Libraries/rtthread_libraries/components/finsh/cmd.o
                0x0000000000008044                __fsym_list
                0x000000000000804c                __fsym___cmd_list_timer
                0x0000000000008054                __fsym_list_timer
                0x000000000000805c                __fsym___cmd_list_mailbox
                0x0000000000008064                __fsym_list_mailbox
                0x000000000000806c                __fsym___cmd_list_sem
                0x0000000000008074                __fsym_list_sem
                0x000000000000807c                __fsym___cmd_list_thread
                0x0000000000008084                __fsym_list_thread
                0x000000000000808c                __fsym___cmd_version
                0x0000000000008094                __fsym_version
                0x000000000000809c                __fsym_hello
 FSymTab        0x00000000000080a4       0x18 ./Libraries/rtthread_libraries/components/finsh/msh.o
                0x00000000000080a4                __fsym___cmd_free
                0x00000000000080ac                __fsym___cmd_ps
                0x00000000000080b4                __fsym___cmd_help
                0x00000000000080bc                __fsymtab_end = .
                0x00000000000080bc                . = ALIGN (0x4)
                0x00000000000080bc                __vsymtab_start = .
 *(VSymTab)
                0x00000000000080bc                __vsymtab_end = .
 *(.gnu.linkonce.r.*)
                0x00000000000080c0                . = ALIGN (0x8)
 *fill*         0x00000000000080bc        0x4 
 *(.srodata.cst16)
 *(.srodata.cst8)
 *(.srodata.cst4)
 *(.srodata.cst2)
 *(.srodata .srodata.*)

.rela.dyn       0x00000000000080c0        0x0
 .rela.init     0x00000000000080c0        0x0 ./USER/isr.o
 .rela.vector   0x00000000000080c0        0x0 ./USER/isr.o
 .rela.text.handle_reset
                0x00000000000080c0        0x0 ./USER/isr.o
 .rela.text     0x00000000000080c0        0x0 ./USER/isr.o
 .rela.text.finsh_system_init
                0x00000000000080c0        0x0 ./USER/isr.o
 .rela.text.rt_hw_board_init
                0x00000000000080c0        0x0 ./USER/isr.o
 .rela.text._vfprintf_r
                0x00000000000080c0        0x0 ./USER/isr.o
 .rela.text._sbrk_r
                0x00000000000080c0        0x0 ./USER/isr.o
 .rela.text._kill_r
                0x00000000000080c0        0x0 ./USER/isr.o
 .rela.text._write_r
                0x00000000000080c0        0x0 ./USER/isr.o
 .rela.text._close_r
                0x00000000000080c0        0x0 ./USER/isr.o
 .rela.text._fstat_r
                0x00000000000080c0        0x0 ./USER/isr.o
 .rela.text._isatty_r
                0x00000000000080c0        0x0 ./USER/isr.o
 .rela.text._lseek_r
                0x00000000000080c0        0x0 ./USER/isr.o
 .rela.text._read_r
                0x00000000000080c0        0x0 ./USER/isr.o
 .rela.text._close
                0x00000000000080c0        0x0 ./USER/isr.o
 .rela.text._fstat
                0x00000000000080c0        0x0 ./USER/isr.o
 .rela.text._getpid
                0x00000000000080c0        0x0 ./USER/isr.o
 .rela.text._isatty
                0x00000000000080c0        0x0 ./USER/isr.o
 .rela.text._kill
                0x00000000000080c0        0x0 ./USER/isr.o
 .rela.text._lseek
                0x00000000000080c0        0x0 ./USER/isr.o
 .rela.text._read
                0x00000000000080c0        0x0 ./USER/isr.o
 .rela.text._sbrk
                0x00000000000080c0        0x0 ./USER/isr.o

.fini           0x00000000000080c0        0x0
 *(SORT_NONE(.fini))
                0x00000000000080c0                . = ALIGN (0x4)
                [!provide]                        PROVIDE (_etext = .)
                [!provide]                        PROVIDE (_eitcm = .)

.preinit_array  0x00000000000080c0        0x0
                [!provide]                        PROVIDE (__preinit_array_start = .)
 *(.preinit_array)
                [!provide]                        PROVIDE (__preinit_array_end = .)

.init_array     0x00000000000080c0        0x0
                [!provide]                        PROVIDE (__init_array_start = .)
 *(SORT_BY_INIT_PRIORITY(.init_array.*) SORT_BY_INIT_PRIORITY(.ctors.*))
 *(.init_array EXCLUDE_FILE(*crtend?.o *crtend.o *crtbegin?.o *crtbegin.o) .ctors)
                [!provide]                        PROVIDE (__init_array_end = .)

.fini_array     0x00000000000080c0        0x0
                [!provide]                        PROVIDE (__fini_array_start = .)
 *(SORT_BY_INIT_PRIORITY(.fini_array.*) SORT_BY_INIT_PRIORITY(.dtors.*))
 *(.fini_array EXCLUDE_FILE(*crtend?.o *crtend.o *crtbegin?.o *crtbegin.o) .dtors)
                [!provide]                        PROVIDE (__fini_array_end = .)

.ctors
 *crtbegin.o(.ctors)
 *crtbegin?.o(.ctors)
 *(EXCLUDE_FILE(*crtend?.o *crtend.o) .ctors)
 *(SORT_BY_NAME(.ctors.*))
 *(.ctors)

.dtors
 *crtbegin.o(.dtors)
 *crtbegin?.o(.dtors)
 *(EXCLUDE_FILE(*crtend?.o *crtend.o) .dtors)
 *(SORT_BY_NAME(.dtors.*))
 *(.dtors)

.dalign         0x0000000020000000        0x0 load address 0x00000000000080c0
                0x0000000020000000                . = ALIGN (0x4)
                0x0000000020000000                PROVIDE (_data_vma = .)

.dlalign        0x00000000000080c0        0x0
                0x00000000000080c0                . = ALIGN (0x4)
                0x00000000000080c0                PROVIDE (_data_lma = .)

.data           0x0000000020000000       0xe8 load address 0x00000000000080c0
 *(.gnu.linkonce.r.*)
 *(.data .data.*)
 .data.APBAHBPrescTable
                0x0000000020000000       0x10 ./Libraries/wch_libraries/Peripheral/ch32v10x_rcc.o
 .data.rt_object_container
                0x0000000020000010       0x40 ./Libraries/rtthread_libraries/src/object.o
 .data.impure_data
                0x0000000020000050       0x60 d:/mounriver/mounriver_studio/toolchain/risc-v embedded gcc/bin/../lib/gcc/riscv-none-embed/8.2.0/../../../../riscv-none-embed/lib/rv32imac/ilp32\libg_nano.a(lib_a-impure.o)
 *(.gnu.linkonce.d.*)
                0x00000000200000b0                . = ALIGN (0x8)
                0x00000000200008b0                PROVIDE (__global_pointer$ = (. + 0x800))
 *(.sdata .sdata.*)
 .sdata.ADCPrescTable
                0x00000000200000b0        0x4 ./Libraries/wch_libraries/Peripheral/ch32v10x_rcc.o
 .sdata.camera_type
                0x00000000200000b4        0x4 ./Libraries/seekfree_libraries/common.o
                0x00000000200000b4                camera_type
 .sdata.key1_status
                0x00000000200000b8        0x1 ./CODE/button.o
                0x00000000200000b8                key1_status
 .sdata.key2_status
                0x00000000200000b9        0x1 ./CODE/button.o
                0x00000000200000b9                key2_status
 .sdata.key3_status
                0x00000000200000ba        0x1 ./CODE/button.o
                0x00000000200000ba                key3_status
 *fill*         0x00000000200000bb        0x1 
 .sdata._impure_ptr
                0x00000000200000bc        0x4 d:/mounriver/mounriver_studio/toolchain/risc-v embedded gcc/bin/../lib/gcc/riscv-none-embed/8.2.0/../../../../riscv-none-embed/lib/rv32imac/ilp32\libg_nano.a(lib_a-impure.o)
                0x00000000200000bc                _impure_ptr
 *(.sdata2.*)
 .sdata2.SPIN   0x00000000200000c0        0x8 ./Libraries/seekfree_libraries/zf_spi.o
                0x00000000200000c0                SPIN
 .sdata2.__fsym_hello_name
                0x00000000200000c8        0x6 ./Libraries/rtthread_libraries/components/finsh/cmd.o
                0x00000000200000c8                __fsym_hello_name
 *fill*         0x00000000200000ce        0x2 
 .sdata2.__fsym_list_name
                0x00000000200000d0        0x5 ./Libraries/rtthread_libraries/components/finsh/cmd.o
                0x00000000200000d0                __fsym_list_name
 *fill*         0x00000000200000d5        0x3 
 .sdata2.__fsym_version_name
                0x00000000200000d8        0x8 ./Libraries/rtthread_libraries/components/finsh/cmd.o
                0x00000000200000d8                __fsym_version_name
 .sdata2._global_impure_ptr
                0x00000000200000e0        0x4 d:/mounriver/mounriver_studio/toolchain/risc-v embedded gcc/bin/../lib/gcc/riscv-none-embed/8.2.0/../../../../riscv-none-embed/lib/rv32imac/ilp32\libg_nano.a(lib_a-impure.o)
                0x00000000200000e0                _global_impure_ptr
 *(.gnu.linkonce.s.*)
                0x00000000200000e8                . = ALIGN (0x8)
 *fill*         0x00000000200000e4        0x4 
 *(.srodata.cst16)
 *(.srodata.cst8)
 *(.srodata.cst4)
 *(.srodata.cst2)
 *(.srodata .srodata.*)
                0x00000000200000e8                . = ALIGN (0x4)
                0x00000000200000e8                PROVIDE (_edata = .)

.bss            0x00000000200000e8     0x1ffc load address 0x00000000000081a8
                0x00000000200000e8                . = ALIGN (0x4)
                0x00000000200000e8                PROVIDE (_sbss = .)
 *(.sbss*)
 .sbss.camera_sem
                0x00000000200000e8        0x4 ./USER/main.o
                0x00000000200000e8                camera_sem
 .sbss.mt9v03x_finish_flag
                0x00000000200000ec        0x1 ./Libraries/seekfree_peripheral/SEEKFREE_MT9V03X.o
                0x00000000200000ec                mt9v03x_finish_flag
 *fill*         0x00000000200000ed        0x3 
 .sbss.receive  0x00000000200000f0        0x3 ./Libraries/seekfree_peripheral/SEEKFREE_MT9V03X.o
                0x00000000200000f0                receive
 .sbss.receive_num
                0x00000000200000f3        0x1 ./Libraries/seekfree_peripheral/SEEKFREE_MT9V03X.o
                0x00000000200000f3                receive_num
 .sbss.uart_receive_flag
                0x00000000200000f4        0x1 ./Libraries/seekfree_peripheral/SEEKFREE_MT9V03X.o
                0x00000000200000f4                uart_receive_flag
 .sbss.tsl1401_finish_flag
                0x00000000200000f5        0x1 ./Libraries/seekfree_peripheral/SEEKFREE_TSL1401.o
                0x00000000200000f5                tsl1401_finish_flag
 .sbss.ov7725_uart_finish_flag
                0x00000000200000f6        0x1 ./Libraries/seekfree_peripheral/SEEKFREE_UART_7725.o
                0x00000000200000f6                ov7725_uart_finish_flag
 *fill*         0x00000000200000f7        0x1 
 .sbss.ov7725_uart_receive
                0x00000000200000f8        0x3 ./Libraries/seekfree_peripheral/SEEKFREE_UART_7725.o
                0x00000000200000f8                ov7725_uart_receive
 .sbss.ov7725_uart_receive_flag
                0x00000000200000fb        0x1 ./Libraries/seekfree_peripheral/SEEKFREE_UART_7725.o
                0x00000000200000fb                ov7725_uart_receive_flag
 .sbss.ov7725_uart_receive_num
                0x00000000200000fc        0x1 ./Libraries/seekfree_peripheral/SEEKFREE_UART_7725.o
                0x00000000200000fc                ov7725_uart_receive_num
 *fill*         0x00000000200000fd        0x3 
 .sbss.sys_clk  0x0000000020000100        0x4 ./Libraries/seekfree_libraries/common.o
                0x0000000020000100                sys_clk
 .sbss.rt_tick  0x0000000020000104        0x4 ./Libraries/rtthread_libraries/src/clock.o
 .sbss.rt_interrupt_nest
                0x0000000020000108        0x1 ./Libraries/rtthread_libraries/src/irq.o
                0x0000000020000108                rt_interrupt_nest
 *fill*         0x0000000020000109        0x3 
 .sbss.heap_end
                0x000000002000010c        0x4 ./Libraries/rtthread_libraries/src/mem.o
 .sbss.heap_ptr
                0x0000000020000110        0x4 ./Libraries/rtthread_libraries/src/mem.o
 .sbss.lfree    0x0000000020000114        0x4 ./Libraries/rtthread_libraries/src/mem.o
 .sbss.max_mem  0x0000000020000118        0x4 ./Libraries/rtthread_libraries/src/mem.o
 .sbss.mem_size_aligned
                0x000000002000011c        0x4 ./Libraries/rtthread_libraries/src/mem.o
 .sbss.used_mem
                0x0000000020000120        0x4 ./Libraries/rtthread_libraries/src/mem.o
 .sbss.rt_current_priority
                0x0000000020000124        0x1 ./Libraries/rtthread_libraries/src/scheduler.o
                0x0000000020000124                rt_current_priority
 *fill*         0x0000000020000125        0x3 
 .sbss.rt_current_thread
                0x0000000020000128        0x4 ./Libraries/rtthread_libraries/src/scheduler.o
                0x0000000020000128                rt_current_thread
 .sbss.rt_scheduler_lock_nest
                0x000000002000012c        0x2 ./Libraries/rtthread_libraries/src/scheduler.o
 *fill*         0x000000002000012e        0x2 
 .sbss.rt_thread_defunct
                0x0000000020000130        0x8 ./Libraries/rtthread_libraries/src/scheduler.o
                0x0000000020000130                rt_thread_defunct
 .sbss.rt_thread_ready_priority_group
                0x0000000020000138        0x4 ./Libraries/rtthread_libraries/src/scheduler.o
                0x0000000020000138                rt_thread_ready_priority_group
 .sbss.random_nr.2125
                0x000000002000013c        0x4 ./Libraries/rtthread_libraries/src/timer.o
 .sbss.rt_timer_list
                0x0000000020000140        0x8 ./Libraries/rtthread_libraries/src/timer.o
 .sbss.rt_interrupt_from_thread
                0x0000000020000148        0x4 ./Libraries/rtthread_libraries/libcpu/cpuport.o
                0x0000000020000148                rt_interrupt_from_thread
 .sbss.rt_interrupt_to_thread
                0x000000002000014c        0x4 ./Libraries/rtthread_libraries/libcpu/cpuport.o
                0x000000002000014c                rt_interrupt_to_thread
 .sbss.rt_thread_switch_interrupt_flag
                0x0000000020000150        0x4 ./Libraries/rtthread_libraries/libcpu/cpuport.o
                0x0000000020000150                rt_thread_switch_interrupt_flag
 .sbss._syscall_table_begin
                0x0000000020000154        0x4 ./Libraries/rtthread_libraries/components/finsh/shell.o
                0x0000000020000154                _syscall_table_begin
 .sbss._syscall_table_end
                0x0000000020000158        0x4 ./Libraries/rtthread_libraries/components/finsh/shell.o
                0x0000000020000158                _syscall_table_end
 .sbss._sysvar_table_begin
                0x000000002000015c        0x4 ./Libraries/rtthread_libraries/components/finsh/shell.o
                0x000000002000015c                _sysvar_table_begin
 .sbss._sysvar_table_end
                0x0000000020000160        0x4 ./Libraries/rtthread_libraries/components/finsh/shell.o
                0x0000000020000160                _sysvar_table_end
 .sbss.finsh_prompt_custom
                0x0000000020000164        0x4 ./Libraries/rtthread_libraries/components/finsh/shell.o
 .sbss.shell    0x0000000020000168        0x4 ./Libraries/rtthread_libraries/components/finsh/shell.o
                0x0000000020000168                shell
 .sbss.uart_mb  0x000000002000016c        0x4 ./Libraries/board/board.o
                0x000000002000016c                uart_mb
 .sbss.key1_last_status
                0x0000000020000170        0x1 ./CODE/button.o
                0x0000000020000170                key1_last_status
 *fill*         0x0000000020000171        0x3 
 .sbss.key1_sem
                0x0000000020000174        0x4 ./CODE/button.o
                0x0000000020000174                key1_sem
 .sbss.key2_last_status
                0x0000000020000178        0x1 ./CODE/button.o
                0x0000000020000178                key2_last_status
 *fill*         0x0000000020000179        0x3 
 .sbss.key2_sem
                0x000000002000017c        0x4 ./CODE/button.o
                0x000000002000017c                key2_sem
 .sbss.key3_last_status
                0x0000000020000180        0x1 ./CODE/button.o
                0x0000000020000180                key3_last_status
 *fill*         0x0000000020000181        0x3 
 .sbss.key3_sem
                0x0000000020000184        0x4 ./CODE/button.o
                0x0000000020000184                key3_sem
 .sbss.buzzer_mailbox
                0x0000000020000188        0x4 ./CODE/buzzer.o
                0x0000000020000188                buzzer_mailbox
 .sbss.__malloc_free_list
                0x000000002000018c        0x4 d:/mounriver/mounriver_studio/toolchain/risc-v embedded gcc/bin/../lib/gcc/riscv-none-embed/8.2.0/../../../../riscv-none-embed/lib/rv32imac/ilp32\libg_nano.a(lib_a-nano-mallocr.o)
                0x000000002000018c                __malloc_free_list
 .sbss.__malloc_sbrk_start
                0x0000000020000190        0x4 d:/mounriver/mounriver_studio/toolchain/risc-v embedded gcc/bin/../lib/gcc/riscv-none-embed/8.2.0/../../../../riscv-none-embed/lib/rv32imac/ilp32\libg_nano.a(lib_a-nano-mallocr.o)
                0x0000000020000190                __malloc_sbrk_start
 .sbss.heap_end.1518
                0x0000000020000194        0x4 d:/mounriver/mounriver_studio/toolchain/risc-v embedded gcc/bin/../lib/gcc/riscv-none-embed/8.2.0/../../../../riscv-none-embed/lib/rv32imac/ilp32\libnosys.a(sbrk.o)
 *(.gnu.linkonce.sb.*)
 *(.bss*)
 .bss.ccd_data  0x0000000020000198      0x100 ./Libraries/seekfree_peripheral/SEEKFREE_TSL1401.o
                0x0000000020000198                ccd_data
 .bss.irq_status
                0x0000000020000298        0xc ./Libraries/seekfree_libraries/common.o
                0x0000000020000298                irq_status
 .bss.idle      0x00000000200002a4       0x78 ./Libraries/rtthread_libraries/src/idle.o
 .bss.rt_thread_stack
                0x000000002000031c      0x300 ./Libraries/rtthread_libraries/src/idle.o
 .bss.rt_log_buf.2341
                0x000000002000061c       0x80 ./Libraries/rtthread_libraries/src/kservice.o
 .bss.heap_sem  0x000000002000069c       0x20 ./Libraries/rtthread_libraries/src/mem.o
 .bss.rt_thread_priority_table
                0x00000000200006bc       0x40 ./Libraries/rtthread_libraries/src/scheduler.o
                0x00000000200006bc                rt_thread_priority_table
 .bss.finsh_prompt.3980
                0x00000000200006fc       0x81 ./Libraries/rtthread_libraries/components/finsh/shell.o
 *fill*         0x000000002000077d        0x3 
 .bss.rt_heap   0x0000000020000780     0x1960 ./Libraries/board/board.o
 *(.gnu.linkonce.b.*)
 *(COMMON*)
 COMMON         0x00000000200020e0        0x4 d:/mounriver/mounriver_studio/toolchain/risc-v embedded gcc/bin/../lib/gcc/riscv-none-embed/8.2.0/../../../../riscv-none-embed/lib/rv32imac/ilp32\libg_nano.a(lib_a-reent.o)
                0x00000000200020e0                errno
                0x00000000200020e4                . = ALIGN (0x4)
                0x00000000200020e4                PROVIDE (_ebss = .)
                [!provide]                        PROVIDE (_end = _ebss)
                0x00000000200020e4                PROVIDE (end = .)

.stack          0x0000000020004f00      0x100
                0x0000000020004f00                . = ALIGN (0x4)
                [!provide]                        PROVIDE (_susrstack = .)
                0x0000000020005000                . = (. + __stack_size)
 *fill*         0x0000000020004f00      0x100 
                0x0000000020005000                PROVIDE (_eusrstack = .)
OUTPUT(Smartcar_Mecanum_Master.elf elf32-littleriscv)

.debug_info     0x0000000000000000    0x2e53b
 .debug_info    0x0000000000000000     0x1d8e ./USER/isr.o
 .debug_info    0x0000000000001d8e     0x17b0 ./USER/main.o
 .debug_info    0x000000000000353e       0x22 ./Libraries/wch_libraries/Startup/startup_ch32v10x.o
 .debug_info    0x0000000000003560      0xcbc ./Libraries/wch_libraries/Peripheral/ch32v10x_adc.o
 .debug_info    0x000000000000421c      0x473 ./Libraries/wch_libraries/Peripheral/ch32v10x_dma.o
 .debug_info    0x000000000000468f      0x353 ./Libraries/wch_libraries/Peripheral/ch32v10x_exti.o
 .debug_info    0x00000000000049e2      0x885 ./Libraries/wch_libraries/Peripheral/ch32v10x_gpio.o
 .debug_info    0x0000000000005267      0x59c ./Libraries/wch_libraries/Peripheral/ch32v10x_misc.o
 .debug_info    0x0000000000005803      0x90a ./Libraries/wch_libraries/Peripheral/ch32v10x_rcc.o
 .debug_info    0x000000000000610d      0xa1c ./Libraries/wch_libraries/Peripheral/ch32v10x_spi.o
 .debug_info    0x0000000000006b29     0x2119 ./Libraries/wch_libraries/Peripheral/ch32v10x_tim.o
 .debug_info    0x0000000000008c42      0xb73 ./Libraries/wch_libraries/Peripheral/ch32v10x_usart.o
 .debug_info    0x00000000000097b5      0xb50 ./Libraries/seekfree_peripheral/SEEKFREE_FONT.o
 .debug_info    0x000000000000a305     0x2579 ./Libraries/seekfree_peripheral/SEEKFREE_IPS114_SPI.o
 .debug_info    0x000000000000c87e     0x19b4 ./Libraries/seekfree_peripheral/SEEKFREE_MT9V03X.o
 .debug_info    0x000000000000e232     0x1180 ./Libraries/seekfree_peripheral/SEEKFREE_TSL1401.o
 .debug_info    0x000000000000f3b2     0x17bf ./Libraries/seekfree_peripheral/SEEKFREE_UART_7725.o
 .debug_info    0x0000000000010b71      0xa5b ./Libraries/seekfree_libraries/common.o
 .debug_info    0x00000000000115cc     0x1567 ./Libraries/seekfree_libraries/zf_adc.o
 .debug_info    0x0000000000012b33     0x1354 ./Libraries/seekfree_libraries/zf_gpio.o
 .debug_info    0x0000000000013e87      0xf30 ./Libraries/seekfree_libraries/zf_nvic.o
 .debug_info    0x0000000000014db7     0x1bfd ./Libraries/seekfree_libraries/zf_pwm.o
 .debug_info    0x00000000000169b4     0x15f7 ./Libraries/seekfree_libraries/zf_qtimer.o
 .debug_info    0x0000000000017fab     0x1511 ./Libraries/seekfree_libraries/zf_spi.o
 .debug_info    0x00000000000194bc      0xb24 ./Libraries/seekfree_libraries/zf_systick.o
 .debug_info    0x0000000000019fe0     0x16a3 ./Libraries/seekfree_libraries/zf_uart.o
 .debug_info    0x000000000001b683      0x4c2 ./Libraries/rtthread_libraries/src/clock.o
 .debug_info    0x000000000001bb45      0x664 ./Libraries/rtthread_libraries/src/components.o
 .debug_info    0x000000000001c1a9      0x69f ./Libraries/rtthread_libraries/src/idle.o
 .debug_info    0x000000000001c848     0x187f ./Libraries/rtthread_libraries/src/ipc.o
 .debug_info    0x000000000001e0c7      0x1aa ./Libraries/rtthread_libraries/src/irq.o
 .debug_info    0x000000000001e271     0x123a ./Libraries/rtthread_libraries/src/kservice.o
 .debug_info    0x000000000001f4ab     0x11ff ./Libraries/rtthread_libraries/src/mem.o
 .debug_info    0x00000000000206aa      0x7b9 ./Libraries/rtthread_libraries/src/object.o
 .debug_info    0x0000000000020e63      0x7ce ./Libraries/rtthread_libraries/src/scheduler.o
 .debug_info    0x0000000000021631     0x11ad ./Libraries/rtthread_libraries/src/thread.o
 .debug_info    0x00000000000227de      0xb97 ./Libraries/rtthread_libraries/src/timer.o
 .debug_info    0x0000000000023375       0x26 ./Libraries/rtthread_libraries/libcpu/context_gcc.o
 .debug_info    0x000000000002339b      0x787 ./Libraries/rtthread_libraries/libcpu/cpuport.o
 .debug_info    0x0000000000023b22     0x1f82 ./Libraries/rtthread_libraries/components/finsh/cmd.o
 .debug_info    0x0000000000025aa4     0x1205 ./Libraries/rtthread_libraries/components/finsh/msh.o