Archive member included to satisfy reference by file (symbol)

d:/mounriver/mounriver_studio/toolchain/risc-v embedded gcc/bin/../lib/gcc/riscv-none-embed/8.2.0/rv32imac/ilp32\libgcc.a(eqdf2.o)
                              ./Libraries/seekfree_peripheral/SEEKFREE_PRINTF.o (__nedf2)
d:/mounriver/mounriver_studio/toolchain/risc-v embedded gcc/bin/../lib/gcc/riscv-none-embed/8.2.0/rv32imac/ilp32\libgcc.a(ledf2.o)
                              ./Libraries/seekfree_peripheral/SEEKFREE_18TFT.o (__ltdf2)
d:/mounriver/mounriver_studio/toolchain/risc-v embedded gcc/bin/../lib/gcc/riscv-none-embed/8.2.0/rv32imac/ilp32\libgcc.a(muldf3.o)
                              ./Libraries/seekfree_peripheral/SEEKFREE_PRINTF.o (__muldf3)
d:/mounriver/mounriver_studio/toolchain/risc-v embedded gcc/bin/../lib/gcc/riscv-none-embed/8.2.0/rv32imac/ilp32\libgcc.a(subdf3.o)
                              ./Libraries/seekfree_peripheral/SEEKFREE_PRINTF.o (__subdf3)
d:/mounriver/mounriver_studio/toolchain/risc-v embedded gcc/bin/../lib/gcc/riscv-none-embed/8.2.0/rv32imac/ilp32\libgcc.a(fixdfsi.o)
                              ./Libraries/seekfree_peripheral/SEEKFREE_PRINTF.o (__fixdfsi)
d:/mounriver/mounriver_studio/toolchain/risc-v embedded gcc/bin/../lib/gcc/riscv-none-embed/8.2.0/rv32imac/ilp32\libgcc.a(floatsidf.o)
                              ./Libraries/seekfree_peripheral/SEEKFREE_PRINTF.o (__floatsidf)
d:/mounriver/mounriver_studio/toolchain/risc-v embedded gcc/bin/../lib/gcc/riscv-none-embed/8.2.0/rv32imac/ilp32\libgcc.a(_clzsi2.o)
                              d:/mounriver/mounriver_studio/toolchain/risc-v embedded gcc/bin/../lib/gcc/riscv-none-embed/8.2.0/rv32imac/ilp32\libgcc.a(muldf3.o) (__clzsi2)
d:/mounriver/mounriver_studio/toolchain/risc-v embedded gcc/bin/../lib/gcc/riscv-none-embed/8.2.0/rv32imac/ilp32\libgcc.a(_clz.o)
                              d:/mounriver/mounriver_studio/toolchain/risc-v embedded gcc/bin/../lib/gcc/riscv-none-embed/8.2.0/rv32imac/ilp32\libgcc.a(_clzsi2.o) (__clz_tab)
d:/mounriver/mounriver_studio/toolchain/risc-v embedded gcc/bin/../lib/gcc/riscv-none-embed/8.2.0/../../../../riscv-none-embed/lib/rv32imac/ilp32\libg_nano.a(lib_a-assert.o)
                              ./Libraries/seekfree_peripheral/SEEKFREE_18TFT.o (__assert_func)
d:/mounriver/mounriver_studio/toolchain/risc-v embedded gcc/bin/../lib/gcc/riscv-none-embed/8.2.0/../../../../riscv-none-embed/lib/rv32imac/ilp32\libg_nano.a(lib_a-fprintf.o)
                              d:/mounriver/mounriver_studio/toolchain/risc-v embedded gcc/bin/../lib/gcc/riscv-none-embed/8.2.0/../../../../riscv-none-embed/lib/rv32imac/ilp32\libg_nano.a(lib_a-assert.o) (fiprintf)
d:/mounriver/mounriver_studio/toolchain/risc-v embedded gcc/bin/../lib/gcc/riscv-none-embed/8.2.0/../../../../riscv-none-embed/lib/rv32imac/ilp32\libg_nano.a(lib_a-impure.o)
                              d:/mounriver/mounriver_studio/toolchain/risc-v embedded gcc/bin/../lib/gcc/riscv-none-embed/8.2.0/../../../../riscv-none-embed/lib/rv32imac/ilp32\libg_nano.a(lib_a-assert.o) (_impure_ptr)
d:/mounriver/mounriver_studio/toolchain/risc-v embedded gcc/bin/../lib/gcc/riscv-none-embed/8.2.0/../../../../riscv-none-embed/lib/rv32imac/ilp32\libg_nano.a(lib_a-memcpy.o)
                              ./Libraries/seekfree_peripheral/SEEKFREE_PRINTF.o (memcpy)
d:/mounriver/mounriver_studio/toolchain/risc-v embedded gcc/bin/../lib/gcc/riscv-none-embed/8.2.0/../../../../riscv-none-embed/lib/rv32imac/ilp32\libg_nano.a(lib_a-memset.o)
                              ./Libraries/rtthread_libraries/components/finsh/shell.o (memset)
d:/mounriver/mounriver_studio/toolchain/risc-v embedded gcc/bin/../lib/gcc/riscv-none-embed/8.2.0/../../../../riscv-none-embed/lib/rv32imac/ilp32\libg_nano.a(lib_a-nano-vfprintf.o)
                              d:/mounriver/mounriver_studio/toolchain/risc-v embedded gcc/bin/../lib/gcc/riscv-none-embed/8.2.0/../../../../riscv-none-embed/lib/rv32imac/ilp32\libg_nano.a(lib_a-fprintf.o) (_vfprintf_r)
d:/mounriver/mounriver_studio/toolchain/risc-v embedded gcc/bin/../lib/gcc/riscv-none-embed/8.2.0/../../../../riscv-none-embed/lib/rv32imac/ilp32\libg_nano.a(lib_a-nano-vfprintf_i.o)
                              d:/mounriver/mounriver_studio/toolchain/risc-v embedded gcc/bin/../lib/gcc/riscv-none-embed/8.2.0/../../../../riscv-none-embed/lib/rv32imac/ilp32\libg_nano.a(lib_a-nano-vfprintf.o) (_printf_i)
d:/mounriver/mounriver_studio/toolchain/risc-v embedded gcc/bin/../lib/gcc/riscv-none-embed/8.2.0/../../../../riscv-none-embed/lib/rv32imac/ilp32\libg_nano.a(lib_a-strcpy.o)
                              ./Libraries/rtthread_libraries/components/finsh/shell.o (strcpy)
d:/mounriver/mounriver_studio/toolchain/risc-v embedded gcc/bin/../lib/gcc/riscv-none-embed/8.2.0/../../../../riscv-none-embed/lib/rv32imac/ilp32\libg_nano.a(lib_a-strlen.o)
                              ./Libraries/rtthread_libraries/components/finsh/msh.o (strlen)
[...]
Memory Configuration

Name             Origin             Length             Attributes
FLASH            0x0000000000000000 0x0000000000010000 xr
RAM              0x0000000020000000 0x0000000000005000 xrw
*default*        0x0000000000000000 0xffffffffffffffff

Linker script and memory map

LOAD ./USER/isr.o
LOAD ./USER/main.o
LOAD ./Libraries/wch_libraries/Startup/startup_ch32v10x.o
LOAD ./Libraries/wch_libraries/Peripheral/ch32v10x_adc.o
LOAD ./Libraries/wch_libraries/Peripheral/ch32v10x_bkp.o
LOAD ./Libraries/wch_libraries/Peripheral/ch32v10x_crc.o
LOAD ./Libraries/wch_libraries/Peripheral/ch32v10x_dbgmcu.o
LOAD ./Libraries/wch_libraries/Peripheral/ch32v10x_dma.o
LOAD ./Libraries/wch_libraries/Peripheral/ch32v10x_exti.o
LOAD ./Libraries/wch_libraries/Peripheral/ch32v10x_flash.o
LOAD ./Libraries/wch_libraries/Peripheral/ch32v10x_gpio.o
LOAD ./Libraries/wch_libraries/Peripheral/ch32v10x_i2c.o
LOAD ./Libraries/wch_libraries/Peripheral/ch32v10x_iwdg.o
LOAD ./Libraries/wch_libraries/Peripheral/ch32v10x_misc.o
LOAD ./Libraries/wch_libraries/Peripheral/ch32v10x_pwr.o
LOAD ./Libraries/wch_libraries/Peripheral/ch32v10x_rcc.o
LOAD ./Libraries/wch_libraries/Peripheral/ch32v10x_rtc.o
LOAD ./Libraries/wch_libraries/Peripheral/ch32v10x_spi.o
LOAD ./Libraries/wch_libraries/Peripheral/ch32v10x_tim.o
LOAD ./Libraries/wch_libraries/Peripheral/ch32v10x_usart.o
LOAD ./Libraries/wch_libraries/Peripheral/ch32v10x_usb.o
LOAD ./Libraries/wch_libraries/Peripheral/ch32v10x_usb_host.o
LOAD ./Libraries/wch_libraries/Peripheral/ch32v10x_wwdg.o
LOAD ./Libraries/wch_libraries/Core/core_riscv.o
LOAD ./Libraries/seekfree_peripheral/SEEKFREE_18TFT.o
LOAD ./Libraries/seekfree_peripheral/SEEKFREE_ABSOLUTE_ENCODER.o
LOAD ./Libraries/seekfree_peripheral/SEEKFREE_FONT.o
LOAD ./Libraries/seekfree_peripheral/SEEKFREE_ICM20602.o
LOAD ./Libraries/seekfree_peripheral/SEEKFREE_IIC.o
LOAD ./Libraries/seekfree_peripheral/SEEKFREE_IPS114_SPI.o
LOAD ./Libraries/seekfree_peripheral/SEEKFREE_MPU6050.o
LOAD ./Libraries/seekfree_peripheral/SEEKFREE_MT9V03X.o
LOAD ./Libraries/seekfree_peripheral/SEEKFREE_OLED.o
LOAD ./Libraries/seekfree_peripheral/SEEKFREE_PRINTF.o
LOAD ./Libraries/seekfree_peripheral/SEEKFREE_TSL1401.o
LOAD ./Libraries/seekfree_peripheral/SEEKFREE_UART_7725.o
LOAD ./Libraries/seekfree_peripheral/SEEKFREE_VIRSCO.o
LOAD ./Libraries/seekfree_peripheral/SEEKFREE_WIRELESS.o
LOAD ./Libraries/seekfree_libraries/common.o
LOAD ./Libraries/seekfree_libraries/misc.o
LOAD ./Libraries/seekfree_libraries/zf_adc.o
LOAD ./Libraries/seekfree_libraries/zf_camera.o
LOAD ./Libraries/seekfree_libraries/zf_flash.o
LOAD ./Libraries/seekfree_libraries/zf_gpio.o
LOAD ./Libraries/seekfree_libraries/zf_nvic.o
LOAD ./Libraries/seekfree_libraries/zf_pit.o
LOAD ./Libraries/seekfree_libraries/zf_pwm.o
LOAD ./Libraries/seekfree_libraries/zf_qtimer.o
LOAD ./Libraries/seekfree_libraries/zf_spi.o
LOAD ./Libraries/seekfree_libraries/zf_systick.o
LOAD ./Libraries/seekfree_libraries/zf_uart.o
LOAD ./Libraries/rtthread_libraries/src/clock.o
LOAD ./Libraries/rtthread_libraries/src/components.o
LOAD ./Libraries/rtthread_libraries/src/cpu.o
LOAD ./Libraries/rtthread_libraries/src/idle.o
LOAD ./Libraries/rtthread_libraries/src/ipc.o
LOAD ./Libraries/rtthread_libraries/src/irq.o
LOAD ./Libraries/rtthread_libraries/src/kservice.o
LOAD ./Libraries/rtthread_libraries/src/mem.o
LOAD ./Libraries/rtthread_libraries/src/memheap.o
LOAD ./Libraries/rtthread_libraries/src/mempool.o
LOAD ./Libraries/rtthread_libraries/src/object.o
LOAD ./Libraries/rtthread_libraries/src/scheduler.o
LOAD ./Libraries/rtthread_libraries/src/slab.o
LOAD ./Libraries/rtthread_libraries/src/thread.o
LOAD ./Libraries/rtthread_libraries/src/timer.o
LOAD ./Libraries/rtthread_libraries/libcpu/context_gcc.o
LOAD ./Libraries/rtthread_libraries/libcpu/cpuport.o
LOAD ./Libraries/rtthread_libraries/libcpu/interrupt_gcc.o
LOAD ./Libraries/rtthread_libraries/components/finsh/cmd.o
LOAD ./Libraries/rtthread_libraries/components/finsh/msh.o
LOAD ./Libraries/rtthread_libraries/components/finsh/shell.o
LOAD ./Libraries/board/board.o
LOAD ./Libraries/board/clock_config.o
LOAD ./CODE/button.o
LOAD ./CODE/buzzer.o
LOAD ./CODE/display.o
LOAD ./CODE/elec.o
LOAD ./CODE/encoder.o
LOAD ./CODE/motor.o
LOAD ./CODE/timer_pit.o
LOAD d:/mounriver/mounriver_studio/toolchain/risc-v embedded gcc/bin/../lib/gcc/riscv-none-embed/8.2.0/../../../../riscv-none-embed/lib/rv32imac/ilp32\libm.a
LOAD d:/mounriver/mounriver_studio/toolchain/risc-v embedded gcc/bin/../lib/gcc/riscv-none-embed/8.2.0/rv32imac/ilp32\libgcc.a
LOAD d:/mounriver/mounriver_studio/toolchain/risc-v embedded gcc/bin/../lib/gcc/riscv-none-embed/8.2.0/../../../../riscv-none-embed/lib/rv32imac/ilp32\libg_nano.a
LOAD d:/mounriver/mounriver_studio/toolchain/risc-v embedded gcc/bin/../lib/gcc/riscv-none-embed/8.2.0/../../../../riscv-none-embed/lib/rv32imac/ilp32\libc_nano.a
LOAD d:/mounriver/mounriver_studio/toolchain/risc-v embedded gcc/bin/../lib/gcc/riscv-none-embed/8.2.0/rv32imac/ilp32\libgcc.a
START GROUP
LOAD d:/mounriver/mounriver_studio/toolchain/risc-v embedded gcc/bin/../lib/gcc/riscv-none-embed/8.2.0/rv32imac/ilp32\libgcc.a
LOAD d:/mounriver/mounriver_studio/toolchain/risc-v embedded gcc/bin/../lib/gcc/riscv-none-embed/8.2.0/../../../../riscv-none-embed/lib/rv32imac/ilp32\libc_nano.a
LOAD d:/mounriver/mounriver_studio/toolchain/risc-v embedded gcc/bin/../lib/gcc/riscv-none-embed/8.2.0/../../../../riscv-none-embed/lib/rv32imac/ilp32\libnosys.a
END GROUP
START GROUP
LOAD d:/mounriver/mounriver_studio/toolchain/risc-v embedded gcc/bin/../lib/gcc/riscv-none-embed/8.2.0/rv32imac/ilp32\libgcc.a
LOAD d:/mounriver/mounriver_studio/toolchain/risc-v embedded gcc/bin/../lib/gcc/riscv-none-embed/8.2.0/../../../../riscv-none-embed/lib/rv32imac/ilp32\libc_nano.a
LOAD d:/mounriver/mounriver_studio/toolchain/risc-v embedded gcc/bin/../lib/gcc/riscv-none-embed/8.2.0/../../../../riscv-none-embed/lib/rv32imac/ilp32\libnosys.a
END GROUP
                0x0000000000000100                __stack_size = 0x100
                [!provide]                        PROVIDE (_stack_size = __stack_size)

.init           0x0000000000000000       0x38
                0x0000000000000000                _sinit = .
                0x0000000000000000                . = ALIGN (0x4)
 *(SORT_NONE(.init))
 .init          0x0000000000000000       0x38 ./Libraries/wch_libraries/Startup/startup_ch32v10x.o
                0x0000000000000000                _start
                0x0000000000000038                . = ALIGN (0x4)
                0x0000000000000038                _einit = .

.vector         0x0000000000000038      0x108
 *(.vector)
 .vector        0x0000000000000038       0xf0 ./Libraries/wch_libraries/Startup/startup_ch32v10x.o
                0x0000000000000140                . = ALIGN (0x40)
 *fill*         0x0000000000000128       0x18 

.text           0x0000000000000140     0xa7dc
                0x0000000000000140                . = ALIGN (0x4)
 *(.text)
 .text          0x0000000000000140       0xce ./Libraries/rtthread_libraries/libcpu/context_gcc.o
                0x0000000000000140                rt_hw_interrupt_disable
                0x0000000000000146                rt_hw_interrupt_enable
                0x000000000000014c                rt_hw_context_switch_to
                0x0000000000000160                SW_handler
                0x00000000000001c0                rt_hw_context_switch_exit
 .text          0x000000000000020e       0xa8 d:/mounriver/mounriver_studio/toolchain/risc-v embedded gcc/bin/../lib/gcc/riscv-none-embed/8.2.0/../../../../riscv-none-embed/lib/rv32imac/ilp32\libg_nano.a(lib_a-memset.o)
                0x000000000000020e                memset
 *(.text.*)
 .text.EXTI0_IRQHandler
                0x00000000000002b6       0x64 ./USER/isr.o
                0x00000000000002b6                EXTI0_IRQHandler
 .text.EXTI1_IRQHandler
                0x000000000000031a       0x84 ./USER/isr.o
                0x000000000000031a                EXTI1_IRQHandler
 .text.EXTI2_IRQHandler
                0x000000000000039e       0x64 ./USER/isr.o
                0x000000000000039e                EXTI2_IRQHandler
 .text.EXTI3_IRQHandler
                0x0000000000000402       0x64 ./USER/isr.o
                0x0000000000000402                EXTI3_IRQHandler
 .text.EXTI4_IRQHandler
                0x0000000000000466       0x64 ./USER/isr.o
                0x0000000000000466                EXTI4_IRQHandler
 .text.EXTI9_5_IRQHandler
                0x00000000000004ca       0xc6 ./USER/isr.o
                0x00000000000004ca                EXTI9_5_IRQHandler
 .text.EXTI15_10_IRQHandler
                0x0000000000000590       0xd2 ./USER/isr.o
                0x0000000000000590                EXTI15_10_IRQHandler
 .text.ADC1_2_IRQHandler
                0x0000000000000662       0x50 ./USER/isr.o
                0x0000000000000662                ADC1_2_IRQHandler
 .text.TIM1_BRK_IRQHandler
                0x00000000000006b2       0x74 ./USER/isr.o
                0x00000000000006b2                TIM1_BRK_IRQHandler
 .text.TIM1_UP_IRQHandler
                0x0000000000000726       0x70 ./USER/isr.o
                0x0000000000000726                TIM1_UP_IRQHandler
 .text.TIM1_TRG_COM_IRQHandler
                0x0000000000000796       0x98 ./USER/isr.o
                0x0000000000000796                TIM1_TRG_COM_IRQHandler
 .text.TIM1_CC_IRQHandler
                0x000000000000082e       0xd0 ./USER/isr.o
                0x000000000000082e                TIM1_CC_IRQHandler
 .text.TIM2_IRQHandler
                0x00000000000008fe       0x2e ./USER/isr.o
                0x00000000000008fe                TIM2_IRQHandler
 .text.TIM3_IRQHandler
                0x000000000000092c       0x70 ./USER/isr.o
                0x000000000000092c                TIM3_IRQHandler
 .text.TIM4_IRQHandler
                0x000000000000099c       0x70 ./USER/isr.o
                0x000000000000099c                TIM4_IRQHandler
 .text.USART2_IRQHandler
                0x0000000000000a0c       0x82 ./USER/isr.o
                0x0000000000000a0c                USART2_IRQHandler
 .text.USART3_IRQHandler
                0x0000000000000a8e       0x50 ./USER/isr.o
                0x0000000000000a8e                USART3_IRQHandler
 .text.DMA1_Channel4_IRQHandler
                0x0000000000000ade       0x82 ./USER/isr.o
                0x0000000000000ade                DMA1_Channel4_IRQHandler
 .text.NMI_Handler
                0x0000000000000b60       0x50 ./USER/isr.o
                0x0000000000000b60                NMI_Handler
 .text.HardFault_Handler
                0x0000000000000bb0       0x28 ./USER/isr.o
                0x0000000000000bb0                HardFault_Handler
 .text.WWDG_IRQHandler
                0x0000000000000bd8       0x50 ./USER/isr.o
                0x0000000000000bd8                WWDG_IRQHandler
 .text.TAMPER_IRQHandler
                0x0000000000000c28       0x12 ./USER/isr.o
                0x0000000000000c28                TAMPER_IRQHandler
 .text.RTC_IRQHandler
                0x0000000000000c3a       0x12 ./USER/isr.o
                0x0000000000000c3a                RTC_IRQHandler
 .text.FLASH_IRQHandler
                0x0000000000000c4c       0x12 ./USER/isr.o
                0x0000000000000c4c                FLASH_IRQHandler
 .text.RCC_IRQHandler
                0x0000000000000c5e       0x12 ./USER/isr.o
                0x0000000000000c5e                RCC_IRQHandler
 .text.DMA1_Channel1_IRQHandler
                0x0000000000000c70       0x50 ./USER/isr.o
                0x0000000000000c70                DMA1_Channel1_IRQHandler
 .text.DMA1_Channel2_IRQHandler
                0x0000000000000cc0       0x50 ./USER/isr.o
                0x0000000000000cc0                DMA1_Channel2_IRQHandler
 .text.DMA1_Channel3_IRQHandler
                0x0000000000000d10       0x50 ./USER/isr.o
                0x0000000000000d10                DMA1_Channel3_IRQHandler
 .text.DMA1_Channel5_IRQHandler
                0x0000000000000d60       0x50 ./USER/isr.o
                0x0000000000000d60                DMA1_Channel5_IRQHandler
 .text.DMA1_Channel6_IRQHandler
                0x0000000000000db0       0x50 ./USER/isr.o
                0x0000000000000db0                DMA1_Channel6_IRQHandler
 .text.DMA1_Channel7_IRQHandler
                0x0000000000000e00       0x50 ./USER/isr.o
                0x0000000000000e00                DMA1_Channel7_IRQHandler
 .text.main     0x0000000000000e50       0x50 ./USER/main.o
                0x0000000000000e50                main
 .text.handle_reset
                0x0000000000000ea0       0x86 ./Libraries/wch_libraries/Startup/startup_ch32v10x.o
                0x0000000000000ea0                handle_reset
 .text.ADC_DeInit
                0x0000000000000f26       0x28 ./Libraries/wch_libraries/Peripheral/ch32v10x_adc.o
                0x0000000000000f26                ADC_DeInit
 .text.ADC_Init
                0x0000000000000f4e       0x50 ./Libraries/wch_libraries/Peripheral/ch32v10x_adc.o
                0x0000000000000f4e                ADC_Init
 .text.ADC_Cmd  0x0000000000000f9e       0x14 ./Libraries/wch_libraries/Peripheral/ch32v10x_adc.o
                0x0000000000000f9e                ADC_Cmd
 .text.ADC_ResetCalibration
                0x0000000000000fb2        0xa ./Libraries/wch_libraries/Peripheral/ch32v10x_adc.o
                0x0000000000000fb2                ADC_ResetCalibration
 .text.ADC_GetResetCalibrationStatus
                0x0000000000000fbc        0x8 ./Libraries/wch_libraries/Peripheral/ch32v10x_adc.o
                0x0000000000000fbc                ADC_GetResetCalibrationStatus
 .text.ADC_StartCalibration
                0x0000000000000fc4        0xa ./Libraries/wch_libraries/Peripheral/ch32v10x_adc.o
                0x0000000000000fc4                ADC_StartCalibration
 .text.ADC_GetCalibrationStatus
                0x0000000000000fce        0x8 ./Libraries/wch_libraries/Peripheral/ch32v10x_adc.o
                0x0000000000000fce                ADC_GetCalibrationStatus
 .text.ADC_RegularChannelConfig
                0x0000000000000fd6       0xba ./Libraries/wch_libraries/Peripheral/ch32v10x_adc.o
                0x0000000000000fd6                ADC_RegularChannelConfig
 .text.DMA_DeInit
                0x0000000000001090      0x174 ./Libraries/wch_libraries/Peripheral/ch32v10x_dma.o
                0x0000000000001090                DMA_DeInit
 .text.DMA_Init
                0x0000000000001204       0x38 ./Libraries/wch_libraries/Peripheral/ch32v10x_dma.o
                0x0000000000001204                DMA_Init
 .text.DMA_Cmd  0x000000000000123c       0x18 ./Libraries/wch_libraries/Peripheral/ch32v10x_dma.o
                0x000000000000123c                DMA_Cmd
 .text.DMA_ITConfig
                0x0000000000001254       0x16 ./Libraries/wch_libraries/Peripheral/ch32v10x_dma.o
                0x0000000000001254                DMA_ITConfig
 .text.DMA_GetFlagStatus
                0x000000000000126a       0x20 ./Libraries/wch_libraries/Peripheral/ch32v10x_dma.o
                0x000000000000126a                DMA_GetFlagStatus
 .text.DMA_ClearFlag
                0x000000000000128a       0x1a ./Libraries/wch_libraries/Peripheral/ch32v10x_dma.o
                0x000000000000128a                DMA_ClearFlag
 .text.EXTI_Init
                0x00000000000012a4       0xa2 ./Libraries/wch_libraries/Peripheral/ch32v10x_exti.o
                0x00000000000012a4                EXTI_Init
 .text.EXTI_GetITStatus
                0x0000000000001346       0x1c ./Libraries/wch_libraries/Peripheral/ch32v10x_exti.o
                0x0000000000001346                EXTI_GetITStatus
 .text.EXTI_ClearITPendingBit
                0x0000000000001362        0xa ./Libraries/wch_libraries/Peripheral/ch32v10x_exti.o
                0x0000000000001362                EXTI_ClearITPendingBit
 .text.GPIO_Init
                0x000000000000136c       0xca ./Libraries/wch_libraries/Peripheral/ch32v10x_gpio.o
                0x000000000000136c                GPIO_Init
 .text.GPIO_WriteBit
                0x0000000000001436        0xa ./Libraries/wch_libraries/Peripheral/ch32v10x_gpio.o
                0x0000000000001436                GPIO_WriteBit
 .text.GPIO_PinRemapConfig
                0x0000000000001440       0x9a ./Libraries/wch_libraries/Peripheral/ch32v10x_gpio.o
                0x0000000000001440                GPIO_PinRemapConfig
 .text.GPIO_EXTILineConfig
                0x00000000000014da       0x2c ./Libraries/wch_libraries/Peripheral/ch32v10x_gpio.o
                0x00000000000014da                GPIO_EXTILineConfig
 .text.NVIC_Init
                0x0000000000001506       0xae ./Libraries/wch_libraries/Peripheral/ch32v10x_misc.o
                0x0000000000001506                NVIC_Init
 .text.RCC_ADCCLKConfig
                0x00000000000015b4       0x12 ./Libraries/wch_libraries/Peripheral/ch32v10x_rcc.o
                0x00000000000015b4                RCC_ADCCLKConfig
 .text.RCC_GetClocksFreq
                0x00000000000015c6       0xf2 ./Libraries/wch_libraries/Peripheral/ch32v10x_rcc.o
                0x00000000000015c6                RCC_GetClocksFreq
 .text.RCC_AHBPeriphClockCmd
                0x00000000000016b8       0x1e ./Libraries/wch_libraries/Peripheral/ch32v10x_rcc.o
                0x00000000000016b8                RCC_AHBPeriphClockCmd
 .text.RCC_APB2PeriphClockCmd
                0x00000000000016d6       0x1e ./Libraries/wch_libraries/Peripheral/ch32v10x_rcc.o
                0x00000000000016d6                RCC_APB2PeriphClockCmd
 .text.RCC_APB1PeriphClockCmd
                0x00000000000016f4       0x1e ./Libraries/wch_libraries/Peripheral/ch32v10x_rcc.o
                0x00000000000016f4                RCC_APB1PeriphClockCmd
 .text.RCC_APB2PeriphResetCmd
                0x0000000000001712       0x1e ./Libraries/wch_libraries/Peripheral/ch32v10x_rcc.o
                0x0000000000001712                RCC_APB2PeriphResetCmd
 .text.SPI_Init
                0x0000000000001730       0x5a ./Libraries/wch_libraries/Peripheral/ch32v10x_spi.o
                0x0000000000001730                SPI_Init
 .text.SPI_Cmd  0x000000000000178a       0x26 ./Libraries/wch_libraries/Peripheral/ch32v10x_spi.o
                0x000000000000178a                SPI_Cmd
 .text.TIM_TimeBaseInit
                0x00000000000017b0       0xb6 ./Libraries/wch_libraries/Peripheral/ch32v10x_tim.o
                0x00000000000017b0                TIM_TimeBaseInit
 .text.TIM_OC1Init
                0x0000000000001866       0x8a ./Libraries/wch_libraries/Peripheral/ch32v10x_tim.o
                0x0000000000001866                TIM_OC1Init
 .text.TIM_OC2Init
                0x00000000000018f0       0xb2 ./Libraries/wch_libraries/Peripheral/ch32v10x_tim.o
                0x00000000000018f0                TIM_OC2Init
 .text.TIM_OC3Init
                0x00000000000019a2       0xb0 ./Libraries/wch_libraries/Peripheral/ch32v10x_tim.o
                0x00000000000019a2                TIM_OC3Init
 .text.TIM_OC4Init
                0x0000000000001a52       0x84 ./Libraries/wch_libraries/Peripheral/ch32v10x_tim.o
                0x0000000000001a52                TIM_OC4Init
 .text.TIM_Cmd  0x0000000000001ad6       0x24 ./Libraries/wch_libraries/Peripheral/ch32v10x_tim.o
                0x0000000000001ad6                TIM_Cmd
 .text.TIM_CtrlPWMOutputs
                0x0000000000001afa       0x1e ./Libraries/wch_libraries/Peripheral/ch32v10x_tim.o
                0x0000000000001afa                TIM_CtrlPWMOutputs
 .text.TIM_DMACmd
                0x0000000000001b18       0x1e ./Libraries/wch_libraries/Peripheral/ch32v10x_tim.o
                0x0000000000001b18                TIM_DMACmd
 .text.TIM_ETRConfig
                0x0000000000001b36       0x1a ./Libraries/wch_libraries/Peripheral/ch32v10x_tim.o
                0x0000000000001b36                TIM_ETRConfig
 .text.TIM_ETRClockMode1Config
                0x0000000000001b50       0x1e ./Libraries/wch_libraries/Peripheral/ch32v10x_tim.o
                0x0000000000001b50                TIM_ETRClockMode1Config
 .text.TIM_SelectInputTrigger
                0x0000000000001b6e       0x14 ./Libraries/wch_libraries/Peripheral/ch32v10x_tim.o
                0x0000000000001b6e                TIM_SelectInputTrigger
 .text.TIM_OC1PreloadConfig
                0x0000000000001b82       0x12 ./Libraries/wch_libraries/Peripheral/ch32v10x_tim.o
                0x0000000000001b82                TIM_OC1PreloadConfig
 .text.TIM_OC2PreloadConfig
                0x0000000000001b94       0x1a ./Libraries/wch_libraries/Peripheral/ch32v10x_tim.o
                0x0000000000001b94                TIM_OC2PreloadConfig
 .text.TIM_OC3PreloadConfig
                0x0000000000001bae       0x12 ./Libraries/wch_libraries/Peripheral/ch32v10x_tim.o
                0x0000000000001bae                TIM_OC3PreloadConfig
 .text.TIM_OC4PreloadConfig
                0x0000000000001bc0       0x1a ./Libraries/wch_libraries/Peripheral/ch32v10x_tim.o
                0x0000000000001bc0                TIM_OC4PreloadConfig
 .text.TIM_OC1FastConfig
                0x0000000000001bda       0x12 ./Libraries/wch_libraries/Peripheral/ch32v10x_tim.o
                0x0000000000001bda                TIM_OC1FastConfig
 .text.TIM_OC2FastConfig
                0x0000000000001bec       0x1a ./Libraries/wch_libraries/Peripheral/ch32v10x_tim.o
                0x0000000000001bec                TIM_OC2FastConfig
 .text.TIM_OC3FastConfig
                0x0000000000001c06       0x12 ./Libraries/wch_libraries/Peripheral/ch32v10x_tim.o
                0x0000000000001c06                TIM_OC3FastConfig
 .text.TIM_OC4FastConfig
                0x0000000000001c18       0x1a ./Libraries/wch_libraries/Peripheral/ch32v10x_tim.o
                0x0000000000001c18                TIM_OC4FastConfig
 .text.TIM_SelectSlaveMode
                0x0000000000001c32       0x1e ./Libraries/wch_libraries/Peripheral/ch32v10x_tim.o
                0x0000000000001c32                TIM_SelectSlaveMode
 .text.TIM_SelectMasterSlaveMode
                0x0000000000001c50       0x20 ./Libraries/wch_libraries/Peripheral/ch32v10x_tim.o
                0x0000000000001c50                TIM_SelectMasterSlaveMode
 .text.TIM_GetITStatus
                0x0000000000001c70       0x1c ./Libraries/wch_libraries/Peripheral/ch32v10x_tim.o
                0x0000000000001c70                TIM_GetITStatus
 .text.TIM_ClearITPendingBit
                0x0000000000001c8c        0xe ./Libraries/wch_libraries/Peripheral/ch32v10x_tim.o
                0x0000000000001c8c                TIM_ClearITPendingBit
 .text.USART_Init
                0x0000000000001c9a       0xf8 ./Libraries/wch_libraries/Peripheral/ch32v10x_usart.o
                0x0000000000001c9a                USART_Init
 .text.USART_Cmd
                0x0000000000001d92       0x20 ./Libraries/wch_libraries/Peripheral/ch32v10x_usart.o
                0x0000000000001d92                USART_Cmd
 .text.USART_ITConfig
                0x0000000000001db2       0x3c ./Libraries/wch_libraries/Peripheral/ch32v10x_usart.o
                0x0000000000001db2                USART_ITConfig
 .text.USART_SendData
                0x0000000000001dee        0xa ./Libraries/wch_libraries/Peripheral/ch32v10x_usart.o
                0x0000000000001dee                USART_SendData
 .text.USART_GetFlagStatus
                0x0000000000001df8        0xc ./Libraries/wch_libraries/Peripheral/ch32v10x_usart.o
                0x0000000000001df8                USART_GetFlagStatus
 .text.USART_GetITStatus
                0x0000000000001e04       0x4c ./Libraries/wch_libraries/Peripheral/ch32v10x_usart.o
                0x0000000000001e04                USART_GetITStatus
 .text.spi_wr_byte
                0x0000000000001e50       0x20 ./Libraries/seekfree_peripheral/SEEKFREE_ABSOLUTE_ENCODER.o
                0x0000000000001e50                spi_wr_byte
 .text.encoder_spi_w_reg_byte
                0x0000000000001e70       0x6a ./Libraries/seekfree_peripheral/SEEKFREE_ABSOLUTE_ENCODER.o
                0x0000000000001e70                encoder_spi_w_reg_byte
 .text.encoder_spi_r_reg_byte
                0x0000000000001eda       0x56 ./Libraries/seekfree_peripheral/SEEKFREE_ABSOLUTE_ENCODER.o
                0x0000000000001eda                encoder_spi_r_reg_byte
 .text.set_zero_position_spi
                0x0000000000001f30       0x36 ./Libraries/seekfree_peripheral/SEEKFREE_ABSOLUTE_ENCODER.o
                0x0000000000001f30                set_zero_position_spi
 .text.encoder1_speed_spi
                0x0000000000001f66       0x7a ./Libraries/seekfree_peripheral/SEEKFREE_ABSOLUTE_ENCODER.o
                0x0000000000001f66                encoder1_speed_spi
 .text.encoder_self5_check
                0x0000000000001fe0       0x28 ./Libraries/seekfree_peripheral/SEEKFREE_ABSOLUTE_ENCODER.o
                0x0000000000001fe0                encoder_self5_check
 .text.encoder_init_spi
                0x0000000000002008       0x3a ./Libraries/seekfree_peripheral/SEEKFREE_ABSOLUTE_ENCODER.o
                0x0000000000002008                encoder_init_spi
 .text.icm_spi_w_reg_byte
                0x0000000000002042       0x36 ./Libraries/seekfree_peripheral/SEEKFREE_ICM20602.o
                0x0000000000002042                icm_spi_w_reg_byte
 .text.icm_spi_r_reg_byte
                0x0000000000002078       0x4c ./Libraries/seekfree_peripheral/SEEKFREE_ICM20602.o
                0x0000000000002078                icm_spi_r_reg_byte
 .text.icm_spi_r_reg_bytes
                0x00000000000020c4       0x2e ./Libraries/seekfree_peripheral/SEEKFREE_ICM20602.o
                0x00000000000020c4                icm_spi_r_reg_bytes
 .text.icm20602_self3_check
                0x00000000000020f2       0x2e ./Libraries/seekfree_peripheral/SEEKFREE_ICM20602.o
                0x00000000000020f2                icm20602_self3_check
 .text.icm20602_init_spi
                0x0000000000002120       0x92 ./Libraries/seekfree_peripheral/SEEKFREE_ICM20602.o
                0x0000000000002120                icm20602_init_spi
 .text.get_icm20602_gyro_spi
                0x00000000000021b2       0x48 ./Libraries/seekfree_peripheral/SEEKFREE_ICM20602.o
                0x00000000000021b2                get_icm20602_gyro_spi
 .text.ips114_writeIndex
                0x00000000000021fa       0x34 ./Libraries/seekfree_peripheral/SEEKFREE_IPS114_SPI.o
                0x00000000000021fa                ips114_writeIndex
 .text.ips114_writeData
                0x000000000000222e       0x34 ./Libraries/seekfree_peripheral/SEEKFREE_IPS114_SPI.o
                0x000000000000222e                ips114_writeData
 .text.ips114_writedata_16bit
                0x0000000000002262       0x3a ./Libraries/seekfree_peripheral/SEEKFREE_IPS114_SPI.o
                0x0000000000002262                ips114_writedata_16bit
 .text.ips114_set_region
                0x000000000000229c       0x5c ./Libraries/seekfree_peripheral/SEEKFREE_IPS114_SPI.o
                0x000000000000229c                ips114_set_region
 .text.ips114_clear
                0x00000000000022f8       0x50 ./Libraries/seekfree_peripheral/SEEKFREE_IPS114_SPI.o
                0x00000000000022f8                ips114_clear
 .text.ips114_init
                0x0000000000002348      0x1ce ./Libraries/seekfree_peripheral/SEEKFREE_IPS114_SPI.o
                0x0000000000002348                ips114_init
 .text.ips114_showchar
                0x0000000000002516       0xaa ./Libraries/seekfree_peripheral/SEEKFREE_IPS114_SPI.o
                0x0000000000002516                ips114_showchar
 .text.ips114_showstr
                0x00000000000025c0       0x4c ./Libraries/seekfree_peripheral/SEEKFREE_IPS114_SPI.o
                0x00000000000025c0                ips114_showstr
 .text.ips114_showint16
                0x000000000000260c       0xbc ./Libraries/seekfree_peripheral/SEEKFREE_IPS114_SPI.o
                0x000000000000260c                ips114_showint16
 .text.ips114_showint32
                0x00000000000026c8       0x9c ./Libraries/seekfree_peripheral/SEEKFREE_IPS114_SPI.o
                0x00000000000026c8                ips114_showint32
 .text.ips114_displayimage032
                0x0000000000002764       0xc6 ./Libraries/seekfree_peripheral/SEEKFREE_IPS114_SPI.o
                0x0000000000002764                ips114_displayimage032
 .text.mt9v03x_uart_callback
                0x000000000000282a       0x58 ./Libraries/seekfree_peripheral/SEEKFREE_MT9V03X.o
                0x000000000000282a                mt9v03x_uart_callback
 .text.set_config
                0x0000000000002882       0x8c ./Libraries/seekfree_peripheral/SEEKFREE_MT9V03X.o
                0x0000000000002882                set_config
 .text.get_config
                0x000000000000290e       0x90 ./Libraries/seekfree_peripheral/SEEKFREE_MT9V03X.o
                0x000000000000290e                get_config
 .text.mt9v03x_vsync_init
                0x000000000000299e       0x22 ./Libraries/seekfree_peripheral/SEEKFREE_MT9V03X.o
                0x000000000000299e                mt9v03x_vsync_init
 .text.mt9v03x_tim1_etr_init
                0x00000000000029c0       0x12 ./Libraries/seekfree_peripheral/SEEKFREE_MT9V03X.o
                0x00000000000029c0                mt9v03x_tim1_etr_init
 .text.mt9v03x_dma_init
                0x00000000000029d2       0x54 ./Libraries/seekfree_peripheral/SEEKFREE_MT9V03X.o
                0x00000000000029d2                mt9v03x_dma_init
 .text.mt9v03x_init
                0x0000000000002a26       0x76 ./Libraries/seekfree_peripheral/SEEKFREE_MT9V03X.o
                0x0000000000002a26                mt9v03x_init
 .text.mt9v03x_vsync
                0x0000000000002a9c       0x16 ./Libraries/seekfree_peripheral/SEEKFREE_MT9V03X.o
                0x0000000000002a9c                mt9v03x_vsync
 .text.mt9v03x_dma
                0x0000000000002ab2       0x26 ./Libraries/seekfree_peripheral/SEEKFREE_MT9V03X.o
                0x0000000000002ab2                mt9v03x_dma
 .text.number_conversion_ascii
                0x0000000000002ad8       0x88 ./Libraries/seekfree_peripheral/SEEKFREE_PRINTF.o
                0x0000000000002ad8                number_conversion_ascii
 .text.printf_reverse_order
                0x0000000000002b60       0x32 ./Libraries/seekfree_peripheral/SEEKFREE_PRINTF.o
                0x0000000000002b60                printf_reverse_order
 .text.zf_sprintf
                0x0000000000002b92      0x322 ./Libraries/seekfree_peripheral/SEEKFREE_PRINTF.o
                0x0000000000002b92                zf_sprintf
 .text.ccd_collect
                0x0000000000002eb4       0x5c ./Libraries/seekfree_peripheral/SEEKFREE_TSL1401.o
                0x0000000000002eb4                ccd_collect
 .text.ov7725_cof_uart_interrupt
                0x0000000000002f10       0x58 ./Libraries/seekfree_peripheral/SEEKFREE_UART_7725.o
                0x0000000000002f10                ov7725_cof_uart_interrupt
 .text.ov7725_uart_vsync
                0x0000000000002f68       0x16 ./Libraries/seekfree_peripheral/SEEKFREE_UART_7725.o
                0x0000000000002f68                ov7725_uart_vsync
 .text.ov7725_uart_dma
                0x0000000000002f7e       0x16 ./Libraries/seekfree_peripheral/SEEKFREE_UART_7725.o
                0x0000000000002f7e                ov7725_uart_dma
 .text.adc_gpio_init
                0x0000000000002f94      0x132 ./Libraries/seekfree_libraries/zf_adc.o
                0x0000000000002f94                adc_gpio_init
 .text.adc_init
                0x00000000000030c6       0xa2 ./Libraries/seekfree_libraries/zf_adc.o
                0x00000000000030c6                adc_init
 .text.adc_convert
                0x0000000000003168       0x52 ./Libraries/seekfree_libraries/zf_adc.o
                0x0000000000003168                adc_convert
 .text.adc_mean_filter
                0x00000000000031ba       0x62 ./Libraries/seekfree_libraries/zf_adc.o
                0x00000000000031ba                adc_mean_filter
 .text.camera_dma_init
                0x000000000000321c       0xfc ./Libraries/seekfree_libraries/zf_camera.o
                0x000000000000321c                camera_dma_init
 .text.camera_tim_etr_init
                0x0000000000003318       0xcc ./Libraries/seekfree_libraries/zf_camera.o
                0x0000000000003318                camera_tim_etr_init
 .text.gpio_init
                0x00000000000033e4      0x112 ./Libraries/seekfree_libraries/zf_gpio.o
                0x00000000000033e4                gpio_init
 .text.gpio_set
                0x00000000000034f6       0x3a ./Libraries/seekfree_libraries/zf_gpio.o
                0x00000000000034f6                gpio_set
 .text.gpio_get
                0x0000000000003530       0x22 ./Libraries/seekfree_libraries/zf_gpio.o
                0x0000000000003530                gpio_get
 .text.gpio_interrupt_init
                0x0000000000003552       0x54 ./Libraries/seekfree_libraries/zf_gpio.o
                0x0000000000003552                gpio_interrupt_init
 .text.close_all_irq
                0x00000000000035a6       0x10 ./Libraries/seekfree_libraries/zf_nvic.o
                0x00000000000035a6                close_all_irq
 .text.nvic_init
                0x00000000000035b6       0x56 ./Libraries/seekfree_libraries/zf_nvic.o
                0x00000000000035b6                nvic_init
 .text.pwm_gpio_init
                0x000000000000360c      0x29a ./Libraries/seekfree_libraries/zf_pwm.o
                0x000000000000360c                pwm_gpio_init
 .text.pwm_init
                0x00000000000038a6      0x206 ./Libraries/seekfree_libraries/zf_pwm.o
                0x00000000000038a6                pwm_init
 .text.pwm_duty
                0x0000000000003aac       0x90 ./Libraries/seekfree_libraries/zf_pwm.o
                0x0000000000003aac                pwm_duty
 .text.spi_gpio_init
                0x0000000000003b3c      0x15c ./Libraries/seekfree_libraries/zf_spi.o
                0x0000000000003b3c                spi_gpio_init
 .text.spi_init
                0x0000000000003c98       0xfc ./Libraries/seekfree_libraries/zf_spi.o
                0x0000000000003c98                spi_init
 .text.spi_mosi
                0x0000000000003d94       0x3a ./Libraries/seekfree_libraries/zf_spi.o
                0x0000000000003d94                spi_mosi
 .text.systick_delay
                0x0000000000003dce        0xa ./Libraries/seekfree_libraries/zf_systick.o
                0x0000000000003dce                systick_delay
 .text.systick_delay2
                0x0000000000003dd8        0xe ./Libraries/seekfree_libraries/zf_systick.o
                0x0000000000003dd8                systick_delay2
 .text.uart_gpio_init
                0x0000000000003de6       0xc6 ./Libraries/seekfree_libraries/zf_uart.o
                0x0000000000003de6                uart_gpio_init
 .text.uart_init
                0x0000000000003eac       0xca ./Libraries/seekfree_libraries/zf_uart.o
                0x0000000000003eac                uart_init
 .text.uart_putchar
                0x0000000000003f76       0x20 ./Libraries/seekfree_libraries/zf_uart.o
                0x0000000000003f76                uart_putchar
 .text.uart_putbuff
                0x0000000000003f96       0x32 ./Libraries/seekfree_libraries/zf_uart.o
                0x0000000000003f96                uart_putbuff
 .text.uart_rx_irq
                0x0000000000003fc8       0x3c ./Libraries/seekfree_libraries/zf_uart.o
                0x0000000000003fc8                uart_rx_irq
 .text.uart_getchar
                0x0000000000004004       0x20 ./Libraries/seekfree_libraries/zf_uart.o
                0x0000000000004004                uart_getchar
 .text.uart_query
                0x0000000000004024       0x26 ./Libraries/seekfree_libraries/zf_uart.o
                0x0000000000004024                uart_query
 .text.rt_tick_get
                0x000000000000404a        0x6 ./Libraries/rtthread_libraries/src/clock.o
                0x000000000000404a                rt_tick_get
 .text.rt_tick_increase
                0x0000000000004050       0x2e ./Libraries/rtthread_libraries/src/clock.o
                0x0000000000004050                rt_tick_increase
 .text.rt_tick_from_millisecond
                0x000000000000407e       0x28 ./Libraries/rtthread_libraries/src/clock.o
                0x000000000000407e                rt_tick_from_millisecond
 .text.rti_start
                0x00000000000040a6        0x4 ./Libraries/rtthread_libraries/src/components.o
 .text.rti_board_start
                0x00000000000040aa        0x4 ./Libraries/rtthread_libraries/src/components.o
 .text.rti_board_end
                0x00000000000040ae        0x4 ./Libraries/rtthread_libraries/src/components.o
 .text.rti_end  0x00000000000040b2        0x4 ./Libraries/rtthread_libraries/src/components.o
 .text.rt_components_board_init
                0x00000000000040b6       0x46 ./Libraries/rtthread_libraries/src/components.o
                0x00000000000040b6                rt_components_board_init
 .text.rt_components_init
                0x00000000000040fc       0x46 ./Libraries/rtthread_libraries/src/components.o
                0x00000000000040fc                rt_components_init
 .text.main_thread_entry
                0x0000000000004142       0x12 ./Libraries/rtthread_libraries/src/components.o
                0x0000000000004142                main_thread_entry
 .text.rt_application_init
                0x0000000000004154       0x2c ./Libraries/rtthread_libraries/src/components.o
                0x0000000000004154                rt_application_init
 .text.rtthread_startup
                0x0000000000004180       0x2e ./Libraries/rtthread_libraries/src/components.o
                0x0000000000004180                rtthread_startup
 .text.entry    0x00000000000041ae       0x10 ./Libraries/rtthread_libraries/src/components.o
                0x00000000000041ae                entry
 .text.rt_thread_idle_excute
                0x00000000000041be       0xa8 ./Libraries/rtthread_libraries/src/idle.o
                0x00000000000041be                rt_thread_idle_excute
 .text.rt_thread_idle_entry
                0x0000000000004266        0xa ./Libraries/rtthread_libraries/src/idle.o
 .text.rt_thread_idle_init
                0x0000000000004270       0x46 ./Libraries/rtthread_libraries/src/idle.o
                0x0000000000004270                rt_thread_idle_init
 .text.rt_sem_init
                0x00000000000042b6       0x36 ./Libraries/rtthread_libraries/src/ipc.o
                0x00000000000042b6                rt_sem_init
 .text.rt_sem_create
                0x00000000000042ec       0x30 ./Libraries/rtthread_libraries/src/ipc.o
                0x00000000000042ec                rt_sem_create
 .text.rt_sem_take
                0x000000000000431c       0xea ./Libraries/rtthread_libraries/src/ipc.o
                0x000000000000431c                rt_sem_take
 .text.rt_sem_release
                0x0000000000004406       0x48 ./Libraries/rtthread_libraries/src/ipc.o
                0x0000000000004406                rt_sem_release
 .text.rt_mb_create
                0x000000000000444e       0x66 ./Libraries/rtthread_libraries/src/ipc.o
                0x000000000000444e                rt_mb_create
 .text.rt_mb_send_wait
                0x00000000000044b4      0x1a4 ./Libraries/rtthread_libraries/src/ipc.o
                0x00000000000044b4                rt_mb_send_wait
 .text.rt_mb_send
                0x0000000000004658       0x10 ./Libraries/rtthread_libraries/src/ipc.o
                0x0000000000004658                rt_mb_send
 .text.rt_mb_recv
                0x0000000000004668      0x1a2 ./Libraries/rtthread_libraries/src/ipc.o
                0x0000000000004668                rt_mb_recv
 .text.rt_interrupt_enter
                0x000000000000480a       0x24 ./Libraries/rtthread_libraries/src/irq.o
                0x000000000000480a                rt_interrupt_enter
 .text.rt_interrupt_leave
                0x000000000000482e       0x24 ./Libraries/rtthread_libraries/src/irq.o
                0x000000000000482e                rt_interrupt_leave
 .text.print_number
                0x0000000000004852      0x1b6 ./Libraries/rtthread_libraries/src/kservice.o
 .text.rt_memset
                0x0000000000004a08       0x8e ./Libraries/rtthread_libraries/src/kservice.o
                0x0000000000004a08                rt_memset
 .text.rt_memmove
                0x0000000000004a96       0x40 ./Libraries/rtthread_libraries/src/kservice.o
                0x0000000000004a96                rt_memmove
 .text.rt_strncpy
                0x0000000000004ad6       0x30 ./Libraries/rtthread_libraries/src/kservice.o
                0x0000000000004ad6                rt_strncpy
 .text.rt_strlen
                0x0000000000004b06       0x1a ./Libraries/rtthread_libraries/src/kservice.o
                0x0000000000004b06                rt_strlen
 .text.rt_vsnprintf
                0x0000000000004b20      0x3ce ./Libraries/rtthread_libraries/src/kservice.o
                0x0000000000004b20                rt_vsnprintf
 .text.rt_kprintf
                0x0000000000004eee       0x3a ./Libraries/rtthread_libraries/src/kservice.o
                0x0000000000004eee                rt_kprintf
 .text.rt_show_version
                0x0000000000004f28       0x48 ./Libraries/rtthread_libraries/src/kservice.o
                0x0000000000004f28                rt_show_version
 .text.__rt_ffs
                0x0000000000004f70       0x68 ./Libraries/rtthread_libraries/src/kservice.o
                0x0000000000004f70                __rt_ffs
 .text.plug_holes
                0x0000000000004fd8       0x60 ./Libraries/rtthread_libraries/src/mem.o
 .text.list_mem
                0x0000000000005038       0x3a ./Libraries/rtthread_libraries/src/mem.o
                0x0000000000005038                list_mem
 .text.rt_system_heap_init
                0x0000000000005072       0x90 ./Libraries/rtthread_libraries/src/mem.o
                0x0000000000005072                rt_system_heap_init
 .text.rt_malloc
                0x0000000000005102      0x13c ./Libraries/rtthread_libraries/src/mem.o
                0x0000000000005102                rt_malloc
 .text.rt_calloc
                0x000000000000523e       0x2a ./Libraries/rtthread_libraries/src/mem.o
                0x000000000000523e                rt_calloc
 .text.rt_free  0x0000000000005268       0xb4 ./Libraries/rtthread_libraries/src/mem.o
                0x0000000000005268                rt_free
 .text.rt_object_get_information
                0x000000000000531c       0x54 ./Libraries/rtthread_libraries/src/object.o
                0x000000000000531c                rt_object_get_information
 .text.rt_object_init
                0x0000000000005370       0x72 ./Libraries/rtthread_libraries/src/object.o
                0x0000000000005370                rt_object_init
 .text.rt_object_detach
                0x00000000000053e2       0x2e ./Libraries/rtthread_libraries/src/object.o
                0x00000000000053e2                rt_object_detach
 .text.rt_object_allocate
                0x0000000000005410       0x64 ./Libraries/rtthread_libraries/src/object.o
                0x0000000000005410                rt_object_allocate
 .text.rt_object_delete
                0x0000000000005474       0x34 ./Libraries/rtthread_libraries/src/object.o
                0x0000000000005474                rt_object_delete
 .text.rt_object_is_systemobject
                0x00000000000054a8        0x8 ./Libraries/rtthread_libraries/src/object.o
                0x00000000000054a8                rt_object_is_systemobject
 .text.rt_system_scheduler_init
                0x00000000000054b0       0x32 ./Libraries/rtthread_libraries/src/scheduler.o
                0x00000000000054b0                rt_system_scheduler_init
 .text.rt_system_scheduler_start
                0x00000000000054e2       0x32 ./Libraries/rtthread_libraries/src/scheduler.o
                0x00000000000054e2                rt_system_scheduler_start
 .text.rt_schedule
                0x0000000000005514       0x74 ./Libraries/rtthread_libraries/src/scheduler.o
                0x0000000000005514                rt_schedule
 .text.rt_schedule_insert_thread
                0x0000000000005588       0x54 ./Libraries/rtthread_libraries/src/scheduler.o
                0x0000000000005588                rt_schedule_insert_thread
 .text.rt_schedule_remove_thread
                0x00000000000055dc       0x54 ./Libraries/rtthread_libraries/src/scheduler.o
                0x00000000000055dc                rt_schedule_remove_thread
 .text.rt_enter_critical
                0x0000000000005630       0x20 ./Libraries/rtthread_libraries/src/scheduler.o
                0x0000000000005630                rt_enter_critical
 .text.rt_exit_critical
                0x0000000000005650       0x3c ./Libraries/rtthread_libraries/src/scheduler.o
                0x0000000000005650                rt_exit_critical
 .text.rt_thread_exit
                0x000000000000568c       0x66 ./Libraries/rtthread_libraries/src/thread.o
                0x000000000000568c                rt_thread_exit
 .text.rt_thread_timeout
                0x00000000000056f2       0x28 ./Libraries/rtthread_libraries/src/thread.o
                0x00000000000056f2                rt_thread_timeout
 .text.rt_thread_init
                0x000000000000571a       0xb0 ./Libraries/rtthread_libraries/src/thread.o
                0x000000000000571a                rt_thread_init
 .text.rt_thread_self
                0x00000000000057ca        0x6 ./Libraries/rtthread_libraries/src/thread.o
                0x00000000000057ca                rt_thread_self
 .text.rt_thread_create
                0x00000000000057d0       0xc0 ./Libraries/rtthread_libraries/src/thread.o
                0x00000000000057d0                rt_thread_create
 .text.rt_thread_yield
                0x0000000000005890       0x60 ./Libraries/rtthread_libraries/src/thread.o
                0x0000000000005890                rt_thread_yield
 .text.rt_thread_suspend
                0x00000000000058f0       0x4c ./Libraries/rtthread_libraries/src/thread.o
                0x00000000000058f0                rt_thread_suspend
 .text.rt_thread_sleep
                0x000000000000593c       0x52 ./Libraries/rtthread_libraries/src/thread.o
                0x000000000000593c                rt_thread_sleep
 .text.rt_thread_mdelay
                0x000000000000598e       0x12 ./Libraries/rtthread_libraries/src/thread.o
                0x000000000000598e                rt_thread_mdelay
 .text.rt_thread_resume
                0x00000000000059a0       0x50 ./Libraries/rtthread_libraries/src/thread.o
                0x00000000000059a0                rt_thread_resume
 .text.rt_thread_startup
                0x00000000000059f0       0x30 ./Libraries/rtthread_libraries/src/thread.o
                0x00000000000059f0                rt_thread_startup
 .text.rt_timer_init
                0x0000000000005a20       0x4e ./Libraries/rtthread_libraries/src/timer.o
                0x0000000000005a20                rt_timer_init
 .text.rt_timer_detach
                0x0000000000005a6e       0x32 ./Libraries/rtthread_libraries/src/timer.o
                0x0000000000005a6e                rt_timer_detach
 .text.rt_timer_create
                0x0000000000005aa0       0x48 ./Libraries/rtthread_libraries/src/timer.o
                0x0000000000005aa0                rt_timer_create
 .text.rt_timer_start
                0x0000000000005ae8       0x9c ./Libraries/rtthread_libraries/src/timer.o
                0x0000000000005ae8                rt_timer_start
 .text.rt_timer_stop
                0x0000000000005b84       0x42 ./Libraries/rtthread_libraries/src/timer.o
                0x0000000000005b84                rt_timer_stop
 .text.rt_timer_control
                0x0000000000005bc6       0x40 ./Libraries/rtthread_libraries/src/timer.o
                0x0000000000005bc6                rt_timer_control
 .text.rt_timer_check
                0x0000000000005c06       0x90 ./Libraries/rtthread_libraries/src/timer.o
                0x0000000000005c06                rt_timer_check
 .text.rt_system_timer_init
                0x0000000000005c96        0xa ./Libraries/rtthread_libraries/src/timer.o
                0x0000000000005c96                rt_system_timer_init
 .text.rt_system_timer_thread_init
                0x0000000000005ca0        0x2 ./Libraries/rtthread_libraries/src/timer.o
                0x0000000000005ca0                rt_system_timer_thread_init
 .text.rt_hw_stack_init
                0x0000000000005ca2       0x34 ./Libraries/rtthread_libraries/libcpu/cpuport.o
                0x0000000000005ca2                rt_hw_stack_init
 .text.rt_hw_taskswitch
                0x0000000000005cd6        0x6 ./Libraries/rtthread_libraries/libcpu/cpuport.o
                0x0000000000005cd6                rt_hw_taskswitch
 .text.rt_hw_context_switch
                0x0000000000005cdc       0x14 ./Libraries/rtthread_libraries/libcpu/cpuport.o
                0x0000000000005cdc                rt_hw_context_switch
 .text.rt_hw_context_switch_interrupt
                0x0000000000005cf0       0x20 ./Libraries/rtthread_libraries/libcpu/cpuport.o
                0x0000000000005cf0                rt_hw_context_switch_interrupt
 .text.hello    0x0000000000005d10       0x18 ./Libraries/rtthread_libraries/components/finsh/cmd.o
                0x0000000000005d10                hello
 .text.show_wait_queue
                0x0000000000005d28       0x4c ./Libraries/rtthread_libraries/components/finsh/cmd.o
 .text.version  0x0000000000005d74       0x10 ./Libraries/rtthread_libraries/components/finsh/cmd.o
                0x0000000000005d74                version
 .text.list_get_next
                0x0000000000005d84       0x88 ./Libraries/rtthread_libraries/components/finsh/cmd.o
 .text.list_thread
                0x0000000000005e0c      0x1b0 ./Libraries/rtthread_libraries/components/finsh/cmd.o
                0x0000000000005e0c                list_thread
 .text.list     0x0000000000005fbc       0x68 ./Libraries/rtthread_libraries/components/finsh/cmd.o
                0x0000000000005fbc                list
 .text.list_timer
                0x0000000000006024      0x10e ./Libraries/rtthread_libraries/components/finsh/cmd.o
                0x0000000000006024                list_timer
 .text.list_mailbox
                0x0000000000006132      0x128 ./Libraries/rtthread_libraries/components/finsh/cmd.o
                0x0000000000006132                list_mailbox
 .text.list_sem
                0x000000000000625a      0x120 ./Libraries/rtthread_libraries/components/finsh/cmd.o
                0x000000000000625a                list_sem
 .text.msh_help
                0x000000000000637a       0x76 ./Libraries/rtthread_libraries/components/finsh/msh.o
                0x000000000000637a                msh_help
 .text.cmd_ps   0x00000000000063f0       0x10 ./Libraries/rtthread_libraries/components/finsh/msh.o
                0x00000000000063f0                cmd_ps
 .text.cmd_free
                0x0000000000006400       0x10 ./Libraries/rtthread_libraries/components/finsh/msh.o
                0x0000000000006400                cmd_free
 .text.msh_is_used
                0x0000000000006410        0x4 ./Libraries/rtthread_libraries/components/finsh/msh.o
                0x0000000000006410                msh_is_used
 .text.msh_exec
                0x0000000000006414      0x220 ./Libraries/rtthread_libraries/components/finsh/msh.o
                0x0000000000006414                msh_exec
 .text.msh_auto_complete
                0x0000000000006634       0xf0 ./Libraries/rtthread_libraries/components/finsh/msh.o
                0x0000000000006634                msh_auto_complete
 .text.finsh_system_init
                0x0000000000006724       0xaa ./Libraries/rtthread_libraries/components/finsh/shell.o
                0x0000000000006724                finsh_system_init
 .text.finsh_get_prompt
                0x00000000000067ce       0xa8 ./Libraries/rtthread_libraries/components/finsh/shell.o
                0x00000000000067ce                finsh_get_prompt
 .text.finsh_thread_entry
                0x0000000000006876      0x330 ./Libraries/rtthread_libraries/components/finsh/shell.o
                0x0000000000006876                finsh_thread_entry
 .text.rt_heap_begin_get
                0x0000000000006ba6        0xa ./Libraries/board/board.o
                0x0000000000006ba6                rt_heap_begin_get
 .text.rt_heap_end_get
                0x0000000000006bb0        0xa ./Libraries/board/board.o
                0x0000000000006bb0                rt_heap_end_get
 .text.SysTick_Handler
                0x0000000000006bba       0x78 ./Libraries/board/board.o
                0x0000000000006bba                SysTick_Handler
 .text.board_init
                0x0000000000006c32       0x46 ./Libraries/board/board.o
                0x0000000000006c32                board_init
 .text.rt_hw_board_init
                0x0000000000006c78       0xcc ./Libraries/board/board.o
                0x0000000000006c78                rt_hw_board_init
 .text._write   0x0000000000006d44       0x4e ./Libraries/board/board.o
                0x0000000000006d44                _write
 .text.rt_hw_console_output
                0x0000000000006d92       0x40 ./Libraries/board/board.o
                0x0000000000006d92                rt_hw_console_output
 .text.rt_hw_console_getchar
                0x0000000000006dd2       0x1a ./Libraries/board/board.o
                0x0000000000006dd2                rt_hw_console_getchar
 .text.USART1_IRQHandler
                0x0000000000006dec       0x7a ./Libraries/board/board.o
                0x0000000000006dec                USART1_IRQHandler
 .text.SystemInit
                0x0000000000006e66      0x118 ./Libraries/board/clock_config.o
                0x0000000000006e66                SystemInit
 .text.button_entry
                0x0000000000006f7e       0xc4 ./CODE/button.o
                0x0000000000006f7e                button_entry
 .text.button_init
                0x0000000000007042       0x96 ./CODE/button.o
                0x0000000000007042                button_init
 .text.buzzer_entry
                0x00000000000070d8       0x2e ./CODE/buzzer.o
                0x00000000000070d8                buzzer_entry
 .text.buzzer_init
                0x0000000000007106       0x52 ./CODE/buzzer.o
                0x0000000000007106                buzzer_init
 .text.display_entry
                0x0000000000007158       0x58 ./CODE/display.o
                0x0000000000007158                display_entry
 .text.display_init
                0x00000000000071b0       0x34 ./CODE/display.o
                0x00000000000071b0                display_init
 .text.elec_init
                0x00000000000071e4       0x22 ./CODE/elec.o
                0x00000000000071e4                elec_init
 .text.elec_get
                0x0000000000007206       0x4a ./CODE/elec.o
                0x0000000000007206                elec_get
 .text.elec_calculate
                0x0000000000007250        0x2 ./CODE/elec.o
                0x0000000000007250                elec_calculate
 .text.encoder_init
                0x0000000000007252       0x12 ./CODE/encoder.o
                0x0000000000007252                encoder_init
 .text.encoder_get
                0x0000000000007264       0x16 ./CODE/encoder.o
                0x0000000000007264                encoder_get
 .text.motor_init
                0x000000000000727a       0x86 ./CODE/motor.o
                0x000000000000727a                motor_init
 .text.motor_control
                0x0000000000007300      0x136 ./CODE/motor.o
                0x0000000000007300                motor_control
 .text.timer1_pit_entry
                0x0000000000007436       0x38 ./CODE/timer_pit.o
                0x0000000000007436                timer1_pit_entry
 .text.timer_pit_init
                0x000000000000746e       0x2a ./CODE/timer_pit.o
                0x000000000000746e                timer_pit_init
 .text.__eqdf2  0x0000000000007498       0x6a d:/mounriver/mounriver_studio/toolchain/risc-v embedded gcc/bin/../lib/gcc/riscv-none-embed/8.2.0/rv32imac/ilp32\libgcc.a(eqdf2.o)
                0x0000000000007498                __nedf2
                0x0000000000007498                __eqdf2
 .text.__ledf2  0x0000000000007502       0xb6 d:/mounriver/mounriver_studio/toolchain/risc-v embedded gcc/bin/../lib/gcc/riscv-none-embed/8.2.0/rv32imac/ilp32\libgcc.a(ledf2.o)
                0x0000000000007502                __ledf2
                0x0000000000007502                __ltdf2
 .text.__muldf3
                0x00000000000075b8      0x4b8 d:/mounriver/mounriver_studio/toolchain/risc-v embedded gcc/bin/../lib/gcc/riscv-none-embed/8.2.0/rv32imac/ilp32\libgcc.a(muldf3.o)
                0x00000000000075b8                __muldf3
 .text.__subdf3
                0x0000000000007a70      0x73a d:/mounriver/mounriver_studio/toolchain/risc-v embedded gcc/bin/../lib/gcc/riscv-none-embed/8.2.0/rv32imac/ilp32\libgcc.a(subdf3.o)
                0x0000000000007a70                __subdf3
 .text.__fixdfsi
                0x00000000000081aa       0x68 d:/mounriver/mounriver_studio/toolchain/risc-v embedded gcc/bin/../lib/gcc/riscv-none-embed/8.2.0/rv32imac/ilp32\libgcc.a(fixdfsi.o)
                0x00000000000081aa                __fixdfsi
 .text.__floatsidf
                0x0000000000008212       0x70 d:/mounriver/mounriver_studio/toolchain/risc-v embedded gcc/bin/../lib/gcc/riscv-none-embed/8.2.0/rv32imac/ilp32\libgcc.a(floatsidf.o)
                0x0000000000008212                __floatsidf
 .text.__clzsi2
                0x0000000000008282       0x76 d:/mounriver/mounriver_studio/toolchain/risc-v embedded gcc/bin/../lib/gcc/riscv-none-embed/8.2.0/rv32imac/ilp32\libgcc.a(_clzsi2.o)
                0x0000000000008282                __clzsi2
 .text.__assert_func
                0x00000000000082f8       0x3a d:/mounriver/mounriver_studio/toolchain/risc-v embedded gcc/bin/../lib/gcc/riscv-none-embed/8.2.0/../../../../riscv-none-embed/lib/rv32imac/ilp32\libg_nano.a(lib_a-assert.o)
                0x00000000000082f8                __assert_func
 .text.fprintf  0x0000000000008332       0x26 d:/mounriver/mounriver_studio/toolchain/risc-v embedded gcc/bin/../lib/gcc/riscv-none-embed/8.2.0/../../../../riscv-none-embed/lib/rv32imac/ilp32\libg_nano.a(lib_a-fprintf.o)
                0x0000000000008332                fiprintf
                0x0000000000008332                fprintf
 .text.memcpy   0x0000000000008358       0xb6 d:/mounriver/mounriver_studio/toolchain/risc-v embedded gcc/bin/../lib/gcc/riscv-none-embed/8.2.0/../../../../riscv-none-embed/lib/rv32imac/ilp32\libg_nano.a(lib_a-memcpy.o)
                0x0000000000008358                memcpy
 .text.__sfputc_r
                0x000000000000840e       0x28 d:/mounriver/mounriver_studio/toolchain/risc-v embedded gcc/bin/../lib/gcc/riscv-none-embed/8.2.0/../../../../riscv-none-embed/lib/rv32imac/ilp32\libg_nano.a(lib_a-nano-vfprintf.o)
 .text.__sfputs_r
                0x0000000000008436       0x44 d:/mounriver/mounriver_studio/toolchain/risc-v embedded gcc/bin/../lib/gcc/riscv-none-embed/8.2.0/../../../../riscv-none-embed/lib/rv32imac/ilp32\libg_nano.a(lib_a-nano-vfprintf.o)
                0x0000000000008436                __sfputs_r
 .text._vfprintf_r
                0x000000000000847a      0x2a0 d:/mounriver/mounriver_studio/toolchain/risc-v embedded gcc/bin/../lib/gcc/riscv-none-embed/8.2.0/../../../../riscv-none-embed/lib/rv32imac/ilp32\libg_nano.a(lib_a-nano-vfprintf.o)
                0x000000000000847a                _vfprintf_r
                0x000000000000847a                _vfiprintf_r
 .text._printf_common
                0x000000000000871a      0x10c d:/mounriver/mounriver_studio/toolchain/risc-v embedded gcc/bin/../lib/gcc/riscv-none-embed/8.2.0/../../../../riscv-none-embed/lib/rv32imac/ilp32\libg_nano.a(lib_a-nano-vfprintf_i.o)
                0x000000000000871a                _printf_common
 .text._printf_i
                0x0000000000008826      0x2a6 d:/mounriver/mounriver_studio/toolchain/risc-v embedded gcc/bin/../lib/gcc/riscv-none-embed/8.2.0/../../../../riscv-none-embed/lib/rv32imac/ilp32\libg_nano.a(lib_a-nano-vfprintf_i.o)
                0x0000000000008826                _printf_i
 .text.strlen   0x0000000000008acc       0x12 d:/mounriver/mounriver_studio/toolchain/risc-v embedded gcc/bin/../lib/gcc/riscv-none-embed/8.2.0/../../../../riscv-none-embed/lib/rv32imac/ilp32\libg_nano.a(lib_a-strlen.o)
                0x0000000000008acc                strlen
 .text.strncmp  0x0000000000008ade       0x2c d:/mounriver/mounriver_studio/toolchain/risc-v embedded gcc/bin/../lib/gcc/riscv-none-embed/8.2.0/../../../../riscv-none-embed/lib/rv32imac/ilp32\libg_nano.a(lib_a-strncmp.o)
                0x0000000000008ade                strncmp
 .text.strncpy  0x0000000000008b0a       0x24 d:/mounriver/mounriver_studio/toolchain/risc-v embedded gcc/bin/../lib/gcc/riscv-none-embed/8.2.0/../../../../riscv-none-embed/lib/rv32imac/ilp32\libg_nano.a(lib_a-strncpy.o)
                0x0000000000008b0a                strncpy
 .text.__swbuf_r
                0x0000000000008b2e       0xc0 d:/mounriver/mounriver_studio/toolchain/risc-v embedded gcc/bin/../lib/gcc/riscv-none-embed/8.2.0/../../../../riscv-none-embed/lib/rv32imac/ilp32\libg_nano.a(lib_a-wbuf.o)
                0x0000000000008b2e                __swbuf_r
 .text.__swsetup_r
                0x0000000000008bee      0x10c d:/mounriver/mounriver_studio/toolchain/risc-v embedded gcc/bin/../lib/gcc/riscv-none-embed/8.2.0/../../../../riscv-none-embed/lib/rv32imac/ilp32\libg_nano.a(lib_a-wsetup.o)
                0x0000000000008bee                __swsetup_r
 .text.abort    0x0000000000008cfa        0xe d:/mounriver/mounriver_studio/toolchain/risc-v embedded gcc/bin/../lib/gcc/riscv-none-embed/8.2.0/../../../../riscv-none-embed/lib/rv32imac/ilp32\libg_nano.a(lib_a-abort.o)
                0x0000000000008cfa                abort
 .text.__sflush_r
                0x0000000000008d08      0x13c d:/mounriver/mounriver_studio/toolchain/risc-v embedded gcc/bin/../lib/gcc/riscv-none-embed/8.2.0/../../../../riscv-none-embed/lib/rv32imac/ilp32\libg_nano.a(lib_a-fflush.o)
                0x0000000000008d08                __sflush_r
 .text._fflush_r
                0x0000000000008e44       0x66 d:/mounriver/mounriver_studio/toolchain/risc-v embedded gcc/bin/../lib/gcc/riscv-none-embed/8.2.0/../../../../riscv-none-embed/lib/rv32imac/ilp32\libg_nano.a(lib_a-fflush.o)
                0x0000000000008e44                _fflush_r
 .text.std      0x0000000000008eaa       0x6a d:/mounriver/mounriver_studio/toolchain/risc-v embedded gcc/bin/../lib/gcc/riscv-none-embed/8.2.0/../../../../riscv-none-embed/lib/rv32imac/ilp32\libg_nano.a(lib_a-findfp.o)
 .text._cleanup_r
                0x0000000000008f14        0xa d:/mounriver/mounriver_studio/toolchain/risc-v embedded gcc/bin/../lib/gcc/riscv-none-embed/8.2.0/../../../../riscv-none-embed/lib/rv32imac/ilp32\libg_nano.a(lib_a-findfp.o)
                0x0000000000008f14                _cleanup_r
 .text.__sfmoreglue
                0x0000000000008f1e       0x46 d:/mounriver/mounriver_studio/toolchain/risc-v embedded gcc/bin/../lib/gcc/riscv-none-embed/8.2.0/../../../../riscv-none-embed/lib/rv32imac/ilp32\libg_nano.a(lib_a-findfp.o)
                0x0000000000008f1e                __sfmoreglue
 .text.__sinit  0x0000000000008f64       0x6c d:/mounriver/mounriver_studio/toolchain/risc-v embedded gcc/bin/../lib/gcc/riscv-none-embed/8.2.0/../../../../riscv-none-embed/lib/rv32imac/ilp32\libg_nano.a(lib_a-findfp.o)
                0x0000000000008f64                __sinit
 .text.__sfp    0x0000000000008fd0       0xa0 d:/mounriver/mounriver_studio/toolchain/risc-v embedded gcc/bin/../lib/gcc/riscv-none-embed/8.2.0/../../../../riscv-none-embed/lib/rv32imac/ilp32\libg_nano.a(lib_a-findfp.o)
                0x0000000000008fd0                __sfp
 .text._fwalk_reent
                0x0000000000009070       0x6c d:/mounriver/mounriver_studio/toolchain/risc-v embedded gcc/bin/../lib/gcc/riscv-none-embed/8.2.0/../../../../riscv-none-embed/lib/rv32imac/ilp32\libg_nano.a(lib_a-fwalk.o)
                0x0000000000009070                _fwalk_reent
 .text.__swhatbuf_r
                0x00000000000090dc       0x58 d:/mounriver/mounriver_studio/toolchain/risc-v embedded gcc/bin/../lib/gcc/riscv-none-embed/8.2.0/../../../../riscv-none-embed/lib/rv32imac/ilp32\libg_nano.a(lib_a-makebuf.o)
                0x00000000000090dc                __swhatbuf_r
 .text.__smakebuf_r
                0x0000000000009134       0x9e d:/mounriver/mounriver_studio/toolchain/risc-v embedded gcc/bin/../lib/gcc/riscv-none-embed/8.2.0/../../../../riscv-none-embed/lib/rv32imac/ilp32\libg_nano.a(lib_a-makebuf.o)
                0x0000000000009134                __smakebuf_r
 .text.memchr   0x00000000000091d2       0x1a d:/mounriver/mounriver_studio/toolchain/risc-v embedded gcc/bin/../lib/gcc/riscv-none-embed/8.2.0/../../../../riscv-none-embed/lib/rv32imac/ilp32\libg_nano.a(lib_a-memchr.o)
                0x00000000000091d2                memchr
 .text._free_r  0x00000000000091ec       0xa4 d:/mounriver/mounriver_studio/toolchain/risc-v embedded gcc/bin/../lib/gcc/riscv-none-embed/8.2.0/../../../../riscv-none-embed/lib/rv32imac/ilp32\libg_nano.a(lib_a-nano-freer.o)
                0x00000000000091ec                _free_r
 .text._malloc_r
                0x0000000000009290       0xce d:/mounriver/mounriver_studio/toolchain/risc-v embedded gcc/bin/../lib/gcc/riscv-none-embed/8.2.0/../../../../riscv-none-embed/lib/rv32imac/ilp32\libg_nano.a(lib_a-nano-mallocr.o)
                0x0000000000009290                _malloc_r
 .text._sbrk_r  0x000000000000935e       0x30 d:/mounriver/mounriver_studio/toolchain/risc-v embedded gcc/bin/../lib/gcc/riscv-none-embed/8.2.0/../../../../riscv-none-embed/lib/rv32imac/ilp32\libg_nano.a(lib_a-sbrkr.o)
                0x000000000000935e                _sbrk_r
 .text._raise_r
                0x000000000000938e       0x62 d:/mounriver/mounriver_studio/toolchain/risc-v embedded gcc/bin/../lib/gcc/riscv-none-embed/8.2.0/../../../../riscv-none-embed/lib/rv32imac/ilp32\libg_nano.a(lib_a-signal.o)
                0x000000000000938e                _raise_r
 .text.raise    0x00000000000093f0        0xc d:/mounriver/mounriver_studio/toolchain/risc-v embedded gcc/bin/../lib/gcc/riscv-none-embed/8.2.0/../../../../riscv-none-embed/lib/rv32imac/ilp32\libg_nano.a(lib_a-signal.o)
                0x00000000000093f0                raise
 .text._kill_r  0x00000000000093fc       0x32 d:/mounriver/mounriver_studio/toolchain/risc-v embedded gcc/bin/../lib/gcc/riscv-none-embed/8.2.0/../../../../riscv-none-embed/lib/rv32imac/ilp32\libg_nano.a(lib_a-signalr.o)
                0x00000000000093fc                _kill_r
 .text._getpid_r
                0x000000000000942e        0x2 d:/mounriver/mounriver_studio/toolchain/risc-v embedded gcc/bin/../lib/gcc/riscv-none-embed/8.2.0/../../../../riscv-none-embed/lib/rv32imac/ilp32\libg_nano.a(lib_a-signalr.o)
                0x000000000000942e                _getpid_r
 .text.__sread  0x0000000000009430       0x30 d:/mounriver/mounriver_studio/toolchain/risc-v embedded gcc/bin/../lib/gcc/riscv-none-embed/8.2.0/../../../../riscv-none-embed/lib/rv32imac/ilp32\libg_nano.a(lib_a-stdio.o)
                0x0000000000009430                __sread
 .text.__swrite
                0x0000000000009460       0x4e d:/mounriver/mounriver_studio/toolchain/risc-v embedded gcc/bin/../lib/gcc/riscv-none-embed/8.2.0/../../../../riscv-none-embed/lib/rv32imac/ilp32\libg_nano.a(lib_a-stdio.o)
                0x0000000000009460                __swrite
 .text.__sseek  0x00000000000094ae       0x36 d:/mounriver/mounriver_studio/toolchain/risc-v embedded gcc/bin/../lib/gcc/riscv-none-embed/8.2.0/../../../../riscv-none-embed/lib/rv32imac/ilp32\libg_nano.a(lib_a-stdio.o)
                0x00000000000094ae                __sseek
 .text.__sclose
                0x00000000000094e4        0x6 d:/mounriver/mounriver_studio/toolchain/risc-v embedded gcc/bin/../lib/gcc/riscv-none-embed/8.2.0/../../../../riscv-none-embed/lib/rv32imac/ilp32\libg_nano.a(lib_a-stdio.o)
                0x00000000000094e4                __sclose
 .text._write_r
                0x00000000000094ea       0x36 d:/mounriver/mounriver_studio/toolchain/risc-v embedded gcc/bin/../lib/gcc/riscv-none-embed/8.2.0/../../../../riscv-none-embed/lib/rv32imac/ilp32\libg_nano.a(lib_a-writer.o)
                0x00000000000094ea                _write_r
 .text._close_r
                0x0000000000009520       0x30 d:/mounriver/mounriver_studio/toolchain/risc-v embedded gcc/bin/../lib/gcc/riscv-none-embed/8.2.0/../../../../riscv-none-embed/lib/rv32imac/ilp32\libg_nano.a(lib_a-closer.o)
                0x0000000000009520                _close_r
 .text._fstat_r
                0x0000000000009550       0x32 d:/mounriver/mounriver_studio/toolchain/risc-v embedded gcc/bin/../lib/gcc/riscv-none-embed/8.2.0/../../../../riscv-none-embed/lib/rv32imac/ilp32\libg_nano.a(lib_a-fstatr.o)
                0x0000000000009550                _fstat_r
 .text._isatty_r
                0x0000000000009582       0x30 d:/mounriver/mounriver_studio/toolchain/risc-v embedded gcc/bin/../lib/gcc/riscv-none-embed/8.2.0/../../../../riscv-none-embed/lib/rv32imac/ilp32\libg_nano.a(lib_a-isattyr.o)
                0x0000000000009582                _isatty_r
 .text._lseek_r
                0x00000000000095b2       0x34 d:/mounriver/mounriver_studio/toolchain/risc-v embedded gcc/bin/../lib/gcc/riscv-none-embed/8.2.0/../../../../riscv-none-embed/lib/rv32imac/ilp32\libg_nano.a(lib_a-lseekr.o)
                0x00000000000095b2                _lseek_r
 .text.__malloc_lock
                0x00000000000095e6        0x2 d:/mounriver/mounriver_studio/toolchain/risc-v embedded gcc/bin/../lib/gcc/riscv-none-embed/8.2.0/../../../../riscv-none-embed/lib/rv32imac/ilp32\libg_nano.a(lib_a-mlock.o)
                0x00000000000095e6                __malloc_lock
 .text.__malloc_unlock
                0x00000000000095e8        0x2 d:/mounriver/mounriver_studio/toolchain/risc-v embedded gcc/bin/../lib/gcc/riscv-none-embed/8.2.0/../../../../riscv-none-embed/lib/rv32imac/ilp32\libg_nano.a(lib_a-mlock.o)
                0x00000000000095e8                __malloc_unlock
 .text._read_r  0x00000000000095ea       0x34 d:/mounriver/mounriver_studio/toolchain/risc-v embedded gcc/bin/../lib/gcc/riscv-none-embed/8.2.0/../../../../riscv-none-embed/lib/rv32imac/ilp32\libg_nano.a(lib_a-readr.o)
                0x00000000000095ea                _read_r
 .text._close   0x000000000000961e       0x10 d:/mounriver/mounriver_studio/toolchain/risc-v embedded gcc/bin/../lib/gcc/riscv-none-embed/8.2.0/../../../../riscv-none-embed/lib/rv32imac/ilp32\libnosys.a(close.o)
                0x000000000000961e                _close
 .text._fstat   0x000000000000962e       0x10 d:/mounriver/mounriver_studio/toolchain/risc-v embedded gcc/bin/../lib/gcc/riscv-none-embed/8.2.0/../../../../riscv-none-embed/lib/rv32imac/ilp32\libnosys.a(fstat.o)
                0x000000000000962e                _fstat
 .text._getpid  0x000000000000963e       0x10 d:/mounriver/mounriver_studio/toolchain/risc-v embedded gcc/bin/../lib/gcc/riscv-none-embed/8.2.0/../../../../riscv-none-embed/lib/rv32imac/ilp32\libnosys.a(getpid.o)
                0x000000000000963e                _getpid
 .text._isatty  0x000000000000964e       0x10 d:/mounriver/mounriver_studio/toolchain/risc-v embedded gcc/bin/../lib/gcc/riscv-none-embed/8.2.0/../../../../riscv-none-embed/lib/rv32imac/ilp32\libnosys.a(isatty.o)
                0x000000000000964e                _isatty
 .text._kill    0x000000000000965e       0x10 d:/mounriver/mounriver_studio/toolchain/risc-v embedded gcc/bin/../lib/gcc/riscv-none-embed/8.2.0/../../../../riscv-none-embed/lib/rv32imac/ilp32\libnosys.a(kill.o)
                0x000000000000965e                _kill
 .text._lseek   0x000000000000966e       0x10 d:/mounriver/mounriver_studio/toolchain/risc-v embedded gcc/bin/../lib/gcc/riscv-none-embed/8.2.0/../../../../riscv-none-embed/lib/rv32imac/ilp32\libnosys.a(lseek.o)
                0x000000000000966e                _lseek
 .text._read    0x000000000000967e       0x10 d:/mounriver/mounriver_studio/toolchain/risc-v embedded gcc/bin/../lib/gcc/riscv-none-embed/8.2.0/../../../../riscv-none-embed/lib/rv32imac/ilp32\libnosys.a(read.o)
                0x000000000000967e                _read
 .text._sbrk    0x000000000000968e       0x24 d:/mounriver/mounriver_studio/toolchain/risc-v embedded gcc/bin/../lib/gcc/riscv-none-embed/8.2.0/../../../../riscv-none-embed/lib/rv32imac/ilp32\libnosys.a(sbrk.o)
                0x000000000000968e                _sbrk
 .text._exit    0x00000000000096b2        0x2 d:/mounriver/mounriver_studio/toolchain/risc-v embedded gcc/bin/../lib/gcc/riscv-none-embed/8.2.0/../../../../riscv-none-embed/lib/rv32imac/ilp32\libnosys.a(_exit.o)
                0x00000000000096b2                _exit
 *(.rodata)
 *(.rodata*)
 *fill*         0x00000000000096b4        0x0 
 .rodata.main.str1.4
                0x00000000000096b4        0x7 ./USER/main.o
 *fill*         0x00000000000096bb        0x1 
 .rodata.tft_ascii
                0x00000000000096bc      0x5f0 ./Libraries/seekfree_peripheral/SEEKFREE_FONT.o
                0x00000000000096bc                tft_ascii
 .rodata.ips114_showint32.str1.4
                0x0000000000009cac        0x3 ./Libraries/seekfree_peripheral/SEEKFREE_IPS114_SPI.o
 *fill*         0x0000000000009caf        0x1 
 .rodata.zf_sprintf
                0x0000000000009cb0      0x150 ./Libraries/seekfree_peripheral/SEEKFREE_PRINTF.o
 *fill*         0x0000000000009e00        0x0 
 .rodata.zf_sprintf.cst8
                0x0000000000009e00        0x8 ./Libraries/seekfree_peripheral/SEEKFREE_PRINTF.o
 .rodata.__func__.3476
                0x0000000000009e08       0x10 ./Libraries/seekfree_libraries/zf_adc.o
 .rodata.adc_mean_filter.str1.4
                0x0000000000009e18       0x31 ./Libraries/seekfree_libraries/zf_adc.o
 *fill*         0x0000000000009e49        0x3 
 .rodata.GPION  0x0000000000009e4c       0x10 ./Libraries/seekfree_libraries/zf_gpio.o
                0x0000000000009e4c                GPION
 .rodata.TIMERN
                0x0000000000009e5c       0x10 ./Libraries/seekfree_libraries/zf_qtimer.o
                0x0000000000009e5c                TIMERN
 .rodata.__func__.3348
                0x0000000000009e6c        0xe ./Libraries/seekfree_libraries/zf_spi.o
 *fill*         0x0000000000009e7a        0x2 
 .rodata.spi_gpio_init.str1.4
                0x0000000000009e7c       0x2d ./Libraries/seekfree_libraries/zf_spi.o
 *fill*         0x0000000000009ea9        0x3 
 .rodata.UARTN  0x0000000000009eac       0x10 ./Libraries/seekfree_libraries/zf_uart.o
                0x0000000000009eac                UARTN
 .rodata.rt_application_init.str1.4
                0x0000000000009ebc        0x5 ./Libraries/rtthread_libraries/src/components.o
 *fill*         0x0000000000009ec1        0x3 
 .rodata.rt_thread_idle_init.str1.4
                0x0000000000009ec4        0x6 ./Libraries/rtthread_libraries/src/idle.o
 *fill*         0x0000000000009eca        0x2 
 .rodata.rt_vsnprintf
                0x0000000000009ecc      0x150 ./Libraries/rtthread_libraries/src/kservice.o
 .rodata.__lowest_bit_bitmap
                0x000000000000a01c      0x100 ./Libraries/rtthread_libraries/src/kservice.o
                0x000000000000a01c                __lowest_bit_bitmap
 .rodata.large_digits.2240
                0x000000000000a11c       0x11 ./Libraries/rtthread_libraries/src/kservice.o
 *fill*         0x000000000000a12d        0x3 
 .rodata.rt_show_version.str1.4
                0x000000000000a130       0x86 ./Libraries/rtthread_libraries/src/kservice.o
 *fill*         0x000000000000a1b6        0x2 
 .rodata.rt_vsnprintf.str1.4
                0x000000000000a1b8        0x7 ./Libraries/rtthread_libraries/src/kservice.o
 *fill*         0x000000000000a1bf        0x1 
 .rodata.small_digits.2239
                0x000000000000a1c0       0x11 ./Libraries/rtthread_libraries/src/kservice.o
 *fill*         0x000000000000a1d1        0x3 
 .rodata.__fsym_list_mem_name
                0x000000000000a1d4        0x9 ./Libraries/rtthread_libraries/src/mem.o
                0x000000000000a1d4                __fsym_list_mem_name
 *fill*         0x000000000000a1dd        0x3 
 .rodata.list_mem.str1.4
                0x000000000000a1e0       0x46 ./Libraries/rtthread_libraries/src/mem.o
 *fill*         0x000000000000a226        0x2 
 .rodata.rt_free.str1.4
                0x000000000000a228       0x4c ./Libraries/rtthread_libraries/src/mem.o
 .rodata.rt_system_heap_init.str1.4
                0x000000000000a274       0x42 ./Libraries/rtthread_libraries/src/mem.o
 *fill*         0x000000000000a2b6        0x2 
 .rodata.__fsym___cmd_list_mailbox_name
                0x000000000000a2b8       0x13 ./Libraries/rtthread_libraries/components/finsh/cmd.o
                0x000000000000a2b8                __fsym___cmd_list_mailbox_name
 *fill*         0x000000000000a2cb        0x1 
 .rodata.__fsym___cmd_list_sem_name
                0x000000000000a2cc        0xf ./Libraries/rtthread_libraries/components/finsh/cmd.o
                0x000000000000a2cc                __fsym___cmd_list_sem_name
 *fill*         0x000000000000a2db        0x1 
 .rodata.__fsym___cmd_list_thread_name
                0x000000000000a2dc       0x12 ./Libraries/rtthread_libraries/components/finsh/cmd.o
                0x000000000000a2dc                __fsym___cmd_list_thread_name
 *fill*         0x000000000000a2ee        0x2 
 .rodata.__fsym___cmd_list_timer_name
                0x000000000000a2f0       0x11 ./Libraries/rtthread_libraries/components/finsh/cmd.o
                0x000000000000a2f0                __fsym___cmd_list_timer_name
 *fill*         0x000000000000a301        0x3 
 .rodata.__fsym___cmd_version_name
                0x000000000000a304        0xe ./Libraries/rtthread_libraries/components/finsh/cmd.o
                0x000000000000a304                __fsym___cmd_version_name
 *fill*         0x000000000000a312        0x2 
 .rodata.__fsym_list_mailbox_name
                0x000000000000a314        0xd ./Libraries/rtthread_libraries/components/finsh/cmd.o
                0x000000000000a314                __fsym_list_mailbox_name
 *fill*         0x000000000000a321        0x3 
 .rodata.__fsym_list_sem_name
                0x000000000000a324        0x9 ./Libraries/rtthread_libraries/components/finsh/cmd.o
                0x000000000000a324                __fsym_list_sem_name
 *fill*         0x000000000000a32d        0x3 
 .rodata.__fsym_list_thread_name
                0x000000000000a330        0xc ./Libraries/rtthread_libraries/components/finsh/cmd.o
                0x000000000000a330                __fsym_list_thread_name
 .rodata.__fsym_list_timer_name
                0x000000000000a33c        0xb ./Libraries/rtthread_libraries/components/finsh/cmd.o
                0x000000000000a33c                __fsym_list_timer_name
 *fill*         0x000000000000a347        0x1 
 .rodata.hello.str1.4
                0x000000000000a348       0x12 ./Libraries/rtthread_libraries/components/finsh/cmd.o
 *fill*         0x000000000000a35a        0x2 
 .rodata.list.str1.4
                0x000000000000a35c       0x1c ./Libraries/rtthread_libraries/components/finsh/cmd.o
 .rodata.list_mailbox.str1.4
                0x000000000000a378       0x76 ./Libraries/rtthread_libraries/components/finsh/cmd.o
                                         0x7a (size before relaxing)
 *fill*         0x000000000000a3ee        0x2 
 .rodata.list_sem.str1.4
                0x000000000000a3f0       0x60 ./Libraries/rtthread_libraries/components/finsh/cmd.o
 .rodata.list_thread.str1.4
                0x000000000000a450      0x100 ./Libraries/rtthread_libraries/components/finsh/cmd.o
 .rodata.list_timer.str1.4
                0x000000000000a550       0x9d ./Libraries/rtthread_libraries/components/finsh/cmd.o
 *fill*         0x000000000000a5ed        0x3 
 .rodata.show_wait_queue.str1.4
                0x000000000000a5f0        0x6 ./Libraries/rtthread_libraries/components/finsh/cmd.o
 *fill*         0x000000000000a5f6        0x2 
 .rodata.__fsym___cmd_free_name
                0x000000000000a5f8        0xb ./Libraries/rtthread_libraries/components/finsh/msh.o
                0x000000000000a5f8                __fsym___cmd_free_name
 *fill*         0x000000000000a603        0x1 
 .rodata.__fsym___cmd_help_name
                0x000000000000a604        0xb ./Libraries/rtthread_libraries/components/finsh/msh.o
                0x000000000000a604                __fsym___cmd_help_name
 *fill*         0x000000000000a60f        0x1 
 .rodata.__fsym___cmd_ps_name
                0x000000000000a610        0x9 ./Libraries/rtthread_libraries/components/finsh/msh.o
                0x000000000000a610                __fsym___cmd_ps_name
 .rodata.msh_auto_complete.str1.4
                0x000000000000a619        0x4 ./Libraries/rtthread_libraries/components/finsh/msh.o
 *fill*         0x000000000000a619        0x3 
 .rodata.msh_exec.str1.4
                0x000000000000a61c       0x38 ./Libraries/rtthread_libraries/components/finsh/msh.o
 .rodata.msh_help.str1.4
                0x000000000000a654       0x28 ./Libraries/rtthread_libraries/components/finsh/msh.o
                                         0x2a (size before relaxing)
 .rodata.finsh_system_init.str1.4
                0x000000000000a67c       0x25 ./Libraries/rtthread_libraries/components/finsh/shell.o
 *fill*         0x000000000000a6a1        0x3 
 .rodata.finsh_thread_entry.str1.4
                0x000000000000a6a4       0x1c ./Libraries/rtthread_libraries/components/finsh/shell.o
                                         0x23 (size before relaxing)
 .rodata.rt_hw_board_init.str1.4
                0x000000000000a6c0        0x8 ./Libraries/board/board.o
 .rodata.button_init.str1.4
                0x000000000000a6c8       0x1f ./CODE/button.o
 *fill*         0x000000000000a6e7        0x1 
 .rodata.buzzer_init.str1.4
                0x000000000000a6e8        0x7 ./CODE/buzzer.o
 *fill*         0x000000000000a6ef        0x1 
 .rodata.display_init.str1.4
                0x000000000000a6f0        0x8 ./CODE/display.o
 .rodata.timer_pit_init.str1.4
                0x000000000000a6f8        0x7 ./CODE/timer_pit.o
 *fill*         0x000000000000a6ff        0x1 
 .rodata.__muldf3
                0x000000000000a700       0x40 d:/mounriver/mounriver_studio/toolchain/risc-v embedded gcc/bin/../lib/gcc/riscv-none-embed/8.2.0/rv32imac/ilp32\libgcc.a(muldf3.o)
 .rodata.__clz_tab
                0x000000000000a740      0x100 d:/mounriver/mounriver_studio/toolchain/risc-v embedded gcc/bin/../lib/gcc/riscv-none-embed/8.2.0/rv32imac/ilp32\libgcc.a(_clz.o)
                0x000000000000a740                __clz_tab
 .rodata.__assert_func.str1.4
                0x000000000000a840       0x3f d:/mounriver/mounriver_studio/toolchain/risc-v embedded gcc/bin/../lib/gcc/riscv-none-embed/8.2.0/../../../../riscv-none-embed/lib/rv32imac/ilp32\libg_nano.a(lib_a-assert.o)
                                         0x43 (size before relaxing)
 *fill*         0x000000000000a87f        0x1 
 .rodata._vfprintf_r.str1.4
                0x000000000000a880       0x13 d:/mounriver/mounriver_studio/toolchain/risc-v embedded gcc/bin/../lib/gcc/riscv-none-embed/8.2.0/../../../../riscv-none-embed/lib/rv32imac/ilp32\libg_nano.a(lib_a-nano-vfprintf.o)
 *fill*         0x000000000000a893        0x1 
 .rodata._printf_i.str1.4
                0x000000000000a894       0x28 d:/mounriver/mounriver_studio/toolchain/risc-v embedded gcc/bin/../lib/gcc/riscv-none-embed/8.2.0/../../../../riscv-none-embed/lib/rv32imac/ilp32\libg_nano.a(lib_a-nano-vfprintf_i.o)
                                         0x25 (size before relaxing)
 .rodata.__sf_fake_stderr
                0x000000000000a8bc       0x20 d:/mounriver/mounriver_studio/toolchain/risc-v embedded gcc/bin/../lib/gcc/riscv-none-embed/8.2.0/../../../../riscv-none-embed/lib/rv32imac/ilp32\libg_nano.a(lib_a-findfp.o)
                0x000000000000a8bc                __sf_fake_stderr
 .rodata.__sf_fake_stdin
                0x000000000000a8dc       0x20 d:/mounriver/mounriver_studio/toolchain/risc-v embedded gcc/bin/../lib/gcc/riscv-none-embed/8.2.0/../../../../riscv-none-embed/lib/rv32imac/ilp32\libg_nano.a(lib_a-findfp.o)
                0x000000000000a8dc                __sf_fake_stdin
 .rodata.__sf_fake_stdout
                0x000000000000a8fc       0x20 d:/mounriver/mounriver_studio/toolchain/risc-v embedded gcc/bin/../lib/gcc/riscv-none-embed/8.2.0/../../../../riscv-none-embed/lib/rv32imac/ilp32\libg_nano.a(lib_a-findfp.o)
                0x000000000000a8fc                __sf_fake_stdout
 *(.glue_7)
 *(.glue_7t)
 *(.gnu.linkonce.t.*)
                0x000000000000a91c                . = ALIGN (0x4)

.rodata         0x000000000000a91c       0x94
                0x000000000000a91c                . = ALIGN (0x4)
 *(.rdata)
 *(.rodata .rodata.*)
                0x000000000000a91c                . = ALIGN (0x4)
                0x000000000000a91c                __rt_init_start = .
 *(SORT_BY_NAME(.rti_fn*))
 .rti_fn.0      0x000000000000a91c        0x4 ./Libraries/rtthread_libraries/src/components.o
                0x000000000000a91c                __rt_init_rti_start
 .rti_fn.0.end  0x000000000000a920        0x4 ./Libraries/rtthread_libraries/src/components.o
                0x000000000000a920                __rt_init_rti_board_start
 .rti_fn.1.end  0x000000000000a924        0x4 ./Libraries/rtthread_libraries/src/components.o
                0x000000000000a924                __rt_init_rti_board_end
 .rti_fn.6      0x000000000000a928        0x4 ./Libraries/rtthread_libraries/components/finsh/shell.o
                0x000000000000a928                __rt_init_finsh_system_init
 .rti_fn.6.end  0x000000000000a92c        0x4 ./Libraries/rtthread_libraries/src/components.o
                0x000000000000a92c                __rt_init_rti_end
                0x000000000000a930                __rt_init_end = .
                0x000000000000a930                . = ALIGN (0x4)
                0x000000000000a930                __fsymtab_start = .
 *(FSymTab)
 FSymTab        0x000000000000a930        0x8 ./Libraries/rtthread_libraries/src/mem.o
                0x000000000000a930                __fsym_list_mem
 FSymTab        0x000000000000a938       0x60 ./Libraries/rtthread_libraries/components/finsh/cmd.o
                0x000000000000a938                __fsym_list
                0x000000000000a940                __fsym___cmd_list_timer
                0x000000000000a948                __fsym_list_timer
                0x000000000000a950                __fsym___cmd_list_mailbox
                0x000000000000a958                __fsym_list_mailbox
                0x000000000000a960                __fsym___cmd_list_sem
                0x000000000000a968                __fsym_list_sem
                0x000000000000a970                __fsym___cmd_list_thread
                0x000000000000a978                __fsym_list_thread
                0x000000000000a980                __fsym___cmd_version
                0x000000000000a988                __fsym_version
                0x000000000000a990                __fsym_hello
 FSymTab        0x000000000000a998       0x18 ./Libraries/rtthread_libraries/components/finsh/msh.o
                0x000000000000a998                __fsym___cmd_free
                0x000000000000a9a0                __fsym___cmd_ps
                0x000000000000a9a8                __fsym___cmd_help
                0x000000000000a9b0                __fsymtab_end = .
                0x000000000000a9b0                . = ALIGN (0x4)
                0x000000000000a9b0                __vsymtab_start = .
 *(VSymTab)
                0x000000000000a9b0                __vsymtab_end = .
 *(.gnu.linkonce.r.*)
                0x000000000000a9b0                . = ALIGN (0x8)
 *(.srodata.cst16)
 *(.srodata.cst8)
 *(.srodata.cst4)
 *(.srodata.cst2)
 *(.srodata .srodata.*)

.rela.dyn       0x000000000000a9b0        0x0
 .rela.init     0x000000000000a9b0        0x0 ./USER/isr.o
 .rela.vector   0x000000000000a9b0        0x0 ./USER/isr.o
 .rela.text.handle_reset
                0x000000000000a9b0        0x0 ./USER/isr.o
 .rela.text     0x000000000000a9b0        0x0 ./USER/isr.o
 .rela.text.finsh_system_init
                0x000000000000a9b0        0x0 ./USER/isr.o
 .rela.text.rt_hw_board_init
                0x000000000000a9b0        0x0 ./USER/isr.o
 .rela.text._vfprintf_r
                0x000000000000a9b0        0x0 ./USER/isr.o
 .rela.text._sbrk_r
                0x000000000000a9b0        0x0 ./USER/isr.o
 .rela.text._kill_r
                0x000000000000a9b0        0x0 ./USER/isr.o
 .rela.text._write_r
                0x000000000000a9b0        0x0 ./USER/isr.o
 .rela.text._close_r
                0x000000000000a9b0        0x0 ./USER/isr.o
 .rela.text._fstat_r
                0x000000000000a9b0        0x0 ./USER/isr.o
 .rela.text._isatty_r
                0x000000000000a9b0        0x0 ./USER/isr.o
 .rela.text._lseek_r
                0x000000000000a9b0        0x0 ./USER/isr.o
 .rela.text._read_r
                0x000000000000a9b0        0x0 ./USER/isr.o
 .rela.text._close
                0x000000000000a9b0        0x0 ./USER/isr.o
 .rela.text._fstat
                0x000000000000a9b0        0x0 ./USER/isr.o
 .rela.text._getpid
                0x000000000000a9b0        0x0 ./USER/isr.o
 .rela.text._isatty
                0x000000000000a9b0        0x0 ./USER/isr.o
 .rela.text._kill
                0x000000000000a9b0        0x0 ./USER/isr.o
 .rela.text._lseek
                0x000000000000a9b0        0x0 ./USER/isr.o
 .rela.text._read
                0x000000000000a9b0        0x0 ./USER/isr.o
 .rela.text._sbrk
                0x000000000000a9b0        0x0 ./USER/isr.o

.fini           0x000000000000a9b0        0x0
 *(SORT_NONE(.fini))
                0x000000000000a9b0                . = ALIGN (0x4)
                [!provide]                        PROVIDE (_etext = .)
                [!provide]                        PROVIDE (_eitcm = .)

.preinit_array  0x000000000000a9b0        0x0
                [!provide]                        PROVIDE (__preinit_array_start = .)
 *(.preinit_array)
                [!provide]                        PROVIDE (__preinit_array_end = .)

.init_array     0x000000000000a9b0        0x0
                [!provide]                        PROVIDE (__init_array_start = .)
 *(SORT_BY_INIT_PRIORITY(.init_array.*) SORT_BY_INIT_PRIORITY(.ctors.*))
 *(.init_array EXCLUDE_FILE(*crtend?.o *crtend.o *crtbegin?.o *crtbegin.o) .ctors)
                [!provide]                        PROVIDE (__init_array_end = .)

.fini_array     0x000000000000a9b0        0x0
                [!provide]                        PROVIDE (__fini_array_start = .)
 *(SORT_BY_INIT_PRIORITY(.fini_array.*) SORT_BY_INIT_PRIORITY(.dtors.*))
 *(.fini_array EXCLUDE_FILE(*crtend?.o *crtend.o *crtbegin?.o *crtbegin.o) .dtors)
                [!provide]                        PROVIDE (__fini_array_end = .)

.ctors
 *crtbegin.o(.ctors)
 *crtbegin?.o(.ctors)
 *(EXCLUDE_FILE(*crtend?.o *crtend.o) .ctors)
 *(SORT_BY_NAME(.ctors.*))
 *(.ctors)

.dtors
 *crtbegin.o(.dtors)
 *crtbegin?.o(.dtors)
 *(EXCLUDE_FILE(*crtend?.o *crtend.o) .dtors)
 *(SORT_BY_NAME(.dtors.*))
 *(.dtors)

.dalign         0x0000000020000000        0x0 load address 0x000000000000a9b0
                0x0000000020000000                . = ALIGN (0x4)
                0x0000000020000000                PROVIDE (_data_vma = .)

.dlalign        0x000000000000a9b0        0x0
                0x000000000000a9b0                . = ALIGN (0x4)
                0x000000000000a9b0                PROVIDE (_data_lma = .)

.data           0x0000000020000000      0x130 load address 0x000000000000a9b0
 *(.gnu.linkonce.r.*)
 *(.data .data.*)
 .data.APBAHBPrescTable
                0x0000000020000000       0x10 ./Libraries/wch_libraries/Peripheral/ch32v10x_rcc.o
 .data.GET_CFG  0x0000000020000010       0x20 ./Libraries/seekfree_peripheral/SEEKFREE_MT9V03X.o
                0x0000000020000010                GET_CFG
 .data.MT9V03X_CFG
                0x0000000020000030       0x24 ./Libraries/seekfree_peripheral/SEEKFREE_MT9V03X.o
                0x0000000020000030                MT9V03X_CFG
 .data.rt_object_container
                0x0000000020000054       0x40 ./Libraries/rtthread_libraries/src/object.o
 .data.impure_data
                0x0000000020000094       0x60 d:/mounriver/mounriver_studio/toolchain/risc-v embedded gcc/bin/../lib/gcc/riscv-none-embed/8.2.0/../../../../riscv-none-embed/lib/rv32imac/ilp32\libg_nano.a(lib_a-impure.o)
 *(.gnu.linkonce.d.*)
                0x00000000200000f8                . = ALIGN (0x8)
 *fill*         0x00000000200000f4        0x4 
                0x00000000200008f8                PROVIDE (__global_pointer$ = (. + 0x800))
 *(.sdata .sdata.*)
 .sdata.ADCPrescTable
                0x00000000200000f8        0x4 ./Libraries/wch_libraries/Peripheral/ch32v10x_rcc.o
 .sdata.camera_type
                0x00000000200000fc        0x4 ./Libraries/seekfree_libraries/common.o
                0x00000000200000fc                camera_type
 .sdata.key1_status
                0x0000000020000100        0x1 ./CODE/button.o
                0x0000000020000100                key1_status
 .sdata.key2_status
                0x0000000020000101        0x1 ./CODE/button.o
                0x0000000020000101                key2_status
 .sdata.key3_status
                0x0000000020000102        0x1 ./CODE/button.o
                0x0000000020000102                key3_status
 *fill*         0x0000000020000103        0x1 
 .sdata._impure_ptr
                0x0000000020000104        0x4 d:/mounriver/mounriver_studio/toolchain/risc-v embedded gcc/bin/../lib/gcc/riscv-none-embed/8.2.0/../../../../riscv-none-embed/lib/rv32imac/ilp32\libg_nano.a(lib_a-impure.o)
                0x0000000020000104                _impure_ptr
 *(.sdata2.*)
 .sdata2.SPIN   0x0000000020000108        0x8 ./Libraries/seekfree_libraries/zf_spi.o